graph: { title: "D:\programming\ada_projects\Ada_Drivers_Library\middleware\src\bitmap\bitmap_color_conversion.adb"
node: { title: "memcpy" label: "builtin_memcpy\n<built-in>" shape : ellipse }
node: { title: "__gnat_last_chance_handler" label: "Last_Chance_Handler\nD:\gnat\2018-arm-elf\arm-eabi\lib\gnat\ravenscar-sfp-microbit\gnat\a-except.adb:43:17" shape : ellipse }
node: { title: "__gnat_last_chance_handler" label: "gnat_last_chance_handler\n<built-in>" shape : ellipse }
node: { title: "bitmap_color_conversion__word_to_bitmap_color" label: "Word_To_Bitmap_Color\nD:\programming\ada_projects\Ada_Drivers_Library\middleware\src\bitmap\bitmap_color_conversion.adb:139:4\n48 bytes (static)" }
edge: { sourcename: "bitmap_color_conversion__word_to_bitmap_color" targetname: "D:\programming\ada_projects\Ada_Drivers_Library\middleware\src\bitmap\bitmap_color_conversion.adb:bitmap_color_conversion__word_to_bitmap_color__get_uint8.4224" label: "D:\programming\ada_projects\Ada_Drivers_Library\middleware\src\bitmap\bitmap_color_conversion.adb:236:15" }
edge: { sourcename: "bitmap_color_conversion__word_to_bitmap_color" targetname: "D:\programming\ada_projects\Ada_Drivers_Library\middleware\src\bitmap\bitmap_color_conversion.adb:bitmap_color_conversion__word_to_bitmap_color__get_uint8.4224" label: "D:\programming\ada_projects\Ada_Drivers_Library\middleware\src\bitmap\bitmap_color_conversion.adb:230:15" }
edge: { sourcename: "bitmap_color_conversion__word_to_bitmap_color" targetname: "D:\programming\ada_projects\Ada_Drivers_Library\middleware\src\bitmap\bitmap_color_conversion.adb:bitmap_color_conversion__word_to_bitmap_color__get_uint8.4224" label: "D:\programming\ada_projects\Ada_Drivers_Library\middleware\src\bitmap\bitmap_color_conversion.adb:225:15" }
edge: { sourcename: "bitmap_color_conversion__word_to_bitmap_color" targetname: "D:\programming\ada_projects\Ada_Drivers_Library\middleware\src\bitmap\bitmap_color_conversion.adb:bitmap_color_conversion__word_to_bitmap_color__get_uint8.4224" label: "D:\programming\ada_projects\Ada_Drivers_Library\middleware\src\bitmap\bitmap_color_conversion.adb:219:15" }
edge: { sourcename: "bitmap_color_conversion__word_to_bitmap_color" targetname: "D:\programming\ada_projects\Ada_Drivers_Library\middleware\src\bitmap\bitmap_color_conversion.adb:bitmap_color_conversion__word_to_bitmap_color__get_uint8.4224" label: "D:\programming\ada_projects\Ada_Drivers_Library\middleware\src\bitmap\bitmap_color_conversion.adb:218:15" }
edge: { sourcename: "bitmap_color_conversion__word_to_bitmap_color" targetname: "D:\programming\ada_projects\Ada_Drivers_Library\middleware\src\bitmap\bitmap_color_conversion.adb:bitmap_color_conversion__word_to_bitmap_color__get_uint8.4224" label: "D:\programming\ada_projects\Ada_Drivers_Library\middleware\src\bitmap\bitmap_color_conversion.adb:213:15" }
edge: { sourcename: "bitmap_color_conversion__word_to_bitmap_color" targetname: "D:\programming\ada_projects\Ada_Drivers_Library\middleware\src\bitmap\bitmap_color_conversion.adb:bitmap_color_conversion__word_to_bitmap_color__get_uint8.4224" label: "D:\programming\ada_projects\Ada_Drivers_Library\middleware\src\bitmap\bitmap_color_conversion.adb:212:15" }
edge: { sourcename: "bitmap_color_conversion__word_to_bitmap_color" targetname: "D:\programming\ada_projects\Ada_Drivers_Library\middleware\src\bitmap\bitmap_color_conversion.adb:bitmap_color_conversion__word_to_bitmap_color__get_uint8.4224" label: "D:\programming\ada_projects\Ada_Drivers_Library\middleware\src\bitmap\bitmap_color_conversion.adb:207:15" }
edge: { sourcename: "bitmap_color_conversion__word_to_bitmap_color" targetname: "D:\programming\ada_projects\Ada_Drivers_Library\middleware\src\bitmap\bitmap_color_conversion.adb:bitmap_color_conversion__word_to_bitmap_color__get_uint8.4224" label: "D:\programming\ada_projects\Ada_Drivers_Library\middleware\src\bitmap\bitmap_color_conversion.adb:203:15" }
edge: { sourcename: "bitmap_color_conversion__word_to_bitmap_color" targetname: "D:\programming\ada_projects\Ada_Drivers_Library\middleware\src\bitmap\bitmap_color_conversion.adb:bitmap_color_conversion__word_to_bitmap_color__get_uint8.4224" label: "D:\programming\ada_projects\Ada_Drivers_Library\middleware\src\bitmap\bitmap_color_conversion.adb:202:15" }
edge: { sourcename: "bitmap_color_conversion__word_to_bitmap_color" targetname: "D:\programming\ada_projects\Ada_Drivers_Library\middleware\src\bitmap\bitmap_color_conversion.adb:bitmap_color_conversion__word_to_bitmap_color__get_uint8.4224" label: "D:\programming\ada_projects\Ada_Drivers_Library\middleware\src\bitmap\bitmap_color_conversion.adb:201:15" }
edge: { sourcename: "bitmap_color_conversion__word_to_bitmap_color" targetname: "D:\programming\ada_projects\Ada_Drivers_Library\middleware\src\bitmap\bitmap_color_conversion.adb:bitmap_color_conversion__word_to_bitmap_color__get_uint8.4224" label: "D:\programming\ada_projects\Ada_Drivers_Library\middleware\src\bitmap\bitmap_color_conversion.adb:200:15" }
edge: { sourcename: "bitmap_color_conversion__word_to_bitmap_color" targetname: "D:\programming\ada_projects\Ada_Drivers_Library\middleware\src\bitmap\bitmap_color_conversion.adb:bitmap_color_conversion__word_to_bitmap_color__get_uint8.4224" label: "D:\programming\ada_projects\Ada_Drivers_Library\middleware\src\bitmap\bitmap_color_conversion.adb:197:15" }
edge: { sourcename: "bitmap_color_conversion__word_to_bitmap_color" targetname: "D:\programming\ada_projects\Ada_Drivers_Library\middleware\src\bitmap\bitmap_color_conversion.adb:bitmap_color_conversion__word_to_bitmap_color__get_uint8.4224" label: "D:\programming\ada_projects\Ada_Drivers_Library\middleware\src\bitmap\bitmap_color_conversion.adb:196:15" }
edge: { sourcename: "bitmap_color_conversion__word_to_bitmap_color" targetname: "D:\programming\ada_projects\Ada_Drivers_Library\middleware\src\bitmap\bitmap_color_conversion.adb:bitmap_color_conversion__word_to_bitmap_color__get_uint8.4224" label: "D:\programming\ada_projects\Ada_Drivers_Library\middleware\src\bitmap\bitmap_color_conversion.adb:195:15" }
edge: { sourcename: "bitmap_color_conversion__word_to_bitmap_color" targetname: "D:\programming\ada_projects\Ada_Drivers_Library\middleware\src\bitmap\bitmap_color_conversion.adb:bitmap_color_conversion__word_to_bitmap_color__get_uint8.4224" label: "D:\programming\ada_projects\Ada_Drivers_Library\middleware\src\bitmap\bitmap_color_conversion.adb:194:15" }
edge: { sourcename: "bitmap_color_conversion__word_to_bitmap_color" targetname: "D:\programming\ada_projects\Ada_Drivers_Library\middleware\src\bitmap\bitmap_color_conversion.adb:bitmap_color_conversion__word_to_bitmap_color__get_uint8.4224" label: "D:\programming\ada_projects\Ada_Drivers_Library\middleware\src\bitmap\bitmap_color_conversion.adb:191:15" }
edge: { sourcename: "bitmap_color_conversion__word_to_bitmap_color" targetname: "D:\programming\ada_projects\Ada_Drivers_Library\middleware\src\bitmap\bitmap_color_conversion.adb:bitmap_color_conversion__word_to_bitmap_color__get_uint8.4224" label: "D:\programming\ada_projects\Ada_Drivers_Library\middleware\src\bitmap\bitmap_color_conversion.adb:190:15" }
edge: { sourcename: "bitmap_color_conversion__word_to_bitmap_color" targetname: "D:\programming\ada_projects\Ada_Drivers_Library\middleware\src\bitmap\bitmap_color_conversion.adb:bitmap_color_conversion__word_to_bitmap_color__get_uint8.4224" label: "D:\programming\ada_projects\Ada_Drivers_Library\middleware\src\bitmap\bitmap_color_conversion.adb:189:15" }
edge: { sourcename: "bitmap_color_conversion__word_to_bitmap_color" targetname: "D:\programming\ada_projects\Ada_Drivers_Library\middleware\src\bitmap\bitmap_color_conversion.adb:bitmap_color_conversion__word_to_bitmap_color__get_uint8.4224" label: "D:\programming\ada_projects\Ada_Drivers_Library\middleware\src\bitmap\bitmap_color_conversion.adb:185:15" }
edge: { sourcename: "bitmap_color_conversion__word_to_bitmap_color" targetname: "D:\programming\ada_projects\Ada_Drivers_Library\middleware\src\bitmap\bitmap_color_conversion.adb:bitmap_color_conversion__word_to_bitmap_color__get_uint8.4224" label: "D:\programming\ada_projects\Ada_Drivers_Library\middleware\src\bitmap\bitmap_color_conversion.adb:184:15" }
edge: { sourcename: "bitmap_color_conversion__word_to_bitmap_color" targetname: "D:\programming\ada_projects\Ada_Drivers_Library\middleware\src\bitmap\bitmap_color_conversion.adb:bitmap_color_conversion__word_to_bitmap_color__get_uint8.4224" label: "D:\programming\ada_projects\Ada_Drivers_Library\middleware\src\bitmap\bitmap_color_conversion.adb:183:15" }
edge: { sourcename: "bitmap_color_conversion__word_to_bitmap_color" targetname: "D:\programming\ada_projects\Ada_Drivers_Library\middleware\src\bitmap\bitmap_color_conversion.adb:bitmap_color_conversion__word_to_bitmap_color__get_uint8.4224" label: "D:\programming\ada_projects\Ada_Drivers_Library\middleware\src\bitmap\bitmap_color_conversion.adb:179:15" }
edge: { sourcename: "bitmap_color_conversion__word_to_bitmap_color" targetname: "D:\programming\ada_projects\Ada_Drivers_Library\middleware\src\bitmap\bitmap_color_conversion.adb:bitmap_color_conversion__word_to_bitmap_color__get_uint8.4224" label: "D:\programming\ada_projects\Ada_Drivers_Library\middleware\src\bitmap\bitmap_color_conversion.adb:178:15" }
edge: { sourcename: "bitmap_color_conversion__word_to_bitmap_color" targetname: "D:\programming\ada_projects\Ada_Drivers_Library\middleware\src\bitmap\bitmap_color_conversion.adb:bitmap_color_conversion__word_to_bitmap_color__get_uint8.4224" label: "D:\programming\ada_projects\Ada_Drivers_Library\middleware\src\bitmap\bitmap_color_conversion.adb:177:15" }
edge: { sourcename: "bitmap_color_conversion__word_to_bitmap_color" targetname: "D:\programming\ada_projects\Ada_Drivers_Library\middleware\src\bitmap\bitmap_color_conversion.adb:bitmap_color_conversion__word_to_bitmap_color__get_uint8.4224" label: "D:\programming\ada_projects\Ada_Drivers_Library\middleware\src\bitmap\bitmap_color_conversion.adb:176:15" }
edge: { sourcename: "bitmap_color_conversion__word_to_bitmap_color" targetname: "__gnat_last_chance_handler" label: "D:\programming\ada_projects\Ada_Drivers_Library\middleware\src\bitmap\bitmap_color_conversion.adb:174:12" }
node: { title: "D:\programming\ada_projects\Ada_Drivers_Library\middleware\src\bitmap\bitmap_color_conversion.adb:bitmap_color_conversion__word_to_bitmap_color__get_uint8.4224" label: "Get_Uint8\nD:\programming\ada_projects\Ada_Drivers_Library\middleware\src\bitmap\bitmap_color_conversion.adb:151:7\n112 bytes (dynamic)" }
edge: { sourcename: "D:\programming\ada_projects\Ada_Drivers_Library\middleware\src\bitmap\bitmap_color_conversion.adb:bitmap_color_conversion__word_to_bitmap_color__get_uint8.4224" targetname: "__gnat_last_chance_handler" label: "D:\programming\ada_projects\Ada_Drivers_Library\middleware\src\bitmap\bitmap_color_conversion.adb:168:13" }
edge: { sourcename: "D:\programming\ada_projects\Ada_Drivers_Library\middleware\src\bitmap\bitmap_color_conversion.adb:bitmap_color_conversion__word_to_bitmap_color__get_uint8.4224" targetname: "__gnat_last_chance_handler" label: "D:\programming\ada_projects\Ada_Drivers_Library\middleware\src\bitmap\bitmap_color_conversion.adb:168:13" }
edge: { sourcename: "D:\programming\ada_projects\Ada_Drivers_Library\middleware\src\bitmap\bitmap_color_conversion.adb:bitmap_color_conversion__word_to_bitmap_color__get_uint8.4224" targetname: "memcpy" }
edge: { sourcename: "D:\programming\ada_projects\Ada_Drivers_Library\middleware\src\bitmap\bitmap_color_conversion.adb:bitmap_color_conversion__word_to_bitmap_color__get_uint8.4224" targetname: "__gnat_last_chance_handler" label: "D:\programming\ada_projects\Ada_Drivers_Library\middleware\src\bitmap\bitmap_color_conversion.adb:168:13" }
edge: { sourcename: "D:\programming\ada_projects\Ada_Drivers_Library\middleware\src\bitmap\bitmap_color_conversion.adb:bitmap_color_conversion__word_to_bitmap_color__get_uint8.4224" targetname: "__gnat_last_chance_handler" label: "D:\programming\ada_projects\Ada_Drivers_Library\middleware\src\bitmap\bitmap_color_conversion.adb:168:13" }
edge: { sourcename: "D:\programming\ada_projects\Ada_Drivers_Library\middleware\src\bitmap\bitmap_color_conversion.adb:bitmap_color_conversion__word_to_bitmap_color__get_uint8.4224" targetname: "__gnat_last_chance_handler" label: "D:\programming\ada_projects\Ada_Drivers_Library\middleware\src\bitmap\bitmap_color_conversion.adb:168:13" }
edge: { sourcename: "D:\programming\ada_projects\Ada_Drivers_Library\middleware\src\bitmap\bitmap_color_conversion.adb:bitmap_color_conversion__word_to_bitmap_color__get_uint8.4224" targetname: "__gnat_last_chance_handler" label: "D:\programming\ada_projects\Ada_Drivers_Library\middleware\src\bitmap\bitmap_color_conversion.adb:168:13" }
edge: { sourcename: "D:\programming\ada_projects\Ada_Drivers_Library\middleware\src\bitmap\bitmap_color_conversion.adb:bitmap_color_conversion__word_to_bitmap_color__get_uint8.4224" targetname: "__gnat_last_chance_handler" label: "D:\programming\ada_projects\Ada_Drivers_Library\middleware\src\bitmap\bitmap_color_conversion.adb:168:13" }
edge: { sourcename: "D:\programming\ada_projects\Ada_Drivers_Library\middleware\src\bitmap\bitmap_color_conversion.adb:bitmap_color_conversion__word_to_bitmap_color__get_uint8.4224" targetname: "__gnat_last_chance_handler" label: "D:\programming\ada_projects\Ada_Drivers_Library\middleware\src\bitmap\bitmap_color_conversion.adb:168:13" }
edge: { sourcename: "D:\programming\ada_projects\Ada_Drivers_Library\middleware\src\bitmap\bitmap_color_conversion.adb:bitmap_color_conversion__word_to_bitmap_color__get_uint8.4224" targetname: "__gnat_last_chance_handler" label: "D:\programming\ada_projects\Ada_Drivers_Library\middleware\src\bitmap\bitmap_color_conversion.adb:166:42" }
edge: { sourcename: "D:\programming\ada_projects\Ada_Drivers_Library\middleware\src\bitmap\bitmap_color_conversion.adb:bitmap_color_conversion__word_to_bitmap_color__get_uint8.4224" targetname: "__gnat_last_chance_handler" label: "D:\programming\ada_projects\Ada_Drivers_Library\middleware\src\bitmap\bitmap_color_conversion.adb:166:42" }
edge: { sourcename: "D:\programming\ada_projects\Ada_Drivers_Library\middleware\src\bitmap\bitmap_color_conversion.adb:bitmap_color_conversion__word_to_bitmap_color__get_uint8.4224" targetname: "__gnat_last_chance_handler" label: "D:\programming\ada_projects\Ada_Drivers_Library\middleware\src\bitmap\bitmap_color_conversion.adb:166:42" }
edge: { sourcename: "D:\programming\ada_projects\Ada_Drivers_Library\middleware\src\bitmap\bitmap_color_conversion.adb:bitmap_color_conversion__word_to_bitmap_color__get_uint8.4224" targetname: "__gnat_last_chance_handler" label: "D:\programming\ada_projects\Ada_Drivers_Library\middleware\src\bitmap\bitmap_color_conversion.adb:166:35" }
edge: { sourcename: "D:\programming\ada_projects\Ada_Drivers_Library\middleware\src\bitmap\bitmap_color_conversion.adb:bitmap_color_conversion__word_to_bitmap_color__get_uint8.4224" targetname: "__gnat_last_chance_handler" label: "D:\programming\ada_projects\Ada_Drivers_Library\middleware\src\bitmap\bitmap_color_conversion.adb:165:39" }
edge: { sourcename: "D:\programming\ada_projects\Ada_Drivers_Library\middleware\src\bitmap\bitmap_color_conversion.adb:bitmap_color_conversion__word_to_bitmap_color__get_uint8.4224" targetname: "__gnat_last_chance_handler" label: "D:\programming\ada_projects\Ada_Drivers_Library\middleware\src\bitmap\bitmap_color_conversion.adb:165:39" }
edge: { sourcename: "D:\programming\ada_projects\Ada_Drivers_Library\middleware\src\bitmap\bitmap_color_conversion.adb:bitmap_color_conversion__word_to_bitmap_color__get_uint8.4224" targetname: "__gnat_last_chance_handler" label: "D:\programming\ada_projects\Ada_Drivers_Library\middleware\src\bitmap\bitmap_color_conversion.adb:157:24" }
node: { title: "D:\programming\ada_projects\Ada_Drivers_Library\middleware\src\bitmap\bitmap_color_conversion.adb:bitmap_color_conversion__bitmap_color_to_word__luminance.4203" label: "Luminance\nD:\programming\ada_projects\Ada_Drivers_Library\middleware\src\bitmap\bitmap_color_conversion.adb:70:7\n16 bytes (static)" }
edge: { sourcename: "D:\programming\ada_projects\Ada_Drivers_Library\middleware\src\bitmap\bitmap_color_conversion.adb:bitmap_color_conversion__bitmap_color_to_word__luminance.4203" targetname: "__gnat_last_chance_handler" label: "D:\programming\ada_projects\Ada_Drivers_Library\middleware\src\bitmap\bitmap_color_conversion.adb:74:13" }
node: { title: "bitmap_color_conversion__bitmap_color_to_word" label: "Bitmap_Color_To_Word\nD:\programming\ada_projects\Ada_Drivers_Library\middleware\src\bitmap\bitmap_color_conversion.adb:38:4\n40 bytes (static)" }
edge: { sourcename: "bitmap_color_conversion__bitmap_color_to_word" targetname: "D:\programming\ada_projects\Ada_Drivers_Library\middleware\src\bitmap\bitmap_color_conversion.adb:bitmap_color_conversion__bitmap_color_to_word__luminance.4203" label: "D:\programming\ada_projects\Ada_Drivers_Library\middleware\src\bitmap\bitmap_color_conversion.adb:129:24" }
edge: { sourcename: "bitmap_color_conversion__bitmap_color_to_word" targetname: "D:\programming\ada_projects\Ada_Drivers_Library\middleware\src\bitmap\bitmap_color_conversion.adb:bitmap_color_conversion__bitmap_color_to_word__add_uint8.4201" label: "D:\programming\ada_projects\Ada_Drivers_Library\middleware\src\bitmap\bitmap_color_conversion.adb:127:13" }
edge: { sourcename: "bitmap_color_conversion__bitmap_color_to_word" targetname: "D:\programming\ada_projects\Ada_Drivers_Library\middleware\src\bitmap\bitmap_color_conversion.adb:bitmap_color_conversion__bitmap_color_to_word__add_uint8.4201" label: "D:\programming\ada_projects\Ada_Drivers_Library\middleware\src\bitmap\bitmap_color_conversion.adb:124:13" }
edge: { sourcename: "bitmap_color_conversion__bitmap_color_to_word" targetname: "D:\programming\ada_projects\Ada_Drivers_Library\middleware\src\bitmap\bitmap_color_conversion.adb:bitmap_color_conversion__bitmap_color_to_word__add_uint8.4201" label: "D:\programming\ada_projects\Ada_Drivers_Library\middleware\src\bitmap\bitmap_color_conversion.adb:121:13" }
edge: { sourcename: "bitmap_color_conversion__bitmap_color_to_word" targetname: "D:\programming\ada_projects\Ada_Drivers_Library\middleware\src\bitmap\bitmap_color_conversion.adb:bitmap_color_conversion__bitmap_color_to_word__luminance.4203" label: "D:\programming\ada_projects\Ada_Drivers_Library\middleware\src\bitmap\bitmap_color_conversion.adb:121:24" }
edge: { sourcename: "bitmap_color_conversion__bitmap_color_to_word" targetname: "D:\programming\ada_projects\Ada_Drivers_Library\middleware\src\bitmap\bitmap_color_conversion.adb:bitmap_color_conversion__bitmap_color_to_word__add_uint8.4201" label: "D:\programming\ada_projects\Ada_Drivers_Library\middleware\src\bitmap\bitmap_color_conversion.adb:118:13" }
edge: { sourcename: "bitmap_color_conversion__bitmap_color_to_word" targetname: "D:\programming\ada_projects\Ada_Drivers_Library\middleware\src\bitmap\bitmap_color_conversion.adb:bitmap_color_conversion__bitmap_color_to_word__luminance.4203" label: "D:\programming\ada_projects\Ada_Drivers_Library\middleware\src\bitmap\bitmap_color_conversion.adb:118:24" }
edge: { sourcename: "bitmap_color_conversion__bitmap_color_to_word" targetname: "D:\programming\ada_projects\Ada_Drivers_Library\middleware\src\bitmap\bitmap_color_conversion.adb:bitmap_color_conversion__bitmap_color_to_word__add_uint8.4201" label: "D:\programming\ada_projects\Ada_Drivers_Library\middleware\src\bitmap\bitmap_color_conversion.adb:117:13" }
edge: { sourcename: "bitmap_color_conversion__bitmap_color_to_word" targetname: "D:\programming\ada_projects\Ada_Drivers_Library\middleware\src\bitmap\bitmap_color_conversion.adb:bitmap_color_conversion__bitmap_color_to_word__add_uint8.4201" label: "D:\programming\ada_projects\Ada_Drivers_Library\middleware\src\bitmap\bitmap_color_conversion.adb:114:13" }
edge: { sourcename: "bitmap_color_conversion__bitmap_color_to_word" targetname: "D:\programming\ada_projects\Ada_Drivers_Library\middleware\src\bitmap\bitmap_color_conversion.adb:bitmap_color_conversion__bitmap_color_to_word__luminance.4203" label: "D:\programming\ada_projects\Ada_Drivers_Library\middleware\src\bitmap\bitmap_color_conversion.adb:114:24" }
edge: { sourcename: "bitmap_color_conversion__bitmap_color_to_word" targetname: "D:\programming\ada_projects\Ada_Drivers_Library\middleware\src\bitmap\bitmap_color_conversion.adb:bitmap_color_conversion__bitmap_color_to_word__add_uint8.4201" label: "D:\programming\ada_projects\Ada_Drivers_Library\middleware\src\bitmap\bitmap_color_conversion.adb:113:13" }
edge: { sourcename: "bitmap_color_conversion__bitmap_color_to_word" targetname: "D:\programming\ada_projects\Ada_Drivers_Library\middleware\src\bitmap\bitmap_color_conversion.adb:bitmap_color_conversion__bitmap_color_to_word__add_uint8.4201" label: "D:\programming\ada_projects\Ada_Drivers_Library\middleware\src\bitmap\bitmap_color_conversion.adb:110:13" }
edge: { sourcename: "bitmap_color_conversion__bitmap_color_to_word" targetname: "D:\programming\ada_projects\Ada_Drivers_Library\middleware\src\bitmap\bitmap_color_conversion.adb:bitmap_color_conversion__bitmap_color_to_word__luminance.4203" label: "D:\programming\ada_projects\Ada_Drivers_Library\middleware\src\bitmap\bitmap_color_conversion.adb:110:24" }
edge: { sourcename: "bitmap_color_conversion__bitmap_color_to_word" targetname: "D:\programming\ada_projects\Ada_Drivers_Library\middleware\src\bitmap\bitmap_color_conversion.adb:bitmap_color_conversion__bitmap_color_to_word__add_uint8.4201" label: "D:\programming\ada_projects\Ada_Drivers_Library\middleware\src\bitmap\bitmap_color_conversion.adb:107:13" }
edge: { sourcename: "bitmap_color_conversion__bitmap_color_to_word" targetname: "D:\programming\ada_projects\Ada_Drivers_Library\middleware\src\bitmap\bitmap_color_conversion.adb:bitmap_color_conversion__bitmap_color_to_word__add_uint8.4201" label: "D:\programming\ada_projects\Ada_Drivers_Library\middleware\src\bitmap\bitmap_color_conversion.adb:106:13" }
edge: { sourcename: "bitmap_color_conversion__bitmap_color_to_word" targetname: "D:\programming\ada_projects\Ada_Drivers_Library\middleware\src\bitmap\bitmap_color_conversion.adb:bitmap_color_conversion__bitmap_color_to_word__add_uint8.4201" label: "D:\programming\ada_projects\Ada_Drivers_Library\middleware\src\bitmap\bitmap_color_conversion.adb:105:13" }
edge: { sourcename: "bitmap_color_conversion__bitmap_color_to_word" targetname: "D:\programming\ada_projects\Ada_Drivers_Library\middleware\src\bitmap\bitmap_color_conversion.adb:bitmap_color_conversion__bitmap_color_to_word__add_uint8.4201" label: "D:\programming\ada_projects\Ada_Drivers_Library\middleware\src\bitmap\bitmap_color_conversion.adb:104:13" }
edge: { sourcename: "bitmap_color_conversion__bitmap_color_to_word" targetname: "D:\programming\ada_projects\Ada_Drivers_Library\middleware\src\bitmap\bitmap_color_conversion.adb:bitmap_color_conversion__bitmap_color_to_word__add_uint8.4201" label: "D:\programming\ada_projects\Ada_Drivers_Library\middleware\src\bitmap\bitmap_color_conversion.adb:101:13" }
edge: { sourcename: "bitmap_color_conversion__bitmap_color_to_word" targetname: "D:\programming\ada_projects\Ada_Drivers_Library\middleware\src\bitmap\bitmap_color_conversion.adb:bitmap_color_conversion__bitmap_color_to_word__add_uint8.4201" label: "D:\programming\ada_projects\Ada_Drivers_Library\middleware\src\bitmap\bitmap_color_conversion.adb:100:13" }
edge: { sourcename: "bitmap_color_conversion__bitmap_color_to_word" targetname: "D:\programming\ada_projects\Ada_Drivers_Library\middleware\src\bitmap\bitmap_color_conversion.adb:bitmap_color_conversion__bitmap_color_to_word__add_uint8.4201" label: "D:\programming\ada_projects\Ada_Drivers_Library\middleware\src\bitmap\bitmap_color_conversion.adb:99:13" }
edge: { sourcename: "bitmap_color_conversion__bitmap_color_to_word" targetname: "D:\programming\ada_projects\Ada_Drivers_Library\middleware\src\bitmap\bitmap_color_conversion.adb:bitmap_color_conversion__bitmap_color_to_word__add_uint8.4201" label: "D:\programming\ada_projects\Ada_Drivers_Library\middleware\src\bitmap\bitmap_color_conversion.adb:98:13" }
edge: { sourcename: "bitmap_color_conversion__bitmap_color_to_word" targetname: "D:\programming\ada_projects\Ada_Drivers_Library\middleware\src\bitmap\bitmap_color_conversion.adb:bitmap_color_conversion__bitmap_color_to_word__add_uint8.4201" label: "D:\programming\ada_projects\Ada_Drivers_Library\middleware\src\bitmap\bitmap_color_conversion.adb:95:13" }
edge: { sourcename: "bitmap_color_conversion__bitmap_color_to_word" targetname: "D:\programming\ada_projects\Ada_Drivers_Library\middleware\src\bitmap\bitmap_color_conversion.adb:bitmap_color_conversion__bitmap_color_to_word__add_uint8.4201" label: "D:\programming\ada_projects\Ada_Drivers_Library\middleware\src\bitmap\bitmap_color_conversion.adb:94:13" }
edge: { sourcename: "bitmap_color_conversion__bitmap_color_to_word" targetname: "D:\programming\ada_projects\Ada_Drivers_Library\middleware\src\bitmap\bitmap_color_conversion.adb:bitmap_color_conversion__bitmap_color_to_word__add_uint8.4201" label: "D:\programming\ada_projects\Ada_Drivers_Library\middleware\src\bitmap\bitmap_color_conversion.adb:93:13" }
edge: { sourcename: "bitmap_color_conversion__bitmap_color_to_word" targetname: "D:\programming\ada_projects\Ada_Drivers_Library\middleware\src\bitmap\bitmap_color_conversion.adb:bitmap_color_conversion__bitmap_color_to_word__add_uint8.4201" label: "D:\programming\ada_projects\Ada_Drivers_Library\middleware\src\bitmap\bitmap_color_conversion.adb:90:13" }
edge: { sourcename: "bitmap_color_conversion__bitmap_color_to_word" targetname: "D:\programming\ada_projects\Ada_Drivers_Library\middleware\src\bitmap\bitmap_color_conversion.adb:bitmap_color_conversion__bitmap_color_to_word__add_uint8.4201" label: "D:\programming\ada_projects\Ada_Drivers_Library\middleware\src\bitmap\bitmap_color_conversion.adb:89:13" }
edge: { sourcename: "bitmap_color_conversion__bitmap_color_to_word" targetname: "D:\programming\ada_projects\Ada_Drivers_Library\middleware\src\bitmap\bitmap_color_conversion.adb:bitmap_color_conversion__bitmap_color_to_word__add_uint8.4201" label: "D:\programming\ada_projects\Ada_Drivers_Library\middleware\src\bitmap\bitmap_color_conversion.adb:88:13" }
edge: { sourcename: "bitmap_color_conversion__bitmap_color_to_word" targetname: "D:\programming\ada_projects\Ada_Drivers_Library\middleware\src\bitmap\bitmap_color_conversion.adb:bitmap_color_conversion__bitmap_color_to_word__add_uint8.4201" label: "D:\programming\ada_projects\Ada_Drivers_Library\middleware\src\bitmap\bitmap_color_conversion.adb:85:13" }
edge: { sourcename: "bitmap_color_conversion__bitmap_color_to_word" targetname: "D:\programming\ada_projects\Ada_Drivers_Library\middleware\src\bitmap\bitmap_color_conversion.adb:bitmap_color_conversion__bitmap_color_to_word__add_uint8.4201" label: "D:\programming\ada_projects\Ada_Drivers_Library\middleware\src\bitmap\bitmap_color_conversion.adb:84:13" }
edge: { sourcename: "bitmap_color_conversion__bitmap_color_to_word" targetname: "D:\programming\ada_projects\Ada_Drivers_Library\middleware\src\bitmap\bitmap_color_conversion.adb:bitmap_color_conversion__bitmap_color_to_word__add_uint8.4201" label: "D:\programming\ada_projects\Ada_Drivers_Library\middleware\src\bitmap\bitmap_color_conversion.adb:83:13" }
edge: { sourcename: "bitmap_color_conversion__bitmap_color_to_word" targetname: "D:\programming\ada_projects\Ada_Drivers_Library\middleware\src\bitmap\bitmap_color_conversion.adb:bitmap_color_conversion__bitmap_color_to_word__add_uint8.4201" label: "D:\programming\ada_projects\Ada_Drivers_Library\middleware\src\bitmap\bitmap_color_conversion.adb:82:13" }
edge: { sourcename: "bitmap_color_conversion__bitmap_color_to_word" targetname: "__gnat_last_chance_handler" label: "D:\programming\ada_projects\Ada_Drivers_Library\middleware\src\bitmap\bitmap_color_conversion.adb:80:12" }
node: { title: "D:\programming\ada_projects\Ada_Drivers_Library\middleware\src\bitmap\bitmap_color_conversion.adb:bitmap_color_conversion__bitmap_color_to_word__add_uint8.4201" label: "Add_Uint8\nD:\programming\ada_projects\Ada_Drivers_Library\middleware\src\bitmap\bitmap_color_conversion.adb:53:7\n32 bytes (static)" }
edge: { sourcename: "D:\programming\ada_projects\Ada_Drivers_Library\middleware\src\bitmap\bitmap_color_conversion.adb:bitmap_color_conversion__bitmap_color_to_word__add_uint8.4201" targetname: "__gnat_last_chance_handler" label: "D:\programming\ada_projects\Ada_Drivers_Library\middleware\src\bitmap\bitmap_color_conversion.adb:60:37" }
edge: { sourcename: "D:\programming\ada_projects\Ada_Drivers_Library\middleware\src\bitmap\bitmap_color_conversion.adb:bitmap_color_conversion__bitmap_color_to_word__add_uint8.4201" targetname: "__gnat_last_chance_handler" label: "D:\programming\ada_projects\Ada_Drivers_Library\middleware\src\bitmap\bitmap_color_conversion.adb:60:37" }
edge: { sourcename: "D:\programming\ada_projects\Ada_Drivers_Library\middleware\src\bitmap\bitmap_color_conversion.adb:bitmap_color_conversion__bitmap_color_to_word__add_uint8.4201" targetname: "__gnat_last_chance_handler" label: "D:\programming\ada_projects\Ada_Drivers_Library\middleware\src\bitmap\bitmap_color_conversion.adb:60:37" }
}
