class {
  classname: "command_line__filesystem__touch__touch_cmd"
  label: "command_line__filesystem__touch__touch_cmd\command_line-filesystem-touch.ads:34:9"
  parent: "command_line__command"
  virtuals: "1:command_line__filesystem__touch__name,1:command_line__command\n
             2:command_line__filesystem__touch__execute,2:command_line__command\n
             3:command_line__filesystem__touch__help,3:command_line__command\n
             -1:command_line__filesystem__touch___size__2,-1:command_line__command"
}
edge: { sourcename: "command_line__filesystem__touch__execute"
  targetname: "1:command_line__arguments,command_line__arguments"
  label: "command_line-filesystem-touch.adb:50:42"
}
graph: { title: "D:\programming\ada_projects\Ada_Drivers_Library\middleware\src\command_line\command_line-filesystem-touch.adb"
node: { title: "system__secondary_stack__ss_release" label: "Ss_Release\nD:\gnat\2018-arm-elf\arm-eabi\lib\gnat\ravenscar-sfp-microbit\gnat\s-secsta.ads:70:14" shape : ellipse }
node: { title: "system__img_enum_new__image_enumeration_16" label: "Image_Enumeration_16\nD:\gnat\2018-arm-elf\arm-eabi\lib\gnat\ravenscar-sfp-microbit\gnat\s-imenne.ads:67:14" shape : ellipse }
node: { title: "file_io__create_file" label: "Create_File\nD:\programming\ada_projects\Ada_Drivers_Library\middleware\src\filesystem\file_io.ads:163:13" shape : ellipse }
node: { title: "memcpy" label: "builtin_memcpy\n<built-in>" shape : ellipse }
node: { title: "system__secondary_stack__ss_mark" label: "Ss_Mark\nD:\gnat\2018-arm-elf\arm-eabi\lib\gnat\ravenscar-sfp-microbit\gnat\s-secsta.ads:67:13" shape : ellipse }
node: { title: "__gnat_last_chance_handler" label: "gnat_last_chance_handler\n<built-in>" shape : ellipse }
node: { title: "system__secondary_stack__ss_allocate" label: "Ss_Allocate\nD:\gnat\2018-arm-elf\arm-eabi\lib\gnat\ravenscar-sfp-microbit\gnat\s-secsta.ads:58:14" shape : ellipse }
node: { title: "command_line__commandIP" label: "Commandip\nD:\programming\ada_projects\Ada_Drivers_Library\middleware\src\command_line\command_line.ads:102:9" shape : ellipse }
node: { title: "command_line__filesystem__touch___elabb" label: "Touch\nD:\programming\ada_projects\Ada_Drivers_Library\middleware\src\command_line\command_line-filesystem-touch.adb:34:1\n8 bytes (static)" }
node: { title: "command_line__filesystem__touch__help" label: "Help\nD:\programming\ada_projects\Ada_Drivers_Library\middleware\src\command_line\command_line-filesystem-touch.adb:71:4\n40 bytes (static)" }
edge: { sourcename: "command_line__filesystem__touch__help" targetname: "__indirect_call" label: "D:\programming\ada_projects\Ada_Drivers_Library\middleware\src\command_line\command_line-filesystem-touch.adb:78:7" }
node: { title: "__indirect_call" label: "Indirect Call Placeholder" shape : ellipse }
edge: { sourcename: "command_line__filesystem__touch__help" targetname: "__indirect_call" label: "D:\programming\ada_projects\Ada_Drivers_Library\middleware\src\command_line\command_line-filesystem-touch.adb:77:7" }
edge: { sourcename: "command_line__filesystem__touch__help" targetname: "__gnat_last_chance_handler" label: "D:\programming\ada_projects\Ada_Drivers_Library\middleware\src\command_line\command_line-filesystem-touch.adb:71:4" }
node: { title: "command_line__filesystem__touch__execute" label: "Execute\nD:\programming\ada_projects\Ada_Drivers_Library\middleware\src\command_line\command_line-filesystem-touch.adb:40:15\n208 bytes (dynamic)" }
edge: { sourcename: "command_line__filesystem__touch__execute" targetname: "D:\programming\ada_projects\Ada_Drivers_Library\middleware\src\command_line\command_line-filesystem-touch.adb:command_line__filesystem__touch__execute__B_2___finalizer.4527" label: "D:\programming\ada_projects\Ada_Drivers_Library\middleware\src\command_line\command_line-filesystem-touch.adb:62:0" }
edge: { sourcename: "command_line__filesystem__touch__execute" targetname: "__indirect_call" label: "D:\programming\ada_projects\Ada_Drivers_Library\middleware\src\command_line\command_line-filesystem-touch.adb:59:16" }
edge: { sourcename: "command_line__filesystem__touch__execute" targetname: "memcpy" }
edge: { sourcename: "command_line__filesystem__touch__execute" targetname: "memcpy" }
edge: { sourcename: "command_line__filesystem__touch__execute" targetname: "memcpy" }
edge: { sourcename: "command_line__filesystem__touch__execute" targetname: "memcpy" }
edge: { sourcename: "command_line__filesystem__touch__execute" targetname: "system__img_enum_new__image_enumeration_16" label: "D:\programming\ada_projects\Ada_Drivers_Library\middleware\src\command_line\command_line-filesystem-touch.adb:60:34" }
edge: { sourcename: "command_line__filesystem__touch__execute" targetname: "__gnat_last_chance_handler" label: "D:\programming\ada_projects\Ada_Drivers_Library\middleware\src\command_line\command_line-filesystem-touch.adb:60:28" }
edge: { sourcename: "command_line__filesystem__touch__execute" targetname: "file_io__create_file" label: "D:\programming\ada_projects\Ada_Drivers_Library\middleware\src\command_line\command_line-filesystem-touch.adb:57:20" }
edge: { sourcename: "command_line__filesystem__touch__execute" targetname: "memcpy" }
edge: { sourcename: "command_line__filesystem__touch__execute" targetname: "__gnat_last_chance_handler" label: "D:\programming\ada_projects\Ada_Drivers_Library\middleware\src\command_line\command_line-filesystem-touch.adb:50:42" }
edge: { sourcename: "command_line__filesystem__touch__execute" targetname: "__indirect_call" label: "D:\programming\ada_projects\Ada_Drivers_Library\middleware\src\command_line\command_line-filesystem-touch.adb:50:42" }
edge: { sourcename: "command_line__filesystem__touch__execute" targetname: "system__secondary_stack__ss_mark" label: "D:\programming\ada_projects\Ada_Drivers_Library\middleware\src\command_line\command_line-filesystem-touch.adb:49:10" }
edge: { sourcename: "command_line__filesystem__touch__execute" targetname: "__gnat_last_chance_handler" label: "D:\programming\ada_projects\Ada_Drivers_Library\middleware\src\command_line\command_line-filesystem-touch.adb:40:15" }
node: { title: "D:\programming\ada_projects\Ada_Drivers_Library\middleware\src\command_line\command_line-filesystem-touch.adb:command_line__filesystem__touch__execute__B_2___finalizer.4527" label: "B_2\nD:\programming\ada_projects\Ada_Drivers_Library\middleware\src\command_line\command_line-filesystem-touch.adb:49:10\n16 bytes (static)" }
edge: { sourcename: "D:\programming\ada_projects\Ada_Drivers_Library\middleware\src\command_line\command_line-filesystem-touch.adb:command_line__filesystem__touch__execute__B_2___finalizer.4527" targetname: "system__secondary_stack__ss_release" label: "D:\programming\ada_projects\Ada_Drivers_Library\middleware\src\command_line\command_line-filesystem-touch.adb:49:10" }
node: { title: "command_line__filesystem__touch__name" label: "Name\nD:\programming\ada_projects\Ada_Drivers_Library\middleware\src\command_line\command_line-filesystem-touch.ads:37:4\n24 bytes (static)" }
edge: { sourcename: "command_line__filesystem__touch__name" targetname: "system__secondary_stack__ss_allocate" label: "D:\programming\ada_projects\Ada_Drivers_Library\middleware\src\command_line\command_line-filesystem-touch.ads:38:8" }
node: { title: "command_line__filesystem__touch___size__2" label: "Touch\nD:\programming\ada_projects\Ada_Drivers_Library\middleware\src\command_line\command_line-filesystem-touch.ads:52:9\n24 bytes (static)" }
node: { title: "command_line__filesystem__touch__touch_cmdIP" label: "Touch_Cmdip\nD:\programming\ada_projects\Ada_Drivers_Library\middleware\src\command_line\command_line-filesystem-touch.ads:52:9\n16 bytes (static)" }
edge: { sourcename: "command_line__filesystem__touch__touch_cmdIP" targetname: "command_line__commandIP" label: "D:\programming\ada_projects\Ada_Drivers_Library\middleware\src\command_line\command_line-filesystem-touch.ads:52:22" }
}
