class {
  classname: "command_line__filesystem__list_directory__ls_cmd"
  label: "command_line__filesystem__list_directory__ls_cmd\command_line-filesystem-list_directory.ads:34:9"
  parent: "command_line__command"
  virtuals: "1:command_line__filesystem__list_directory__name,1:command_line__command\n
             2:command_line__filesystem__list_directory__execute,2:command_line__command\n
             3:command_line__filesystem__list_directory__help,3:command_line__command\n
             -1:command_line__filesystem__list_directory___size__2,-1:command_line__command"
}
edge: { sourcename: "command_line__filesystem__list_directory__execute"
  targetname: "1:command_line__arguments,command_line__arguments"
  label: "command_line-filesystem-list_directory.adb:113:42"
}
graph: { title: "D:\programming\ada_projects\Ada_Drivers_Library\middleware\src\command_line\command_line-filesystem-list_directory.adb"
node: { title: "system__secondary_stack__ss_release" label: "Ss_Release\nD:\gnat\2018-arm-elf\arm-eabi\lib\gnat\ravenscar-sfp-microbit\gnat\s-secsta.ads:70:14" shape : ellipse }
node: { title: "file_io__close__2" label: "Close\nD:\programming\ada_projects\Ada_Drivers_Library\middleware\src\filesystem\file_io.ads:145:14" shape : ellipse }
node: { title: "file_io__reset" label: "Reset\nD:\programming\ada_projects\Ada_Drivers_Library\middleware\src\filesystem\file_io.ads:161:14" shape : ellipse }
node: { title: "file_io__read__2" label: "Read\nD:\programming\ada_projects\Ada_Drivers_Library\middleware\src\filesystem\file_io.ads:158:13" shape : ellipse }
node: { title: "system__img_enum_new__image_enumeration_16" label: "Image_Enumeration_16\nD:\gnat\2018-arm-elf\arm-eabi\lib\gnat\ravenscar-sfp-microbit\gnat\s-imenne.ads:67:14" shape : ellipse }
node: { title: "file_io__open__2" label: "Open\nD:\programming\ada_projects\Ada_Drivers_Library\middleware\src\filesystem\file_io.ads:140:13" shape : ellipse }
node: { title: "file_io__directory_descriptorIP" label: "Directory_Descriptorip\nD:\programming\ada_projects\Ada_Drivers_Library\middleware\src\filesystem\file_io.ads:199:9" shape : ellipse }
node: { title: "memcmp" label: "builtin_memcmp\n<built-in>" shape : ellipse }
node: { title: "memcpy" label: "builtin_memcpy\n<built-in>" shape : ellipse }
node: { title: "system__secondary_stack__ss_mark" label: "Ss_Mark\nD:\gnat\2018-arm-elf\arm-eabi\lib\gnat\ravenscar-sfp-microbit\gnat\s-secsta.ads:67:13" shape : ellipse }
node: { title: "__gnat_last_chance_handler" label: "gnat_last_chance_handler\n<built-in>" shape : ellipse }
node: { title: "system__secondary_stack__ss_allocate" label: "Ss_Allocate\nD:\gnat\2018-arm-elf\arm-eabi\lib\gnat\ravenscar-sfp-microbit\gnat\s-secsta.ads:58:14" shape : ellipse }
node: { title: "command_line__commandIP" label: "Commandip\nD:\programming\ada_projects\Ada_Drivers_Library\middleware\src\command_line\command_line.ads:102:9" shape : ellipse }
node: { title: "command_line__filesystem__list_directory___elabb" label: "List_Directory\nD:\programming\ada_projects\Ada_Drivers_Library\middleware\src\command_line\command_line-filesystem-list_directory.adb:34:1\n8 bytes (static)" }
node: { title: "command_line__filesystem__list_directory__help" label: "Help\nD:\programming\ada_projects\Ada_Drivers_Library\middleware\src\command_line\command_line-filesystem-list_directory.adb:133:4\n56 bytes (static)" }
edge: { sourcename: "command_line__filesystem__list_directory__help" targetname: "__indirect_call" label: "D:\programming\ada_projects\Ada_Drivers_Library\middleware\src\command_line\command_line-filesystem-list_directory.adb:142:7" }
node: { title: "__indirect_call" label: "Indirect Call Placeholder" shape : ellipse }
edge: { sourcename: "command_line__filesystem__list_directory__help" targetname: "__indirect_call" label: "D:\programming\ada_projects\Ada_Drivers_Library\middleware\src\command_line\command_line-filesystem-list_directory.adb:141:7" }
edge: { sourcename: "command_line__filesystem__list_directory__help" targetname: "__indirect_call" label: "D:\programming\ada_projects\Ada_Drivers_Library\middleware\src\command_line\command_line-filesystem-list_directory.adb:140:7" }
edge: { sourcename: "command_line__filesystem__list_directory__help" targetname: "__indirect_call" label: "D:\programming\ada_projects\Ada_Drivers_Library\middleware\src\command_line\command_line-filesystem-list_directory.adb:139:7" }
edge: { sourcename: "command_line__filesystem__list_directory__help" targetname: "__gnat_last_chance_handler" label: "D:\programming\ada_projects\Ada_Drivers_Library\middleware\src\command_line\command_line-filesystem-list_directory.adb:133:4" }
node: { title: "D:\programming\ada_projects\Ada_Drivers_Library\middleware\src\command_line\command_line-filesystem-list_directory.adb:command_line__filesystem__list_directory__execute__B_6___finalizer.4857" label: "B_6\nD:\programming\ada_projects\Ada_Drivers_Library\middleware\src\command_line\command_line-filesystem-list_directory.adb:112:10\n16 bytes (static)" }
edge: { sourcename: "D:\programming\ada_projects\Ada_Drivers_Library\middleware\src\command_line\command_line-filesystem-list_directory.adb:command_line__filesystem__list_directory__execute__B_6___finalizer.4857" targetname: "system__secondary_stack__ss_release" label: "D:\programming\ada_projects\Ada_Drivers_Library\middleware\src\command_line\command_line-filesystem-list_directory.adb:112:10" }
node: { title: "D:\programming\ada_projects\Ada_Drivers_Library\middleware\src\command_line\command_line-filesystem-list_directory.adb:command_line__filesystem__list_directory__execute__list__B_4___finalizer.4797" label: "B_4\nD:\programming\ada_projects\Ada_Drivers_Library\middleware\src\command_line\command_line-filesystem-list_directory.adb:95:16\n16 bytes (static)" }
edge: { sourcename: "D:\programming\ada_projects\Ada_Drivers_Library\middleware\src\command_line\command_line-filesystem-list_directory.adb:command_line__filesystem__list_directory__execute__list__B_4___finalizer.4797" targetname: "system__secondary_stack__ss_release" label: "D:\programming\ada_projects\Ada_Drivers_Library\middleware\src\command_line\command_line-filesystem-list_directory.adb:95:16" }
node: { title: "command_line__filesystem__list_directory__execute" label: "Execute\nD:\programming\ada_projects\Ada_Drivers_Library\middleware\src\command_line\command_line-filesystem-list_directory.adb:40:15\n120 bytes (dynamic)" }
edge: { sourcename: "command_line__filesystem__list_directory__execute" targetname: "D:\programming\ada_projects\Ada_Drivers_Library\middleware\src\command_line\command_line-filesystem-list_directory.adb:command_line__filesystem__list_directory__execute__B_6___finalizer.4857" label: "D:\programming\ada_projects\Ada_Drivers_Library\middleware\src\command_line\command_line-filesystem-list_directory.adb:124:0" }
edge: { sourcename: "command_line__filesystem__list_directory__execute" targetname: "D:\programming\ada_projects\Ada_Drivers_Library\middleware\src\command_line\command_line-filesystem-list_directory.adb:command_line__filesystem__list_directory__execute__list.4524" label: "D:\programming\ada_projects\Ada_Drivers_Library\middleware\src\command_line\command_line-filesystem-list_directory.adb:122:16" }
edge: { sourcename: "command_line__filesystem__list_directory__execute" targetname: "memcmp" label: "D:\programming\ada_projects\Ada_Drivers_Library\middleware\src\command_line\command_line-filesystem-list_directory.adb:119:23" }
edge: { sourcename: "command_line__filesystem__list_directory__execute" targetname: "memcmp" label: "D:\programming\ada_projects\Ada_Drivers_Library\middleware\src\command_line\command_line-filesystem-list_directory.adb:117:42" }
edge: { sourcename: "command_line__filesystem__list_directory__execute" targetname: "memcmp" label: "D:\programming\ada_projects\Ada_Drivers_Library\middleware\src\command_line\command_line-filesystem-list_directory.adb:117:23" }
edge: { sourcename: "command_line__filesystem__list_directory__execute" targetname: "memcpy" }
edge: { sourcename: "command_line__filesystem__list_directory__execute" targetname: "__gnat_last_chance_handler" label: "D:\programming\ada_projects\Ada_Drivers_Library\middleware\src\command_line\command_line-filesystem-list_directory.adb:113:42" }
edge: { sourcename: "command_line__filesystem__list_directory__execute" targetname: "__indirect_call" label: "D:\programming\ada_projects\Ada_Drivers_Library\middleware\src\command_line\command_line-filesystem-list_directory.adb:113:42" }
edge: { sourcename: "command_line__filesystem__list_directory__execute" targetname: "system__secondary_stack__ss_mark" label: "D:\programming\ada_projects\Ada_Drivers_Library\middleware\src\command_line\command_line-filesystem-list_directory.adb:112:10" }
edge: { sourcename: "command_line__filesystem__list_directory__execute" targetname: "__gnat_last_chance_handler" label: "D:\programming\ada_projects\Ada_Drivers_Library\middleware\src\command_line\command_line-filesystem-list_directory.adb:40:15" }
node: { title: "D:\programming\ada_projects\Ada_Drivers_Library\middleware\src\command_line\command_line-filesystem-list_directory.adb:command_line__filesystem__list_directory__execute__list.4524" label: "List\nD:\programming\ada_projects\Ada_Drivers_Library\middleware\src\command_line\command_line-filesystem-list_directory.adb:57:7\n352 bytes (dynamic)" }
edge: { sourcename: "D:\programming\ada_projects\Ada_Drivers_Library\middleware\src\command_line\command_line-filesystem-list_directory.adb:command_line__filesystem__list_directory__execute__list.4524" targetname: "file_io__close__2" label: "D:\programming\ada_projects\Ada_Drivers_Library\middleware\src\command_line\command_line-filesystem-list_directory.adb:107:10" }
edge: { sourcename: "D:\programming\ada_projects\Ada_Drivers_Library\middleware\src\command_line\command_line-filesystem-list_directory.adb:command_line__filesystem__list_directory__execute__list.4524" targetname: "D:\programming\ada_projects\Ada_Drivers_Library\middleware\src\command_line\command_line-filesystem-list_directory.adb:command_line__filesystem__list_directory__execute__list__B_4___finalizer.4797" label: "D:\programming\ada_projects\Ada_Drivers_Library\middleware\src\command_line\command_line-filesystem-list_directory.adb:103:0" }
edge: { sourcename: "D:\programming\ada_projects\Ada_Drivers_Library\middleware\src\command_line\command_line-filesystem-list_directory.adb:command_line__filesystem__list_directory__execute__list.4524" targetname: "D:\programming\ada_projects\Ada_Drivers_Library\middleware\src\command_line\command_line-filesystem-list_directory.adb:command_line__filesystem__list_directory__execute__list.4524" label: "D:\programming\ada_projects\Ada_Drivers_Library\middleware\src\command_line\command_line-filesystem-list_directory.adb:101:22" }
edge: { sourcename: "D:\programming\ada_projects\Ada_Drivers_Library\middleware\src\command_line\command_line-filesystem-list_directory.adb:command_line__filesystem__list_directory__execute__list.4524" targetname: "memcpy" }
edge: { sourcename: "D:\programming\ada_projects\Ada_Drivers_Library\middleware\src\command_line\command_line-filesystem-list_directory.adb:command_line__filesystem__list_directory__execute__list.4524" targetname: "memcpy" }
edge: { sourcename: "D:\programming\ada_projects\Ada_Drivers_Library\middleware\src\command_line\command_line-filesystem-list_directory.adb:command_line__filesystem__list_directory__execute__list.4524" targetname: "file_io__read__2" label: "D:\programming\ada_projects\Ada_Drivers_Library\middleware\src\command_line\command_line-filesystem-list_directory.adb:96:53" }
edge: { sourcename: "D:\programming\ada_projects\Ada_Drivers_Library\middleware\src\command_line\command_line-filesystem-list_directory.adb:command_line__filesystem__list_directory__execute__list.4524" targetname: "system__secondary_stack__ss_mark" label: "D:\programming\ada_projects\Ada_Drivers_Library\middleware\src\command_line\command_line-filesystem-list_directory.adb:95:16" }
edge: { sourcename: "D:\programming\ada_projects\Ada_Drivers_Library\middleware\src\command_line\command_line-filesystem-list_directory.adb:command_line__filesystem__list_directory__execute__list.4524" targetname: "file_io__reset" label: "D:\programming\ada_projects\Ada_Drivers_Library\middleware\src\command_line\command_line-filesystem-list_directory.adb:92:13" }
edge: { sourcename: "D:\programming\ada_projects\Ada_Drivers_Library\middleware\src\command_line\command_line-filesystem-list_directory.adb:command_line__filesystem__list_directory__execute__list.4524" targetname: "__indirect_call" label: "D:\programming\ada_projects\Ada_Drivers_Library\middleware\src\command_line\command_line-filesystem-list_directory.adb:89:10" }
edge: { sourcename: "D:\programming\ada_projects\Ada_Drivers_Library\middleware\src\command_line\command_line-filesystem-list_directory.adb:command_line__filesystem__list_directory__execute__list.4524" targetname: "D:\programming\ada_projects\Ada_Drivers_Library\middleware\src\command_line\command_line-filesystem-list_directory.adb:command_line__filesystem__list_directory__execute__list__B_2___finalizer.4682" label: "D:\programming\ada_projects\Ada_Drivers_Library\middleware\src\command_line\command_line-filesystem-list_directory.adb:86:0" }
edge: { sourcename: "D:\programming\ada_projects\Ada_Drivers_Library\middleware\src\command_line\command_line-filesystem-list_directory.adb:command_line__filesystem__list_directory__execute__list.4524" targetname: "__indirect_call" label: "D:\programming\ada_projects\Ada_Drivers_Library\middleware\src\command_line\command_line-filesystem-list_directory.adb:83:22" }
edge: { sourcename: "D:\programming\ada_projects\Ada_Drivers_Library\middleware\src\command_line\command_line-filesystem-list_directory.adb:command_line__filesystem__list_directory__execute__list.4524" targetname: "memcpy" }
edge: { sourcename: "D:\programming\ada_projects\Ada_Drivers_Library\middleware\src\command_line\command_line-filesystem-list_directory.adb:command_line__filesystem__list_directory__execute__list.4524" targetname: "__indirect_call" label: "D:\programming\ada_projects\Ada_Drivers_Library\middleware\src\command_line\command_line-filesystem-list_directory.adb:80:22" }
edge: { sourcename: "D:\programming\ada_projects\Ada_Drivers_Library\middleware\src\command_line\command_line-filesystem-list_directory.adb:command_line__filesystem__list_directory__execute__list.4524" targetname: "file_io__read__2" label: "D:\programming\ada_projects\Ada_Drivers_Library\middleware\src\command_line\command_line-filesystem-list_directory.adb:74:50" }
edge: { sourcename: "D:\programming\ada_projects\Ada_Drivers_Library\middleware\src\command_line\command_line-filesystem-list_directory.adb:command_line__filesystem__list_directory__execute__list.4524" targetname: "system__secondary_stack__ss_mark" label: "D:\programming\ada_projects\Ada_Drivers_Library\middleware\src\command_line\command_line-filesystem-list_directory.adb:73:13" }
edge: { sourcename: "D:\programming\ada_projects\Ada_Drivers_Library\middleware\src\command_line\command_line-filesystem-list_directory.adb:command_line__filesystem__list_directory__execute__list.4524" targetname: "__indirect_call" label: "D:\programming\ada_projects\Ada_Drivers_Library\middleware\src\command_line\command_line-filesystem-list_directory.adb:69:13" }
edge: { sourcename: "D:\programming\ada_projects\Ada_Drivers_Library\middleware\src\command_line\command_line-filesystem-list_directory.adb:command_line__filesystem__list_directory__execute__list.4524" targetname: "memcpy" }
edge: { sourcename: "D:\programming\ada_projects\Ada_Drivers_Library\middleware\src\command_line\command_line-filesystem-list_directory.adb:command_line__filesystem__list_directory__execute__list.4524" targetname: "__indirect_call" label: "D:\programming\ada_projects\Ada_Drivers_Library\middleware\src\command_line\command_line-filesystem-list_directory.adb:64:13" }
edge: { sourcename: "D:\programming\ada_projects\Ada_Drivers_Library\middleware\src\command_line\command_line-filesystem-list_directory.adb:command_line__filesystem__list_directory__execute__list.4524" targetname: "memcpy" }
edge: { sourcename: "D:\programming\ada_projects\Ada_Drivers_Library\middleware\src\command_line\command_line-filesystem-list_directory.adb:command_line__filesystem__list_directory__execute__list.4524" targetname: "memcpy" }
edge: { sourcename: "D:\programming\ada_projects\Ada_Drivers_Library\middleware\src\command_line\command_line-filesystem-list_directory.adb:command_line__filesystem__list_directory__execute__list.4524" targetname: "memcpy" }
edge: { sourcename: "D:\programming\ada_projects\Ada_Drivers_Library\middleware\src\command_line\command_line-filesystem-list_directory.adb:command_line__filesystem__list_directory__execute__list.4524" targetname: "memcpy" }
edge: { sourcename: "D:\programming\ada_projects\Ada_Drivers_Library\middleware\src\command_line\command_line-filesystem-list_directory.adb:command_line__filesystem__list_directory__execute__list.4524" targetname: "system__img_enum_new__image_enumeration_16" label: "D:\programming\ada_projects\Ada_Drivers_Library\middleware\src\command_line\command_line-filesystem-list_directory.adb:64:67" }
edge: { sourcename: "D:\programming\ada_projects\Ada_Drivers_Library\middleware\src\command_line\command_line-filesystem-list_directory.adb:command_line__filesystem__list_directory__execute__list.4524" targetname: "__gnat_last_chance_handler" label: "D:\programming\ada_projects\Ada_Drivers_Library\middleware\src\command_line\command_line-filesystem-list_directory.adb:64:61" }
edge: { sourcename: "D:\programming\ada_projects\Ada_Drivers_Library\middleware\src\command_line\command_line-filesystem-list_directory.adb:command_line__filesystem__list_directory__execute__list.4524" targetname: "file_io__open__2" label: "D:\programming\ada_projects\Ada_Drivers_Library\middleware\src\command_line\command_line-filesystem-list_directory.adb:62:17" }
edge: { sourcename: "D:\programming\ada_projects\Ada_Drivers_Library\middleware\src\command_line\command_line-filesystem-list_directory.adb:command_line__filesystem__list_directory__execute__list.4524" targetname: "file_io__directory_descriptorIP" label: "D:\programming\ada_projects\Ada_Drivers_Library\middleware\src\command_line\command_line-filesystem-list_directory.adb:58:10" }
node: { title: "D:\programming\ada_projects\Ada_Drivers_Library\middleware\src\command_line\command_line-filesystem-list_directory.adb:command_line__filesystem__list_directory__execute__list__B_2___finalizer.4682" label: "B_2\nD:\programming\ada_projects\Ada_Drivers_Library\middleware\src\command_line\command_line-filesystem-list_directory.adb:73:13\n16 bytes (static)" }
edge: { sourcename: "D:\programming\ada_projects\Ada_Drivers_Library\middleware\src\command_line\command_line-filesystem-list_directory.adb:command_line__filesystem__list_directory__execute__list__B_2___finalizer.4682" targetname: "system__secondary_stack__ss_release" label: "D:\programming\ada_projects\Ada_Drivers_Library\middleware\src\command_line\command_line-filesystem-list_directory.adb:73:13" }
node: { title: "command_line__filesystem__list_directory__name" label: "Name\nD:\programming\ada_projects\Ada_Drivers_Library\middleware\src\command_line\command_line-filesystem-list_directory.ads:37:4\n24 bytes (static)" }
edge: { sourcename: "command_line__filesystem__list_directory__name" targetname: "system__secondary_stack__ss_allocate" label: "D:\programming\ada_projects\Ada_Drivers_Library\middleware\src\command_line\command_line-filesystem-list_directory.ads:38:8" }
node: { title: "command_line__filesystem__list_directory___size__2" label: "List_Directory\nD:\programming\ada_projects\Ada_Drivers_Library\middleware\src\command_line\command_line-filesystem-list_directory.ads:52:9\n24 bytes (static)" }
node: { title: "command_line__filesystem__list_directory__ls_cmdIP" label: "Ls_Cmdip\nD:\programming\ada_projects\Ada_Drivers_Library\middleware\src\command_line\command_line-filesystem-list_directory.ads:52:9\n16 bytes (static)" }
edge: { sourcename: "command_line__filesystem__list_directory__ls_cmdIP" targetname: "command_line__commandIP" label: "D:\programming\ada_projects\Ada_Drivers_Library\middleware\src\command_line\command_line-filesystem-list_directory.ads:52:19" }
}
