graph: { title: "D:\programming\ada_projects\Ada_Drivers_Library\arch\ARM\cortex_m\src\cm0\cortex_m_svd-systick.ads"
node: { title: "cortex_m_svd__systick__systick_peripheralIP" label: "Systick_Peripheralip\nD:\programming\ada_projects\Ada_Drivers_Library\arch\ARM\cortex_m\src\cm0\cortex_m_svd-systick.ads:168:9\n16 bytes (static)" }
edge: { sourcename: "cortex_m_svd__systick__systick_peripheralIP" targetname: "cortex_m_svd__systick__syst_cvr_registerIP" label: "D:\programming\ada_projects\Ada_Drivers_Library\arch\ARM\cortex_m\src\cm0\cortex_m_svd-systick.ads:174:7" }
edge: { sourcename: "cortex_m_svd__systick__systick_peripheralIP" targetname: "cortex_m_svd__systick__syst_rvr_registerIP" label: "D:\programming\ada_projects\Ada_Drivers_Library\arch\ARM\cortex_m\src\cm0\cortex_m_svd-systick.ads:172:7" }
edge: { sourcename: "cortex_m_svd__systick__systick_peripheralIP" targetname: "cortex_m_svd__systick__syst_csr_registerIP" label: "D:\programming\ada_projects\Ada_Drivers_Library\arch\ARM\cortex_m\src\cm0\cortex_m_svd-systick.ads:170:7" }
node: { title: "cortex_m_svd__systick__syst_calib_registerIP" label: "Syst_Calib_Registerip\nD:\programming\ada_projects\Ada_Drivers_Library\arch\ARM\cortex_m\src\cm0\cortex_m_svd-systick.ads:143:9\n16 bytes (static)" }
node: { title: "cortex_m_svd__systick__syst_cvr_registerIP" label: "Syst_Cvr_Registerip\nD:\programming\ada_projects\Ada_Drivers_Library\arch\ARM\cortex_m\src\cm0\cortex_m_svd-systick.ads:102:9\n16 bytes (static)" }
node: { title: "cortex_m_svd__systick__syst_rvr_registerIP" label: "Syst_Rvr_Registerip\nD:\programming\ada_projects\Ada_Drivers_Library\arch\ARM\cortex_m\src\cm0\cortex_m_svd-systick.ads:85:9\n16 bytes (static)" }
node: { title: "cortex_m_svd__systick__syst_csr_registerIP" label: "Syst_Csr_Registerip\nD:\programming\ada_projects\Ada_Drivers_Library\arch\ARM\cortex_m\src\cm0\cortex_m_svd-systick.ads:55:9\n16 bytes (static)" }
}
