graph: { title: "D:\programming\ada_projects\Ada_Drivers_Library\boards\MicroBit\src\microbit-ios.adb"
node: { title: "__aeabi_fsub" label: "aeabi_fsub\n<built-in>" shape : ellipse }
node: { title: "__aeabi_f2uiz" label: "aeabi_f2uiz\n<built-in>" shape : ellipse }
node: { title: "__aeabi_fadd" label: "aeabi_fadd\n<built-in>" shape : ellipse }
node: { title: "__aeabi_fcmpge" label: "aeabi_fcmpge\n<built-in>" shape : ellipse }
node: { title: "__aeabi_fcmple" label: "aeabi_fcmple\n<built-in>" shape : ellipse }
node: { title: "__aeabi_fcmpun" label: "aeabi_fcmpun\n<built-in>" shape : ellipse }
node: { title: "__aeabi_fmul" label: "aeabi_fmul\n<built-in>" shape : ellipse }
node: { title: "__aeabi_fdiv" label: "aeabi_fdiv\n<built-in>" shape : ellipse }
node: { title: "__aeabi_i2f" label: "aeabi_i2f\n<built-in>" shape : ellipse }
node: { title: "__aeabi_ui2f" label: "aeabi_ui2f\n<built-in>" shape : ellipse }
node: { title: "nrf51__adc__wait_for_result" label: "Wait_For_Result\nD:\programming\ada_projects\Ada_Drivers_Library\arch\ARM\Nordic\drivers\nrf51-adc.ads:59:13" shape : ellipse }
node: { title: "nrf51__adc__start_pin_conversion" label: "Start_Pin_Conversion\nD:\programming\ada_projects\Ada_Drivers_Library\arch\ARM\Nordic\drivers\nrf51-adc.ads:46:14" shape : ellipse }
node: { title: "memcpy" label: "builtin_memcpy\n<built-in>" shape : ellipse }
node: { title: "__gnat_last_chance_handler" label: "Last_Chance_Handler\nD:\gnat\2018-arm-elf\arm-eabi\lib\gnat\ravenscar-sfp-microbit\gnat\a-except.adb:43:17" shape : ellipse }
node: { title: "nrf51__timers__clear" label: "Clear\nD:\programming\ada_projects\Ada_Drivers_Library\arch\ARM\Nordic\drivers\nrf51-timers.ads:94:14" shape : ellipse }
node: { title: "nrf51__timers__stop" label: "Stop\nD:\programming\ada_projects\Ada_Drivers_Library\arch\ARM\Nordic\drivers\nrf51-timers.ads:91:14" shape : ellipse }
node: { title: "nrf51__gpio__set" label: "Set\nD:\programming\ada_projects\Ada_Drivers_Library\arch\ARM\Nordic\drivers\nrf51-gpio.ads:94:13" shape : ellipse }
node: { title: "nrf51__gpio__clear" label: "Clear\nD:\programming\ada_projects\Ada_Drivers_Library\arch\ARM\Nordic\drivers\nrf51-gpio.ads:106:14" shape : ellipse }
node: { title: "nrf51__gpio__set__2" label: "Set\nD:\programming\ada_projects\Ada_Drivers_Library\arch\ARM\Nordic\drivers\nrf51-gpio.ads:100:14" shape : ellipse }
node: { title: "nrf51__gpio__configure_io" label: "Configure_Io\nD:\programming\ada_projects\Ada_Drivers_Library\arch\ARM\Nordic\drivers\nrf51-gpio.ads:117:14" shape : ellipse }
node: { title: "nrf51__gpio__gpio_configurationIP" label: "Gpio_Configurationip\nD:\programming\ada_projects\Ada_Drivers_Library\arch\ARM\Nordic\drivers\nrf51-gpio.ads:58:9" shape : ellipse }
node: { title: "nrf51__interrupts__enable" label: "Enable\nD:\programming\ada_projects\Ada_Drivers_Library\arch\ARM\Nordic\drivers\nrf51-interrupts.ads:72:14" shape : ellipse }
node: { title: "nrf51__interrupts__register" label: "Register\nD:\programming\ada_projects\Ada_Drivers_Library\arch\ARM\Nordic\drivers\nrf51-interrupts.ads:78:14" shape : ellipse }
node: { title: "nrf51__events__enable_interrupt" label: "Enable_Interrupt\nD:\programming\ada_projects\Ada_Drivers_Library\arch\ARM\Nordic\drivers\nrf51-events.ads:57:14" shape : ellipse }
node: { title: "nrf51__timers__compare_shortcut" label: "Compare_Shortcut\nD:\programming\ada_projects\Ada_Drivers_Library\arch\ARM\Nordic\drivers\nrf51-timers.ads:101:14" shape : ellipse }
node: { title: "nrf51__timers__set_bitmode" label: "Set_Bitmode\nD:\programming\ada_projects\Ada_Drivers_Library\arch\ARM\Nordic\drivers\nrf51-timers.ads:70:14" shape : ellipse }
node: { title: "nrf51__timers__set_prescaler" label: "Set_Prescaler\nD:\programming\ada_projects\Ada_Drivers_Library\arch\ARM\Nordic\drivers\nrf51-timers.ads:46:14" shape : ellipse }
node: { title: "nrf51__timers__set_mode" label: "Set_Mode\nD:\programming\ada_projects\Ada_Drivers_Library\arch\ARM\Nordic\drivers\nrf51-timers.ads:56:14" shape : ellipse }
node: { title: "nrf51__timers__start" label: "Start\nD:\programming\ada_projects\Ada_Drivers_Library\arch\ARM\Nordic\drivers\nrf51-timers.ads:88:14" shape : ellipse }
node: { title: "nrf51__timers__set_compare" label: "Set_Compare\nD:\programming\ada_projects\Ada_Drivers_Library\arch\ARM\Nordic\drivers\nrf51-timers.ads:114:14" shape : ellipse }
node: { title: "nrf51__events__clear" label: "Clear\nD:\programming\ada_projects\Ada_Drivers_Library\arch\ARM\Nordic\drivers\nrf51-events.ads:61:14" shape : ellipse }
node: { title: "nrf51__gpio__tasks_and_events__enable_task" label: "Enable_Task\nD:\programming\ada_projects\Ada_Drivers_Library\arch\ARM\Nordic\drivers\nrf51-gpio-tasks_and_events.ads:48:14" shape : ellipse }
node: { title: "nrf51__ppi__enable_channel" label: "Enable_Channel\nD:\programming\ada_projects\Ada_Drivers_Library\arch\ARM\Nordic\drivers\nrf51-ppi.ads:41:14" shape : ellipse }
node: { title: "nrf51__ppi__configure" label: "Configure\nD:\programming\ada_projects\Ada_Drivers_Library\arch\ARM\Nordic\drivers\nrf51-ppi.ads:37:14" shape : ellipse }
node: { title: "nrf51__gpio__tasks_and_events__out_task" label: "Out_Task\nD:\programming\ada_projects\Ada_Drivers_Library\arch\ARM\Nordic\drivers\nrf51-gpio-tasks_and_events.ads:55:13" shape : ellipse }
node: { title: "nrf51__timers__compare_event" label: "Compare_Event\nD:\programming\ada_projects\Ada_Drivers_Library\arch\ARM\Nordic\drivers\nrf51-timers.ads:149:13" shape : ellipse }
node: { title: "nrf51__gpio__tasks_and_events__disable" label: "Disable\nD:\programming\ada_projects\Ada_Drivers_Library\arch\ARM\Nordic\drivers\nrf51-gpio-tasks_and_events.ads:36:14" shape : ellipse }
node: { title: "system__assertions__raise_assert_failure" label: "Raise_Assert_Failure\nD:\gnat\2018-arm-elf\arm-eabi\lib\gnat\ravenscar-sfp-microbit\gnat\s-assert.ads:46:14" shape : ellipse }
node: { title: "__gnat_last_chance_handler" label: "gnat_last_chance_handler\n<built-in>" shape : ellipse }
node: { title: "microbit__ios___elabb" label: "Ios\nD:\programming\ada_projects\Ada_Drivers_Library\boards\MicroBit\src\microbit-ios.adb:43:1\n16 bytes (static)" }
edge: { sourcename: "microbit__ios___elabb" targetname: "microbit__ios__TpwmsBIP" label: "D:\programming\ada_projects\Ada_Drivers_Library\boards\MicroBit\src\microbit-ios.adb:149:4" }
node: { title: "D:\programming\ada_projects\Ada_Drivers_Library\boards\MicroBit\src\microbit-ios.adb:microbit__ios__has_pwm" label: "Has_Pwm\nD:\programming\ada_projects\Ada_Drivers_Library\boards\MicroBit\src\microbit-ios.adb:151:4\n16 bytes (static)" }
node: { title: "microbit__ios__analog__2" label: "Analog\nD:\programming\ada_projects\Ada_Drivers_Library\boards\MicroBit\src\microbit-ios.adb:436:4\n24 bytes (static)" }
edge: { sourcename: "microbit__ios__analog__2" targetname: "nrf51__adc__wait_for_result" label: "D:\programming\ada_projects\Ada_Drivers_Library\boards\MicroBit\src\microbit-ios.adb:459:28" }
edge: { sourcename: "microbit__ios__analog__2" targetname: "nrf51__adc__start_pin_conversion" label: "D:\programming\ada_projects\Ada_Drivers_Library\boards\MicroBit\src\microbit-ios.adb:448:7" }
edge: { sourcename: "microbit__ios__analog__2" targetname: "__gnat_last_chance_handler" label: "D:\programming\ada_projects\Ada_Drivers_Library\boards\MicroBit\src\microbit-ios.adb:448:44" }
edge: { sourcename: "microbit__ios__analog__2" targetname: "__gnat_last_chance_handler" label: "D:\programming\ada_projects\Ada_Drivers_Library\boards\MicroBit\src\microbit-ios.adb:445:24" }
edge: { sourcename: "microbit__ios__analog__2" targetname: "D:\programming\ada_projects\Ada_Drivers_Library\boards\MicroBit\src\microbit-ios.adb:microbit__ios__deallocate_pwm" label: "D:\programming\ada_projects\Ada_Drivers_Library\boards\MicroBit\src\microbit-ios.adb:443:13" }
edge: { sourcename: "microbit__ios__analog__2" targetname: "D:\programming\ada_projects\Ada_Drivers_Library\boards\MicroBit\src\microbit-ios.adb:microbit__ios__has_pwm" label: "D:\programming\ada_projects\Ada_Drivers_Library\boards\MicroBit\src\microbit-ios.adb:442:13" }
edge: { sourcename: "microbit__ios__analog__2" targetname: "system__assertions__raise_assert_failure" label: "D:\programming\ada_projects\Ada_Drivers_Library\boards\MicroBit\src\microbit-ios.ads:66:18" }
edge: { sourcename: "microbit__ios__analog__2" targetname: "microbit__ios__supports" label: "D:\programming\ada_projects\Ada_Drivers_Library\boards\MicroBit\src\microbit-ios.ads:66:18" }
node: { title: "microbit__ios__write" label: "Write\nD:\programming\ada_projects\Ada_Drivers_Library\boards\MicroBit\src\microbit-ios.adb:390:4\n128 bytes (dynamic)" }
edge: { sourcename: "microbit__ios__write" targetname: "D:\programming\ada_projects\Ada_Drivers_Library\boards\MicroBit\src\microbit-ios.adb:microbit__ios__to_compare_value" label: "D:\programming\ada_projects\Ada_Drivers_Library\boards\MicroBit\src\microbit-ios.adb:429:37" }
edge: { sourcename: "microbit__ios__write" targetname: "__gnat_last_chance_handler" label: "D:\programming\ada_projects\Ada_Drivers_Library\boards\MicroBit\src\microbit-ios.adb:429:7" }
edge: { sourcename: "microbit__ios__write" targetname: "__gnat_last_chance_handler" label: "D:\programming\ada_projects\Ada_Drivers_Library\boards\MicroBit\src\microbit-ios.adb:428:7" }
edge: { sourcename: "microbit__ios__write" targetname: "nrf51__timers__start" label: "D:\programming\ada_projects\Ada_Drivers_Library\boards\MicroBit\src\microbit-ios.adb:425:19" }
edge: { sourcename: "microbit__ios__write" targetname: "D:\programming\ada_projects\Ada_Drivers_Library\boards\MicroBit\src\microbit-ios.adb:microbit__ios__init_pwm_timer" label: "D:\programming\ada_projects\Ada_Drivers_Library\boards\MicroBit\src\microbit-ios.adb:423:10" }
edge: { sourcename: "microbit__ios__write" targetname: "__gnat_last_chance_handler" label: "D:\programming\ada_projects\Ada_Drivers_Library\boards\MicroBit\src\microbit-ios.adb:421:24" }
edge: { sourcename: "microbit__ios__write" targetname: "nrf51__gpio__clear" label: "D:\programming\ada_projects\Ada_Drivers_Library\boards\MicroBit\src\microbit-ios.adb:419:12" }
edge: { sourcename: "microbit__ios__write" targetname: "nrf51__gpio__configure_io" label: "D:\programming\ada_projects\Ada_Drivers_Library\boards\MicroBit\src\microbit-ios.adb:418:12" }
edge: { sourcename: "microbit__ios__write" targetname: "__gnat_last_chance_handler" label: "D:\programming\ada_projects\Ada_Drivers_Library\boards\MicroBit\src\microbit-ios.adb:409:13" }
edge: { sourcename: "microbit__ios__write" targetname: "__gnat_last_chance_handler" label: "D:\programming\ada_projects\Ada_Drivers_Library\boards\MicroBit\src\microbit-ios.adb:409:13" }
edge: { sourcename: "microbit__ios__write" targetname: "memcpy" }
edge: { sourcename: "microbit__ios__write" targetname: "__gnat_last_chance_handler" label: "D:\programming\ada_projects\Ada_Drivers_Library\boards\MicroBit\src\microbit-ios.adb:409:13" }
edge: { sourcename: "microbit__ios__write" targetname: "__gnat_last_chance_handler" label: "D:\programming\ada_projects\Ada_Drivers_Library\boards\MicroBit\src\microbit-ios.adb:409:13" }
edge: { sourcename: "microbit__ios__write" targetname: "__gnat_last_chance_handler" label: "D:\programming\ada_projects\Ada_Drivers_Library\boards\MicroBit\src\microbit-ios.adb:409:13" }
edge: { sourcename: "microbit__ios__write" targetname: "__gnat_last_chance_handler" label: "D:\programming\ada_projects\Ada_Drivers_Library\boards\MicroBit\src\microbit-ios.adb:409:13" }
edge: { sourcename: "microbit__ios__write" targetname: "__gnat_last_chance_handler" label: "D:\programming\ada_projects\Ada_Drivers_Library\boards\MicroBit\src\microbit-ios.adb:409:13" }
edge: { sourcename: "microbit__ios__write" targetname: "__gnat_last_chance_handler" label: "D:\programming\ada_projects\Ada_Drivers_Library\boards\MicroBit\src\microbit-ios.adb:409:13" }
edge: { sourcename: "microbit__ios__write" targetname: "D:\programming\ada_projects\Ada_Drivers_Library\boards\MicroBit\src\microbit-ios.adb:microbit__ios__allocate_pwm" label: "D:\programming\ada_projects\Ada_Drivers_Library\boards\MicroBit\src\microbit-ios.adb:407:10" }
edge: { sourcename: "microbit__ios__write" targetname: "nrf51__timers__clear" label: "D:\programming\ada_projects\Ada_Drivers_Library\boards\MicroBit\src\microbit-ios.adb:405:19" }
edge: { sourcename: "microbit__ios__write" targetname: "nrf51__timers__stop" label: "D:\programming\ada_projects\Ada_Drivers_Library\boards\MicroBit\src\microbit-ios.adb:404:19" }
edge: { sourcename: "microbit__ios__write" targetname: "D:\programming\ada_projects\Ada_Drivers_Library\boards\MicroBit\src\microbit-ios.adb:microbit__ios__has_pwm" label: "D:\programming\ada_projects\Ada_Drivers_Library\boards\MicroBit\src\microbit-ios.adb:400:14" }
edge: { sourcename: "microbit__ios__write" targetname: "nrf51__gpio__gpio_configurationIP" label: "D:\programming\ada_projects\Ada_Drivers_Library\boards\MicroBit\src\microbit-ios.adb:397:7" }
edge: { sourcename: "microbit__ios__write" targetname: "system__assertions__raise_assert_failure" label: "D:\programming\ada_projects\Ada_Drivers_Library\boards\MicroBit\src\microbit-ios.ads:63:18" }
edge: { sourcename: "microbit__ios__write" targetname: "microbit__ios__supports" label: "D:\programming\ada_projects\Ada_Drivers_Library\boards\MicroBit\src\microbit-ios.ads:63:18" }
node: { title: "microbit__ios__set_analog_period_us" label: "Set_Analog_Period_Us\nD:\programming\ada_projects\Ada_Drivers_Library\boards\MicroBit\src\microbit-ios.adb:376:4\n32 bytes (static)" }
edge: { sourcename: "microbit__ios__set_analog_period_us" targetname: "D:\programming\ada_projects\Ada_Drivers_Library\boards\MicroBit\src\microbit-ios.adb:microbit__ios__to_compare_value" label: "D:\programming\ada_projects\Ada_Drivers_Library\boards\MicroBit\src\microbit-ios.adb:382:21" }
node: { title: "microbit__ios__set__2" label: "Set\nD:\programming\ada_projects\Ada_Drivers_Library\boards\MicroBit\src\microbit-ios.adb:347:4\n40 bytes (static)" }
edge: { sourcename: "microbit__ios__set__2" targetname: "nrf51__gpio__set" label: "D:\programming\ada_projects\Ada_Drivers_Library\boards\MicroBit\src\microbit-ios.adb:369:7" }
edge: { sourcename: "microbit__ios__set__2" targetname: "__gnat_last_chance_handler" label: "D:\programming\ada_projects\Ada_Drivers_Library\boards\MicroBit\src\microbit-ios.adb:366:24" }
edge: { sourcename: "microbit__ios__set__2" targetname: "nrf51__gpio__configure_io" label: "D:\programming\ada_projects\Ada_Drivers_Library\boards\MicroBit\src\microbit-ios.adb:364:12" }
edge: { sourcename: "microbit__ios__set__2" targetname: "D:\programming\ada_projects\Ada_Drivers_Library\boards\MicroBit\src\microbit-ios.adb:microbit__ios__deallocate_pwm" label: "D:\programming\ada_projects\Ada_Drivers_Library\boards\MicroBit\src\microbit-ios.adb:356:13" }
edge: { sourcename: "microbit__ios__set__2" targetname: "D:\programming\ada_projects\Ada_Drivers_Library\boards\MicroBit\src\microbit-ios.adb:microbit__ios__has_pwm" label: "D:\programming\ada_projects\Ada_Drivers_Library\boards\MicroBit\src\microbit-ios.adb:355:13" }
edge: { sourcename: "microbit__ios__set__2" targetname: "nrf51__gpio__gpio_configurationIP" label: "D:\programming\ada_projects\Ada_Drivers_Library\boards\MicroBit\src\microbit-ios.adb:352:7" }
edge: { sourcename: "microbit__ios__set__2" targetname: "system__assertions__raise_assert_failure" label: "D:\programming\ada_projects\Ada_Drivers_Library\boards\MicroBit\src\microbit-ios.ads:54:18" }
edge: { sourcename: "microbit__ios__set__2" targetname: "microbit__ios__supports" label: "D:\programming\ada_projects\Ada_Drivers_Library\boards\MicroBit\src\microbit-ios.ads:54:18" }
node: { title: "microbit__ios__set" label: "Set\nD:\programming\ada_projects\Ada_Drivers_Library\boards\MicroBit\src\microbit-ios.adb:315:4\n40 bytes (static)" }
edge: { sourcename: "microbit__ios__set" targetname: "nrf51__gpio__clear" label: "D:\programming\ada_projects\Ada_Drivers_Library\boards\MicroBit\src\microbit-ios.adb:339:12" }
edge: { sourcename: "microbit__ios__set" targetname: "nrf51__gpio__set__2" label: "D:\programming\ada_projects\Ada_Drivers_Library\boards\MicroBit\src\microbit-ios.adb:337:12" }
edge: { sourcename: "microbit__ios__set" targetname: "__gnat_last_chance_handler" label: "D:\programming\ada_projects\Ada_Drivers_Library\boards\MicroBit\src\microbit-ios.adb:333:24" }
edge: { sourcename: "microbit__ios__set" targetname: "nrf51__gpio__configure_io" label: "D:\programming\ada_projects\Ada_Drivers_Library\boards\MicroBit\src\microbit-ios.adb:332:12" }
edge: { sourcename: "microbit__ios__set" targetname: "D:\programming\ada_projects\Ada_Drivers_Library\boards\MicroBit\src\microbit-ios.adb:microbit__ios__deallocate_pwm" label: "D:\programming\ada_projects\Ada_Drivers_Library\boards\MicroBit\src\microbit-ios.adb:324:13" }
edge: { sourcename: "microbit__ios__set" targetname: "D:\programming\ada_projects\Ada_Drivers_Library\boards\MicroBit\src\microbit-ios.adb:microbit__ios__has_pwm" label: "D:\programming\ada_projects\Ada_Drivers_Library\boards\MicroBit\src\microbit-ios.adb:323:13" }
edge: { sourcename: "microbit__ios__set" targetname: "nrf51__gpio__gpio_configurationIP" label: "D:\programming\ada_projects\Ada_Drivers_Library\boards\MicroBit\src\microbit-ios.adb:320:7" }
edge: { sourcename: "microbit__ios__set" targetname: "system__assertions__raise_assert_failure" label: "D:\programming\ada_projects\Ada_Drivers_Library\boards\MicroBit\src\microbit-ios.ads:51:18" }
edge: { sourcename: "microbit__ios__set" targetname: "microbit__ios__supports" label: "D:\programming\ada_projects\Ada_Drivers_Library\boards\MicroBit\src\microbit-ios.ads:51:18" }
node: { title: "D:\programming\ada_projects\Ada_Drivers_Library\boards\MicroBit\src\microbit-ios.adb:microbit__ios__init_pwm_timer" label: "Init_Pwm_Timer\nD:\programming\ada_projects\Ada_Drivers_Library\boards\MicroBit\src\microbit-ios.adb:281:4\n16 bytes (static)" }
edge: { sourcename: "D:\programming\ada_projects\Ada_Drivers_Library\boards\MicroBit\src\microbit-ios.adb:microbit__ios__init_pwm_timer" targetname: "nrf51__interrupts__enable" label: "D:\programming\ada_projects\Ada_Drivers_Library\boards\MicroBit\src\microbit-ios.adb:308:23" }
edge: { sourcename: "D:\programming\ada_projects\Ada_Drivers_Library\boards\MicroBit\src\microbit-ios.adb:microbit__ios__init_pwm_timer" targetname: "nrf51__interrupts__register" label: "D:\programming\ada_projects\Ada_Drivers_Library\boards\MicroBit\src\microbit-ios.adb:305:23" }
edge: { sourcename: "D:\programming\ada_projects\Ada_Drivers_Library\boards\MicroBit\src\microbit-ios.adb:microbit__ios__init_pwm_timer" targetname: "nrf51__events__enable_interrupt" label: "D:\programming\ada_projects\Ada_Drivers_Library\boards\MicroBit\src\microbit-ios.adb:303:7" }
edge: { sourcename: "D:\programming\ada_projects\Ada_Drivers_Library\boards\MicroBit\src\microbit-ios.adb:microbit__ios__init_pwm_timer" targetname: "nrf51__timers__compare_event" label: "D:\programming\ada_projects\Ada_Drivers_Library\boards\MicroBit\src\microbit-ios.adb:303:34" }
edge: { sourcename: "D:\programming\ada_projects\Ada_Drivers_Library\boards\MicroBit\src\microbit-ios.adb:microbit__ios__init_pwm_timer" targetname: "D:\programming\ada_projects\Ada_Drivers_Library\boards\MicroBit\src\microbit-ios.adb:microbit__ios__configure_gpiote" label: "D:\programming\ada_projects\Ada_Drivers_Library\boards\MicroBit\src\microbit-ios.adb:298:13" }
edge: { sourcename: "D:\programming\ada_projects\Ada_Drivers_Library\boards\MicroBit\src\microbit-ios.adb:microbit__ios__init_pwm_timer" targetname: "nrf51__timers__set_compare" label: "D:\programming\ada_projects\Ada_Drivers_Library\boards\MicroBit\src\microbit-ios.adb:295:46" }
edge: { sourcename: "D:\programming\ada_projects\Ada_Drivers_Library\boards\MicroBit\src\microbit-ios.adb:microbit__ios__init_pwm_timer" targetname: "D:\programming\ada_projects\Ada_Drivers_Library\boards\MicroBit\src\microbit-ios.adb:microbit__ios__to_compare_value" label: "D:\programming\ada_projects\Ada_Drivers_Library\boards\MicroBit\src\microbit-ios.adb:296:33" }
edge: { sourcename: "D:\programming\ada_projects\Ada_Drivers_Library\boards\MicroBit\src\microbit-ios.adb:microbit__ios__init_pwm_timer" targetname: "nrf51__timers__set_compare" label: "D:\programming\ada_projects\Ada_Drivers_Library\boards\MicroBit\src\microbit-ios.adb:293:16" }
edge: { sourcename: "D:\programming\ada_projects\Ada_Drivers_Library\boards\MicroBit\src\microbit-ios.adb:microbit__ios__init_pwm_timer" targetname: "nrf51__timers__compare_shortcut" label: "D:\programming\ada_projects\Ada_Drivers_Library\boards\MicroBit\src\microbit-ios.adb:289:16" }
edge: { sourcename: "D:\programming\ada_projects\Ada_Drivers_Library\boards\MicroBit\src\microbit-ios.adb:microbit__ios__init_pwm_timer" targetname: "nrf51__timers__set_bitmode" label: "D:\programming\ada_projects\Ada_Drivers_Library\boards\MicroBit\src\microbit-ios.adb:285:16" }
edge: { sourcename: "D:\programming\ada_projects\Ada_Drivers_Library\boards\MicroBit\src\microbit-ios.adb:microbit__ios__init_pwm_timer" targetname: "nrf51__timers__set_prescaler" label: "D:\programming\ada_projects\Ada_Drivers_Library\boards\MicroBit\src\microbit-ios.adb:284:16" }
edge: { sourcename: "D:\programming\ada_projects\Ada_Drivers_Library\boards\MicroBit\src\microbit-ios.adb:microbit__ios__init_pwm_timer" targetname: "nrf51__timers__set_mode" label: "D:\programming\ada_projects\Ada_Drivers_Library\boards\MicroBit\src\microbit-ios.adb:283:16" }
node: { title: "D:\programming\ada_projects\Ada_Drivers_Library\boards\MicroBit\src\microbit-ios.adb:microbit__ios__pwm_timer_handler" label: "Pwm_Timer_Handler\nD:\programming\ada_projects\Ada_Drivers_Library\boards\MicroBit\src\microbit-ios.adb:264:4\n8 bytes (static)" }
edge: { sourcename: "D:\programming\ada_projects\Ada_Drivers_Library\boards\MicroBit\src\microbit-ios.adb:microbit__ios__pwm_timer_handler" targetname: "nrf51__timers__start" label: "D:\programming\ada_projects\Ada_Drivers_Library\boards\MicroBit\src\microbit-ios.adb:274:16" }
edge: { sourcename: "D:\programming\ada_projects\Ada_Drivers_Library\boards\MicroBit\src\microbit-ios.adb:microbit__ios__pwm_timer_handler" targetname: "nrf51__timers__set_compare" label: "D:\programming\ada_projects\Ada_Drivers_Library\boards\MicroBit\src\microbit-ios.adb:272:16" }
edge: { sourcename: "D:\programming\ada_projects\Ada_Drivers_Library\boards\MicroBit\src\microbit-ios.adb:microbit__ios__pwm_timer_handler" targetname: "nrf51__timers__set_compare" label: "D:\programming\ada_projects\Ada_Drivers_Library\boards\MicroBit\src\microbit-ios.adb:271:16" }
edge: { sourcename: "D:\programming\ada_projects\Ada_Drivers_Library\boards\MicroBit\src\microbit-ios.adb:microbit__ios__pwm_timer_handler" targetname: "nrf51__timers__set_compare" label: "D:\programming\ada_projects\Ada_Drivers_Library\boards\MicroBit\src\microbit-ios.adb:270:16" }
edge: { sourcename: "D:\programming\ada_projects\Ada_Drivers_Library\boards\MicroBit\src\microbit-ios.adb:microbit__ios__pwm_timer_handler" targetname: "nrf51__timers__set_compare" label: "D:\programming\ada_projects\Ada_Drivers_Library\boards\MicroBit\src\microbit-ios.adb:268:16" }
edge: { sourcename: "D:\programming\ada_projects\Ada_Drivers_Library\boards\MicroBit\src\microbit-ios.adb:microbit__ios__pwm_timer_handler" targetname: "nrf51__events__clear" label: "D:\programming\ada_projects\Ada_Drivers_Library\boards\MicroBit\src\microbit-ios.adb:266:7" }
edge: { sourcename: "D:\programming\ada_projects\Ada_Drivers_Library\boards\MicroBit\src\microbit-ios.adb:microbit__ios__pwm_timer_handler" targetname: "nrf51__timers__compare_event" label: "D:\programming\ada_projects\Ada_Drivers_Library\boards\MicroBit\src\microbit-ios.adb:266:23" }
node: { title: "D:\programming\ada_projects\Ada_Drivers_Library\boards\MicroBit\src\microbit-ios.adb:microbit__ios__configure_gpiote" label: "Configure_Gpiote\nD:\programming\ada_projects\Ada_Drivers_Library\boards\MicroBit\src\microbit-ios.adb:250:4\n16 bytes (static)" }
edge: { sourcename: "D:\programming\ada_projects\Ada_Drivers_Library\boards\MicroBit\src\microbit-ios.adb:microbit__ios__configure_gpiote" targetname: "nrf51__gpio__tasks_and_events__enable_task" label: "D:\programming\ada_projects\Ada_Drivers_Library\boards\MicroBit\src\microbit-ios.adb:253:34" }
node: { title: "D:\programming\ada_projects\Ada_Drivers_Library\boards\MicroBit\src\microbit-ios.adb:microbit__ios__configure_ppi" label: "Configure_Ppi\nD:\programming\ada_projects\Ada_Drivers_Library\boards\MicroBit\src\microbit-ios.adb:224:4\n32 bytes (static)" }
edge: { sourcename: "D:\programming\ada_projects\Ada_Drivers_Library\boards\MicroBit\src\microbit-ios.adb:microbit__ios__configure_ppi" targetname: "nrf51__ppi__enable_channel" label: "D:\programming\ada_projects\Ada_Drivers_Library\boards\MicroBit\src\microbit-ios.adb:243:16" }
edge: { sourcename: "D:\programming\ada_projects\Ada_Drivers_Library\boards\MicroBit\src\microbit-ios.adb:microbit__ios__configure_ppi" targetname: "nrf51__ppi__enable_channel" label: "D:\programming\ada_projects\Ada_Drivers_Library\boards\MicroBit\src\microbit-ios.adb:242:16" }
edge: { sourcename: "D:\programming\ada_projects\Ada_Drivers_Library\boards\MicroBit\src\microbit-ios.adb:microbit__ios__configure_ppi" targetname: "nrf51__ppi__configure" label: "D:\programming\ada_projects\Ada_Drivers_Library\boards\MicroBit\src\microbit-ios.adb:237:16" }
edge: { sourcename: "D:\programming\ada_projects\Ada_Drivers_Library\boards\MicroBit\src\microbit-ios.adb:microbit__ios__configure_ppi" targetname: "nrf51__gpio__tasks_and_events__out_task" label: "D:\programming\ada_projects\Ada_Drivers_Library\boards\MicroBit\src\microbit-ios.adb:240:21" }
edge: { sourcename: "D:\programming\ada_projects\Ada_Drivers_Library\boards\MicroBit\src\microbit-ios.adb:microbit__ios__configure_ppi" targetname: "nrf51__timers__compare_event" label: "D:\programming\ada_projects\Ada_Drivers_Library\boards\MicroBit\src\microbit-ios.adb:239:30" }
edge: { sourcename: "D:\programming\ada_projects\Ada_Drivers_Library\boards\MicroBit\src\microbit-ios.adb:microbit__ios__configure_ppi" targetname: "nrf51__ppi__configure" label: "D:\programming\ada_projects\Ada_Drivers_Library\boards\MicroBit\src\microbit-ios.adb:231:16" }
edge: { sourcename: "D:\programming\ada_projects\Ada_Drivers_Library\boards\MicroBit\src\microbit-ios.adb:microbit__ios__configure_ppi" targetname: "nrf51__gpio__tasks_and_events__out_task" label: "D:\programming\ada_projects\Ada_Drivers_Library\boards\MicroBit\src\microbit-ios.adb:234:21" }
edge: { sourcename: "D:\programming\ada_projects\Ada_Drivers_Library\boards\MicroBit\src\microbit-ios.adb:microbit__ios__configure_ppi" targetname: "nrf51__timers__compare_event" label: "D:\programming\ada_projects\Ada_Drivers_Library\boards\MicroBit\src\microbit-ios.adb:233:30" }
edge: { sourcename: "D:\programming\ada_projects\Ada_Drivers_Library\boards\MicroBit\src\microbit-ios.adb:microbit__ios__configure_ppi" targetname: "__gnat_last_chance_handler" label: "D:\programming\ada_projects\Ada_Drivers_Library\boards\MicroBit\src\microbit-ios.adb:226:44" }
edge: { sourcename: "D:\programming\ada_projects\Ada_Drivers_Library\boards\MicroBit\src\microbit-ios.adb:microbit__ios__configure_ppi" targetname: "__gnat_last_chance_handler" label: "D:\programming\ada_projects\Ada_Drivers_Library\boards\MicroBit\src\microbit-ios.adb:225:54" }
node: { title: "D:\programming\ada_projects\Ada_Drivers_Library\boards\MicroBit\src\microbit-ios.adb:microbit__ios__deallocate_pwm" label: "Deallocate_Pwm\nD:\programming\ada_projects\Ada_Drivers_Library\boards\MicroBit\src\microbit-ios.adb:211:4\n32 bytes (static)" }
edge: { sourcename: "D:\programming\ada_projects\Ada_Drivers_Library\boards\MicroBit\src\microbit-ios.adb:microbit__ios__deallocate_pwm" targetname: "D:\programming\ada_projects\Ada_Drivers_Library\boards\MicroBit\src\microbit-ios.adb:microbit__ios__deallocate_pwm___postconditions.4920" label: "D:\programming\ada_projects\Ada_Drivers_Library\boards\MicroBit\src\microbit-ios.adb:218:8" }
edge: { sourcename: "D:\programming\ada_projects\Ada_Drivers_Library\boards\MicroBit\src\microbit-ios.adb:microbit__ios__deallocate_pwm" targetname: "__gnat_last_chance_handler" label: "D:\programming\ada_projects\Ada_Drivers_Library\boards\MicroBit\src\microbit-ios.adb:216:21" }
edge: { sourcename: "D:\programming\ada_projects\Ada_Drivers_Library\boards\MicroBit\src\microbit-ios.adb:microbit__ios__deallocate_pwm" targetname: "__gnat_last_chance_handler" label: "D:\programming\ada_projects\Ada_Drivers_Library\boards\MicroBit\src\microbit-ios.adb:215:10" }
edge: { sourcename: "D:\programming\ada_projects\Ada_Drivers_Library\boards\MicroBit\src\microbit-ios.adb:microbit__ios__deallocate_pwm" targetname: "nrf51__gpio__tasks_and_events__disable" label: "D:\programming\ada_projects\Ada_Drivers_Library\boards\MicroBit\src\microbit-ios.adb:214:37" }
edge: { sourcename: "D:\programming\ada_projects\Ada_Drivers_Library\boards\MicroBit\src\microbit-ios.adb:microbit__ios__deallocate_pwm" targetname: "system__assertions__raise_assert_failure" label: "D:\programming\ada_projects\Ada_Drivers_Library\boards\MicroBit\src\microbit-ios.adb:157:19" }
edge: { sourcename: "D:\programming\ada_projects\Ada_Drivers_Library\boards\MicroBit\src\microbit-ios.adb:microbit__ios__deallocate_pwm" targetname: "D:\programming\ada_projects\Ada_Drivers_Library\boards\MicroBit\src\microbit-ios.adb:microbit__ios__has_pwm" label: "D:\programming\ada_projects\Ada_Drivers_Library\boards\MicroBit\src\microbit-ios.adb:157:19" }
node: { title: "D:\programming\ada_projects\Ada_Drivers_Library\boards\MicroBit\src\microbit-ios.adb:microbit__ios__deallocate_pwm___postconditions.4920" label: "Deallocate_Pwm\nD:\programming\ada_projects\Ada_Drivers_Library\boards\MicroBit\src\microbit-ios.adb:211:4\n24 bytes (static)" }
edge: { sourcename: "D:\programming\ada_projects\Ada_Drivers_Library\boards\MicroBit\src\microbit-ios.adb:microbit__ios__deallocate_pwm___postconditions.4920" targetname: "system__assertions__raise_assert_failure" label: "D:\programming\ada_projects\Ada_Drivers_Library\boards\MicroBit\src\microbit-ios.adb:158:19" }
edge: { sourcename: "D:\programming\ada_projects\Ada_Drivers_Library\boards\MicroBit\src\microbit-ios.adb:microbit__ios__deallocate_pwm___postconditions.4920" targetname: "D:\programming\ada_projects\Ada_Drivers_Library\boards\MicroBit\src\microbit-ios.adb:microbit__ios__has_pwm" label: "D:\programming\ada_projects\Ada_Drivers_Library\boards\MicroBit\src\microbit-ios.adb:158:23" }
node: { title: "D:\programming\ada_projects\Ada_Drivers_Library\boards\MicroBit\src\microbit-ios.adb:microbit__ios__allocate_pwm" label: "Allocate_Pwm\nD:\programming\ada_projects\Ada_Drivers_Library\boards\MicroBit\src\microbit-ios.adb:188:4\n32 bytes (static)" }
edge: { sourcename: "D:\programming\ada_projects\Ada_Drivers_Library\boards\MicroBit\src\microbit-ios.adb:microbit__ios__allocate_pwm" targetname: "D:\programming\ada_projects\Ada_Drivers_Library\boards\MicroBit\src\microbit-ios.adb:microbit__ios__configure_ppi" label: "D:\programming\ada_projects\Ada_Drivers_Library\boards\MicroBit\src\microbit-ios.adb:198:13" }
edge: { sourcename: "D:\programming\ada_projects\Ada_Drivers_Library\boards\MicroBit\src\microbit-ios.adb:microbit__ios__allocate_pwm" targetname: "__gnat_last_chance_handler" label: "D:\programming\ada_projects\Ada_Drivers_Library\boards\MicroBit\src\microbit-ios.adb:196:24" }
edge: { sourcename: "D:\programming\ada_projects\Ada_Drivers_Library\boards\MicroBit\src\microbit-ios.adb:microbit__ios__allocate_pwm" targetname: "system__assertions__raise_assert_failure" label: "D:\programming\ada_projects\Ada_Drivers_Library\boards\MicroBit\src\microbit-ios.adb:155:18" }
edge: { sourcename: "D:\programming\ada_projects\Ada_Drivers_Library\boards\MicroBit\src\microbit-ios.adb:microbit__ios__allocate_pwm" targetname: "D:\programming\ada_projects\Ada_Drivers_Library\boards\MicroBit\src\microbit-ios.adb:microbit__ios__has_pwm" label: "D:\programming\ada_projects\Ada_Drivers_Library\boards\MicroBit\src\microbit-ios.adb:155:22" }
node: { title: "D:\programming\ada_projects\Ada_Drivers_Library\boards\MicroBit\src\microbit-ios.adb:microbit__ios__to_compare_value" label: "To_Compare_Value\nD:\programming\ada_projects\Ada_Drivers_Library\boards\MicroBit\src\microbit-ios.adb:169:4\n32 bytes (static)" }
edge: { sourcename: "D:\programming\ada_projects\Ada_Drivers_Library\boards\MicroBit\src\microbit-ios.adb:microbit__ios__to_compare_value" targetname: "__aeabi_f2uiz" }
edge: { sourcename: "D:\programming\ada_projects\Ada_Drivers_Library\boards\MicroBit\src\microbit-ios.adb:microbit__ios__to_compare_value" targetname: "__aeabi_fsub" }
edge: { sourcename: "D:\programming\ada_projects\Ada_Drivers_Library\boards\MicroBit\src\microbit-ios.adb:microbit__ios__to_compare_value" targetname: "__aeabi_fmul" }
edge: { sourcename: "D:\programming\ada_projects\Ada_Drivers_Library\boards\MicroBit\src\microbit-ios.adb:microbit__ios__to_compare_value" targetname: "__aeabi_fdiv" }
edge: { sourcename: "D:\programming\ada_projects\Ada_Drivers_Library\boards\MicroBit\src\microbit-ios.adb:microbit__ios__to_compare_value" targetname: "__aeabi_i2f" }
edge: { sourcename: "D:\programming\ada_projects\Ada_Drivers_Library\boards\MicroBit\src\microbit-ios.adb:microbit__ios__to_compare_value" targetname: "__aeabi_ui2f" }
edge: { sourcename: "D:\programming\ada_projects\Ada_Drivers_Library\boards\MicroBit\src\microbit-ios.adb:microbit__ios__to_compare_value" targetname: "__aeabi_f2uiz" }
edge: { sourcename: "D:\programming\ada_projects\Ada_Drivers_Library\boards\MicroBit\src\microbit-ios.adb:microbit__ios__to_compare_value" targetname: "__aeabi_fadd" }
edge: { sourcename: "D:\programming\ada_projects\Ada_Drivers_Library\boards\MicroBit\src\microbit-ios.adb:microbit__ios__to_compare_value" targetname: "__aeabi_fmul" }
edge: { sourcename: "D:\programming\ada_projects\Ada_Drivers_Library\boards\MicroBit\src\microbit-ios.adb:microbit__ios__to_compare_value" targetname: "__aeabi_fdiv" }
edge: { sourcename: "D:\programming\ada_projects\Ada_Drivers_Library\boards\MicroBit\src\microbit-ios.adb:microbit__ios__to_compare_value" targetname: "__aeabi_i2f" }
edge: { sourcename: "D:\programming\ada_projects\Ada_Drivers_Library\boards\MicroBit\src\microbit-ios.adb:microbit__ios__to_compare_value" targetname: "__aeabi_ui2f" }
edge: { sourcename: "D:\programming\ada_projects\Ada_Drivers_Library\boards\MicroBit\src\microbit-ios.adb:microbit__ios__to_compare_value" targetname: "__aeabi_fcmpge" }
edge: { sourcename: "D:\programming\ada_projects\Ada_Drivers_Library\boards\MicroBit\src\microbit-ios.adb:microbit__ios__to_compare_value" targetname: "__aeabi_fmul" }
edge: { sourcename: "D:\programming\ada_projects\Ada_Drivers_Library\boards\MicroBit\src\microbit-ios.adb:microbit__ios__to_compare_value" targetname: "__aeabi_fdiv" }
edge: { sourcename: "D:\programming\ada_projects\Ada_Drivers_Library\boards\MicroBit\src\microbit-ios.adb:microbit__ios__to_compare_value" targetname: "__aeabi_i2f" }
edge: { sourcename: "D:\programming\ada_projects\Ada_Drivers_Library\boards\MicroBit\src\microbit-ios.adb:microbit__ios__to_compare_value" targetname: "__aeabi_ui2f" }
edge: { sourcename: "D:\programming\ada_projects\Ada_Drivers_Library\boards\MicroBit\src\microbit-ios.adb:microbit__ios__to_compare_value" targetname: "__gnat_last_chance_handler" label: "D:\programming\ada_projects\Ada_Drivers_Library\boards\MicroBit\src\microbit-ios.adb:172:36" }
edge: { sourcename: "D:\programming\ada_projects\Ada_Drivers_Library\boards\MicroBit\src\microbit-ios.adb:microbit__ios__to_compare_value" targetname: "__aeabi_fcmpge" }
edge: { sourcename: "D:\programming\ada_projects\Ada_Drivers_Library\boards\MicroBit\src\microbit-ios.adb:microbit__ios__to_compare_value" targetname: "__aeabi_fcmpun" }
edge: { sourcename: "D:\programming\ada_projects\Ada_Drivers_Library\boards\MicroBit\src\microbit-ios.adb:microbit__ios__to_compare_value" targetname: "__aeabi_fmul" }
edge: { sourcename: "D:\programming\ada_projects\Ada_Drivers_Library\boards\MicroBit\src\microbit-ios.adb:microbit__ios__to_compare_value" targetname: "__aeabi_fdiv" }
edge: { sourcename: "D:\programming\ada_projects\Ada_Drivers_Library\boards\MicroBit\src\microbit-ios.adb:microbit__ios__to_compare_value" targetname: "__aeabi_i2f" }
edge: { sourcename: "D:\programming\ada_projects\Ada_Drivers_Library\boards\MicroBit\src\microbit-ios.adb:microbit__ios__to_compare_value" targetname: "__aeabi_ui2f" }
edge: { sourcename: "D:\programming\ada_projects\Ada_Drivers_Library\boards\MicroBit\src\microbit-ios.adb:microbit__ios__to_compare_value" targetname: "__aeabi_fcmple" }
edge: { sourcename: "D:\programming\ada_projects\Ada_Drivers_Library\boards\MicroBit\src\microbit-ios.adb:microbit__ios__to_compare_value" targetname: "__aeabi_fcmpun" }
edge: { sourcename: "D:\programming\ada_projects\Ada_Drivers_Library\boards\MicroBit\src\microbit-ios.adb:microbit__ios__to_compare_value" targetname: "__aeabi_fmul" }
edge: { sourcename: "D:\programming\ada_projects\Ada_Drivers_Library\boards\MicroBit\src\microbit-ios.adb:microbit__ios__to_compare_value" targetname: "__aeabi_fdiv" }
edge: { sourcename: "D:\programming\ada_projects\Ada_Drivers_Library\boards\MicroBit\src\microbit-ios.adb:microbit__ios__to_compare_value" targetname: "__aeabi_i2f" }
edge: { sourcename: "D:\programming\ada_projects\Ada_Drivers_Library\boards\MicroBit\src\microbit-ios.adb:microbit__ios__to_compare_value" targetname: "__aeabi_ui2f" }
node: { title: "microbit__ios__TpwmsBIP" label: "Tpwmsbip\nD:\programming\ada_projects\Ada_Drivers_Library\boards\MicroBit\src\microbit-ios.adb:149:4\n32 bytes (static)" }
edge: { sourcename: "microbit__ios__TpwmsBIP" targetname: "microbit__ios__pwm_statusIP" label: "D:\programming\ada_projects\Ada_Drivers_Library\boards\MicroBit\src\microbit-ios.adb:149:4" }
node: { title: "microbit__ios__pwm_statusIP" label: "Pwm_Statusip\nD:\programming\ada_projects\Ada_Drivers_Library\boards\MicroBit\src\microbit-ios.adb:142:9\n16 bytes (static)" }
node: { title: "microbit__ios__supports" label: "Supports\nD:\programming\ada_projects\Ada_Drivers_Library\boards\MicroBit\src\microbit-ios.ads:38:4\n16 bytes (static)" }
edge: { sourcename: "microbit__ios__supports" targetname: "__gnat_last_chance_handler" label: "D:\programming\ada_projects\Ada_Drivers_Library\boards\MicroBit\src\microbit-ios.ads:46:32" }
edge: { sourcename: "microbit__ios__supports" targetname: "__gnat_last_chance_handler" label: "D:\programming\ada_projects\Ada_Drivers_Library\boards\MicroBit\src\microbit-ios.ads:43:32" }
edge: { sourcename: "microbit__ios__supports" targetname: "__gnat_last_chance_handler" label: "D:\programming\ada_projects\Ada_Drivers_Library\boards\MicroBit\src\microbit-ios.ads:40:32" }
edge: { sourcename: "microbit__ios__supports" targetname: "__gnat_last_chance_handler" label: "D:\programming\ada_projects\Ada_Drivers_Library\boards\MicroBit\src\microbit-ios.ads:39:12" }
edge: { sourcename: "microbit__ios__supports" targetname: "__gnat_last_chance_handler" label: "D:\programming\ada_projects\Ada_Drivers_Library\boards\MicroBit\src\microbit-ios.ads:39:12" }
}
