graph: { title: "D:\programming\ada_projects\Ada_Drivers_Library\boards\MicroBit\src\microbit-accelerometer.adb"
node: { title: "mma8653__mma8653_accelerometerIP" label: "MMA8653_ACCELEROMETERIP\nD:\programming\ada_projects\Ada_Drivers_Library\components\src\motion\mma8653\mma8653.ads:65:9" shape : ellipse }
node: { title: "microbit__i2c__controller" label: "Controller\nD:\programming\ada_projects\Ada_Drivers_Library\boards\MicroBit\src\microbit-i2c.ads:48:13" shape : ellipse }
node: { title: "mma8653__read_data" label: "READ_DATA\nD:\programming\ada_projects\Ada_Drivers_Library\components\src\motion\mma8653\mma8653.ads:62:13" shape : ellipse }
node: { title: "system__assertions__raise_assert_failure" label: "Raise_Assert_Failure\nD:\gnat\2018-arm-elf\arm-eabi\lib\gnat\ravenscar-sfp-microbit\gnat\s-assert.ads:46:14" shape : ellipse }
node: { title: "mma8653__configure" label: "CONFIGURE\nD:\programming\ada_projects\Ada_Drivers_Library\components\src\motion\mma8653\mma8653.ads:47:14" shape : ellipse }
node: { title: "microbit__i2c__initialize" label: "Initialize\nD:\programming\ada_projects\Ada_Drivers_Library\boards\MicroBit\src\microbit-i2c.ads:41:14" shape : ellipse }
node: { title: "microbit__i2c__initialized" label: "Initialized\nD:\programming\ada_projects\Ada_Drivers_Library\boards\MicroBit\src\microbit-i2c.ads:38:13" shape : ellipse }
node: { title: "microbit__accelerometer___elabb" label: "Accelerometer\nD:\programming\ada_projects\Ada_Drivers_Library\boards\MicroBit\src\microbit-accelerometer.adb:34:1\n8 bytes (static)" }
edge: { sourcename: "microbit__accelerometer___elabb" targetname: "mma8653__mma8653_accelerometerIP" label: "D:\programming\ada_projects\Ada_Drivers_Library\boards\MicroBit\src\microbit-accelerometer.adb:37:4" }
edge: { sourcename: "microbit__accelerometer___elabb" targetname: "microbit__i2c__controller" label: "D:\programming\ada_projects\Ada_Drivers_Library\boards\MicroBit\src\microbit-accelerometer.adb:37:59" }
node: { title: "microbit__accelerometer__data" label: "Data\nD:\programming\ada_projects\Ada_Drivers_Library\boards\MicroBit\src\microbit-accelerometer.adb:67:4\n24 bytes (static)" }
edge: { sourcename: "microbit__accelerometer__data" targetname: "mma8653__read_data" label: "D:\programming\ada_projects\Ada_Drivers_Library\boards\MicroBit\src\microbit-accelerometer.adb:68:11" }
edge: { sourcename: "microbit__accelerometer__data" targetname: "system__assertions__raise_assert_failure" label: "D:\programming\ada_projects\Ada_Drivers_Library\boards\MicroBit\src\microbit-accelerometer.ads:44:18" }
edge: { sourcename: "microbit__accelerometer__data" targetname: "microbit__accelerometer__initialized" label: "D:\programming\ada_projects\Ada_Drivers_Library\boards\MicroBit\src\microbit-accelerometer.ads:44:18" }
node: { title: "microbit__accelerometer__initialize" label: "Initialize\nD:\programming\ada_projects\Ada_Drivers_Library\boards\MicroBit\src\microbit-accelerometer.adb:50:4\n16 bytes (static)" }
edge: { sourcename: "microbit__accelerometer__initialize" targetname: "D:\programming\ada_projects\Ada_Drivers_Library\boards\MicroBit\src\microbit-accelerometer.adb:microbit__accelerometer__initialize___postconditions.4237" label: "D:\programming\ada_projects\Ada_Drivers_Library\boards\MicroBit\src\microbit-accelerometer.adb:61:8" }
edge: { sourcename: "microbit__accelerometer__initialize" targetname: "mma8653__configure" label: "D:\programming\ada_projects\Ada_Drivers_Library\boards\MicroBit\src\microbit-accelerometer.adb:56:10" }
edge: { sourcename: "microbit__accelerometer__initialize" targetname: "microbit__i2c__initialize" label: "D:\programming\ada_projects\Ada_Drivers_Library\boards\MicroBit\src\microbit-accelerometer.adb:53:22" }
edge: { sourcename: "microbit__accelerometer__initialize" targetname: "microbit__i2c__initialized" label: "D:\programming\ada_projects\Ada_Drivers_Library\boards\MicroBit\src\microbit-accelerometer.adb:52:26" }
node: { title: "D:\programming\ada_projects\Ada_Drivers_Library\boards\MicroBit\src\microbit-accelerometer.adb:microbit__accelerometer__initialize___postconditions.4237" label: "Initialize\nD:\programming\ada_projects\Ada_Drivers_Library\boards\MicroBit\src\microbit-accelerometer.adb:50:4\n24 bytes (static)" }
edge: { sourcename: "D:\programming\ada_projects\Ada_Drivers_Library\boards\MicroBit\src\microbit-accelerometer.adb:microbit__accelerometer__initialize___postconditions.4237" targetname: "system__assertions__raise_assert_failure" label: "D:\programming\ada_projects\Ada_Drivers_Library\boards\MicroBit\src\microbit-accelerometer.ads:40:19" }
edge: { sourcename: "D:\programming\ada_projects\Ada_Drivers_Library\boards\MicroBit\src\microbit-accelerometer.adb:microbit__accelerometer__initialize___postconditions.4237" targetname: "microbit__accelerometer__initialized" label: "D:\programming\ada_projects\Ada_Drivers_Library\boards\MicroBit\src\microbit-accelerometer.ads:40:19" }
node: { title: "microbit__accelerometer__initialized" label: "Initialized\nD:\programming\ada_projects\Ada_Drivers_Library\boards\MicroBit\src\microbit-accelerometer.adb:43:4\n8 bytes (static)" }
}
