class {
  classname: "microbit__time__mb_delays"
  label: "microbit__time__mb_delays\microbit-time.ads:67:9"
  parent: "hal__time__delays"
  virtuals: "1:microbit__time__delay_microseconds__2,1:hal__time__delays\n
             2:microbit__time__delay_milliseconds__2,2:hal__time__delays\n
             3:microbit__time__delay_seconds__2,3:hal__time__delays\n
             -1:microbit__time___size__2,-1:hal__time__delays\n
             -6:microbit__time__Oeq\n
             -7:microbit__time___assign"
}
graph: { title: "D:\programming\ada_projects\Ada_Drivers_Library\boards\MicroBit\src\microbit-time.adb"
node: { title: "__aeabi_idiv" label: "aeabi_idiv\n<built-in>" shape : ellipse }
node: { title: "system__assertions__raise_assert_failure" label: "Raise_Assert_Failure\nD:\gnat\2018-arm-elf\arm-eabi\lib\gnat\ravenscar-sfp-microbit\gnat\s-assert.ads:46:14" shape : ellipse }
node: { title: "__gnat_last_chance_handler" label: "gnat_last_chance_handler\n<built-in>" shape : ellipse }
node: { title: "nrf51__events__clear" label: "Clear\nD:\programming\ada_projects\Ada_Drivers_Library\arch\ARM\Nordic\drivers\nrf51-events.ads:61:14" shape : ellipse }
node: { title: "nrf51__rtc__clear" label: "Clear\nD:\programming\ada_projects\Ada_Drivers_Library\arch\ARM\Nordic\drivers\nrf51-rtc.ads:46:14" shape : ellipse }
node: { title: "nrf51__rtc__start" label: "Start\nD:\programming\ada_projects\Ada_Drivers_Library\arch\ARM\Nordic\drivers\nrf51-rtc.ads:44:14" shape : ellipse }
node: { title: "nrf51__interrupts__enable" label: "Enable\nD:\programming\ada_projects\Ada_Drivers_Library\arch\ARM\Nordic\drivers\nrf51-interrupts.ads:72:14" shape : ellipse }
node: { title: "nrf51__interrupts__register" label: "Register\nD:\programming\ada_projects\Ada_Drivers_Library\arch\ARM\Nordic\drivers\nrf51-interrupts.ads:78:14" shape : ellipse }
node: { title: "nrf51__events__enable_interrupt" label: "Enable_Interrupt\nD:\programming\ada_projects\Ada_Drivers_Library\arch\ARM\Nordic\drivers\nrf51-events.ads:57:14" shape : ellipse }
node: { title: "nrf51__rtc__enable_event" label: "Enable_Event\nD:\programming\ada_projects\Ada_Drivers_Library\arch\ARM\Nordic\drivers\nrf51-rtc.ads:60:14" shape : ellipse }
node: { title: "nrf51__rtc__set_compare" label: "Set_Compare\nD:\programming\ada_projects\Ada_Drivers_Library\arch\ARM\Nordic\drivers\nrf51-rtc.ads:53:14" shape : ellipse }
node: { title: "nrf51__rtc__set_prescaler" label: "Set_Prescaler\nD:\programming\ada_projects\Ada_Drivers_Library\arch\ARM\Nordic\drivers\nrf51-rtc.ads:48:14" shape : ellipse }
node: { title: "nrf51__rtc__stop" label: "Stop\nD:\programming\ada_projects\Ada_Drivers_Library\arch\ARM\Nordic\drivers\nrf51-rtc.ads:45:14" shape : ellipse }
node: { title: "nrf51__clock__start_low_freq" label: "Start_Low_Freq\nD:\programming\ada_projects\Ada_Drivers_Library\arch\ARM\Nordic\drivers\nrf51-clock.ads:65:14" shape : ellipse }
node: { title: "nrf51__clock__set_low_freq_source" label: "Set_Low_Freq_Source\nD:\programming\ada_projects\Ada_Drivers_Library\arch\ARM\Nordic\drivers\nrf51-clock.ads:59:14" shape : ellipse }
node: { title: "nrf51__clock__low_freq_running" label: "Low_Freq_Running\nD:\programming\ada_projects\Ada_Drivers_Library\arch\ARM\Nordic\drivers\nrf51-clock.ads:63:13" shape : ellipse }
node: { title: "microbit__time___elabb" label: "Time\nD:\programming\ada_projects\Ada_Drivers_Library\boards\MicroBit\src\microbit-time.adb:39:1\n8 bytes (static)" }
edge: { sourcename: "microbit__time___elabb" targetname: "D:\programming\ada_projects\Ada_Drivers_Library\boards\MicroBit\src\microbit-time.adb:microbit__time__initialize" label: "D:\programming\ada_projects\Ada_Drivers_Library\boards\MicroBit\src\microbit-time.adb:245:4" }
edge: { sourcename: "microbit__time___elabb" targetname: "microbit__time__mb_delaysIP" label: "D:\programming\ada_projects\Ada_Drivers_Library\boards\MicroBit\src\microbit-time.adb:198:4" }
node: { title: "microbit__time__delay_seconds__2" label: "Delay_Seconds\nD:\programming\ada_projects\Ada_Drivers_Library\boards\MicroBit\src\microbit-time.adb:236:4\n24 bytes (static)" }
edge: { sourcename: "microbit__time__delay_seconds__2" targetname: "microbit__time__delay_ms" label: "D:\programming\ada_projects\Ada_Drivers_Library\boards\MicroBit\src\microbit-time.adb:241:7" }
edge: { sourcename: "microbit__time__delay_seconds__2" targetname: "__gnat_last_chance_handler" label: "D:\programming\ada_projects\Ada_Drivers_Library\boards\MicroBit\src\microbit-time.adb:241:7" }
edge: { sourcename: "microbit__time__delay_seconds__2" targetname: "__gnat_last_chance_handler" label: "D:\programming\ada_projects\Ada_Drivers_Library\boards\MicroBit\src\microbit-time.adb:241:27" }
edge: { sourcename: "microbit__time__delay_seconds__2" targetname: "__gnat_last_chance_handler" label: "D:\programming\ada_projects\Ada_Drivers_Library\boards\MicroBit\src\microbit-time.adb:236:4" }
node: { title: "microbit__time__delay_milliseconds__2" label: "Delay_Milliseconds\nD:\programming\ada_projects\Ada_Drivers_Library\boards\MicroBit\src\microbit-time.adb:223:4\n24 bytes (static)" }
edge: { sourcename: "microbit__time__delay_milliseconds__2" targetname: "microbit__time__delay_ms" label: "D:\programming\ada_projects\Ada_Drivers_Library\boards\MicroBit\src\microbit-time.adb:228:7" }
edge: { sourcename: "microbit__time__delay_milliseconds__2" targetname: "__gnat_last_chance_handler" label: "D:\programming\ada_projects\Ada_Drivers_Library\boards\MicroBit\src\microbit-time.adb:228:7" }
edge: { sourcename: "microbit__time__delay_milliseconds__2" targetname: "__gnat_last_chance_handler" label: "D:\programming\ada_projects\Ada_Drivers_Library\boards\MicroBit\src\microbit-time.adb:223:4" }
node: { title: "microbit__time__delay_microseconds__2" label: "Delay_Microseconds\nD:\programming\ada_projects\Ada_Drivers_Library\boards\MicroBit\src\microbit-time.adb:210:4\n24 bytes (static)" }
edge: { sourcename: "microbit__time__delay_microseconds__2" targetname: "microbit__time__delay_ms" label: "D:\programming\ada_projects\Ada_Drivers_Library\boards\MicroBit\src\microbit-time.adb:215:7" }
edge: { sourcename: "microbit__time__delay_microseconds__2" targetname: "__aeabi_idiv" }
edge: { sourcename: "microbit__time__delay_microseconds__2" targetname: "__gnat_last_chance_handler" label: "D:\programming\ada_projects\Ada_Drivers_Library\boards\MicroBit\src\microbit-time.adb:215:7" }
edge: { sourcename: "microbit__time__delay_microseconds__2" targetname: "__gnat_last_chance_handler" label: "D:\programming\ada_projects\Ada_Drivers_Library\boards\MicroBit\src\microbit-time.adb:210:4" }
node: { title: "microbit__time__hal_delay" label: "Hal_Delay\nD:\programming\ada_projects\Ada_Drivers_Library\boards\MicroBit\src\microbit-time.adb:200:4\n8 bytes (static)" }
node: { title: "microbit__time__tick_unsubscribe" label: "Tick_Unsubscribe\nD:\programming\ada_projects\Ada_Drivers_Library\boards\MicroBit\src\microbit-time.adb:183:4\n40 bytes (static)" }
edge: { sourcename: "microbit__time__tick_unsubscribe" targetname: "D:\programming\ada_projects\Ada_Drivers_Library\boards\MicroBit\src\microbit-time.adb:microbit__time__tick_unsubscribe___postconditions.5060" label: "D:\programming\ada_projects\Ada_Drivers_Library\boards\MicroBit\src\microbit-time.adb:191:7" }
edge: { sourcename: "microbit__time__tick_unsubscribe" targetname: "D:\programming\ada_projects\Ada_Drivers_Library\boards\MicroBit\src\microbit-time.adb:microbit__time__tick_unsubscribe___postconditions.5060" label: "D:\programming\ada_projects\Ada_Drivers_Library\boards\MicroBit\src\microbit-time.adb:188:13" }
edge: { sourcename: "microbit__time__tick_unsubscribe" targetname: "system__assertions__raise_assert_failure" label: "D:\programming\ada_projects\Ada_Drivers_Library\boards\MicroBit\src\microbit-time.ads:59:19" }
edge: { sourcename: "microbit__time__tick_unsubscribe" targetname: "microbit__time__tick_subscriber" label: "D:\programming\ada_projects\Ada_Drivers_Library\boards\MicroBit\src\microbit-time.ads:59:19" }
node: { title: "D:\programming\ada_projects\Ada_Drivers_Library\boards\MicroBit\src\microbit-time.adb:microbit__time__tick_unsubscribe___postconditions.5060" label: "Tick_Unsubscribe\nD:\programming\ada_projects\Ada_Drivers_Library\boards\MicroBit\src\microbit-time.adb:183:4\n24 bytes (static)" }
edge: { sourcename: "D:\programming\ada_projects\Ada_Drivers_Library\boards\MicroBit\src\microbit-time.adb:microbit__time__tick_unsubscribe___postconditions.5060" targetname: "system__assertions__raise_assert_failure" label: "D:\programming\ada_projects\Ada_Drivers_Library\boards\MicroBit\src\microbit-time.ads:60:20" }
edge: { sourcename: "D:\programming\ada_projects\Ada_Drivers_Library\boards\MicroBit\src\microbit-time.adb:microbit__time__tick_unsubscribe___postconditions.5060" targetname: "microbit__time__tick_subscriber" label: "D:\programming\ada_projects\Ada_Drivers_Library\boards\MicroBit\src\microbit-time.ads:60:56" }
node: { title: "microbit__time__tick_subscribe" label: "Tick_Subscribe\nD:\programming\ada_projects\Ada_Drivers_Library\boards\MicroBit\src\microbit-time.adb:167:4\n40 bytes (static)" }
edge: { sourcename: "microbit__time__tick_subscribe" targetname: "D:\programming\ada_projects\Ada_Drivers_Library\boards\MicroBit\src\microbit-time.adb:microbit__time__tick_subscribe___postconditions.5048" label: "D:\programming\ada_projects\Ada_Drivers_Library\boards\MicroBit\src\microbit-time.adb:176:7" }
edge: { sourcename: "microbit__time__tick_subscribe" targetname: "D:\programming\ada_projects\Ada_Drivers_Library\boards\MicroBit\src\microbit-time.adb:microbit__time__tick_subscribe___postconditions.5048" label: "D:\programming\ada_projects\Ada_Drivers_Library\boards\MicroBit\src\microbit-time.adb:172:13" }
edge: { sourcename: "microbit__time__tick_subscribe" targetname: "system__assertions__raise_assert_failure" label: "D:\programming\ada_projects\Ada_Drivers_Library\boards\MicroBit\src\microbit-time.ads:53:19" }
edge: { sourcename: "microbit__time__tick_subscribe" targetname: "microbit__time__tick_subscriber" label: "D:\programming\ada_projects\Ada_Drivers_Library\boards\MicroBit\src\microbit-time.ads:53:23" }
node: { title: "D:\programming\ada_projects\Ada_Drivers_Library\boards\MicroBit\src\microbit-time.adb:microbit__time__tick_subscribe___postconditions.5048" label: "Tick_Subscribe\nD:\programming\ada_projects\Ada_Drivers_Library\boards\MicroBit\src\microbit-time.adb:167:4\n24 bytes (static)" }
edge: { sourcename: "D:\programming\ada_projects\Ada_Drivers_Library\boards\MicroBit\src\microbit-time.adb:microbit__time__tick_subscribe___postconditions.5048" targetname: "system__assertions__raise_assert_failure" label: "D:\programming\ada_projects\Ada_Drivers_Library\boards\MicroBit\src\microbit-time.ads:54:20" }
edge: { sourcename: "D:\programming\ada_projects\Ada_Drivers_Library\boards\MicroBit\src\microbit-time.adb:microbit__time__tick_subscribe___postconditions.5048" targetname: "microbit__time__tick_subscriber" label: "D:\programming\ada_projects\Ada_Drivers_Library\boards\MicroBit\src\microbit-time.ads:54:50" }
node: { title: "microbit__time__tick_subscriber" label: "Tick_Subscriber\nD:\programming\ada_projects\Ada_Drivers_Library\boards\MicroBit\src\microbit-time.adb:153:4\n24 bytes (static)" }
node: { title: "microbit__time__tick_period" label: "Tick_Period\nD:\programming\ada_projects\Ada_Drivers_Library\boards\MicroBit\src\microbit-time.adb:144:4\n12 bytes (static)" }
node: { title: "microbit__time__delay_ms" label: "Delay_Ms\nD:\programming\ada_projects\Ada_Drivers_Library\boards\MicroBit\src\microbit-time.adb:131:4\n32 bytes (static)" }
edge: { sourcename: "microbit__time__delay_ms" targetname: "microbit__time__clock" label: "D:\programming\ada_projects\Ada_Drivers_Library\boards\MicroBit\src\microbit-time.adb:134:27" }
edge: { sourcename: "microbit__time__delay_ms" targetname: "microbit__time__clock" label: "D:\programming\ada_projects\Ada_Drivers_Library\boards\MicroBit\src\microbit-time.adb:132:40" }
node: { title: "microbit__time__clock" label: "Clock\nD:\programming\ada_projects\Ada_Drivers_Library\boards\MicroBit\src\microbit-time.adb:122:4\n12 bytes (static)" }
node: { title: "D:\programming\ada_projects\Ada_Drivers_Library\boards\MicroBit\src\microbit-time.adb:microbit__time__rtc1_irqhandler" label: "Rtc1_Irqhandler\nD:\programming\ada_projects\Ada_Drivers_Library\boards\MicroBit\src\microbit-time.adb:98:4\n24 bytes (static)" }
edge: { sourcename: "D:\programming\ada_projects\Ada_Drivers_Library\boards\MicroBit\src\microbit-time.adb:microbit__time__rtc1_irqhandler" targetname: "__indirect_call" label: "D:\programming\ada_projects\Ada_Drivers_Library\boards\MicroBit\src\microbit-time.adb:112:18" }
node: { title: "__indirect_call" label: "Indirect Call Placeholder" shape : ellipse }
edge: { sourcename: "D:\programming\ada_projects\Ada_Drivers_Library\boards\MicroBit\src\microbit-time.adb:microbit__time__rtc1_irqhandler" targetname: "__gnat_last_chance_handler" label: "D:\programming\ada_projects\Ada_Drivers_Library\boards\MicroBit\src\microbit-time.adb:112:18" }
edge: { sourcename: "D:\programming\ada_projects\Ada_Drivers_Library\boards\MicroBit\src\microbit-time.adb:microbit__time__rtc1_irqhandler" targetname: "D:\programming\ada_projects\Ada_Drivers_Library\boards\MicroBit\src\microbit-time.adb:microbit__time__update_clock" label: "D:\programming\ada_projects\Ada_Drivers_Library\boards\MicroBit\src\microbit-time.adb:106:7" }
edge: { sourcename: "D:\programming\ada_projects\Ada_Drivers_Library\boards\MicroBit\src\microbit-time.adb:microbit__time__rtc1_irqhandler" targetname: "nrf51__events__clear" label: "D:\programming\ada_projects\Ada_Drivers_Library\boards\MicroBit\src\microbit-time.adb:104:19" }
edge: { sourcename: "D:\programming\ada_projects\Ada_Drivers_Library\boards\MicroBit\src\microbit-time.adb:microbit__time__rtc1_irqhandler" targetname: "nrf51__rtc__start" label: "D:\programming\ada_projects\Ada_Drivers_Library\boards\MicroBit\src\microbit-time.adb:102:7" }
edge: { sourcename: "D:\programming\ada_projects\Ada_Drivers_Library\boards\MicroBit\src\microbit-time.adb:microbit__time__rtc1_irqhandler" targetname: "nrf51__rtc__clear" label: "D:\programming\ada_projects\Ada_Drivers_Library\boards\MicroBit\src\microbit-time.adb:101:7" }
edge: { sourcename: "D:\programming\ada_projects\Ada_Drivers_Library\boards\MicroBit\src\microbit-time.adb:microbit__time__rtc1_irqhandler" targetname: "nrf51__rtc__stop" label: "D:\programming\ada_projects\Ada_Drivers_Library\boards\MicroBit\src\microbit-time.adb:100:7" }
node: { title: "D:\programming\ada_projects\Ada_Drivers_Library\boards\MicroBit\src\microbit-time.adb:microbit__time__update_clock" label: "Update_Clock\nD:\programming\ada_projects\Ada_Drivers_Library\boards\MicroBit\src\microbit-time.adb:89:4\n12 bytes (static)" }
node: { title: "D:\programming\ada_projects\Ada_Drivers_Library\boards\MicroBit\src\microbit-time.adb:microbit__time__initialize" label: "Initialize\nD:\programming\ada_projects\Ada_Drivers_Library\boards\MicroBit\src\microbit-time.adb:56:4\n8 bytes (static)" }
edge: { sourcename: "D:\programming\ada_projects\Ada_Drivers_Library\boards\MicroBit\src\microbit-time.adb:microbit__time__initialize" targetname: "nrf51__rtc__start" label: "D:\programming\ada_projects\Ada_Drivers_Library\boards\MicroBit\src\microbit-time.adb:82:7" }
edge: { sourcename: "D:\programming\ada_projects\Ada_Drivers_Library\boards\MicroBit\src\microbit-time.adb:microbit__time__initialize" targetname: "nrf51__interrupts__enable" label: "D:\programming\ada_projects\Ada_Drivers_Library\boards\MicroBit\src\microbit-time.adb:80:23" }
edge: { sourcename: "D:\programming\ada_projects\Ada_Drivers_Library\boards\MicroBit\src\microbit-time.adb:microbit__time__initialize" targetname: "nrf51__interrupts__register" label: "D:\programming\ada_projects\Ada_Drivers_Library\boards\MicroBit\src\microbit-time.adb:77:23" }
edge: { sourcename: "D:\programming\ada_projects\Ada_Drivers_Library\boards\MicroBit\src\microbit-time.adb:microbit__time__initialize" targetname: "nrf51__events__enable_interrupt" label: "D:\programming\ada_projects\Ada_Drivers_Library\boards\MicroBit\src\microbit-time.adb:75:19" }
edge: { sourcename: "D:\programming\ada_projects\Ada_Drivers_Library\boards\MicroBit\src\microbit-time.adb:microbit__time__initialize" targetname: "nrf51__rtc__enable_event" label: "D:\programming\ada_projects\Ada_Drivers_Library\boards\MicroBit\src\microbit-time.adb:73:7" }
edge: { sourcename: "D:\programming\ada_projects\Ada_Drivers_Library\boards\MicroBit\src\microbit-time.adb:microbit__time__initialize" targetname: "nrf51__rtc__set_compare" label: "D:\programming\ada_projects\Ada_Drivers_Library\boards\MicroBit\src\microbit-time.adb:71:7" }
edge: { sourcename: "D:\programming\ada_projects\Ada_Drivers_Library\boards\MicroBit\src\microbit-time.adb:microbit__time__initialize" targetname: "nrf51__rtc__set_prescaler" label: "D:\programming\ada_projects\Ada_Drivers_Library\boards\MicroBit\src\microbit-time.adb:70:7" }
edge: { sourcename: "D:\programming\ada_projects\Ada_Drivers_Library\boards\MicroBit\src\microbit-time.adb:microbit__time__initialize" targetname: "nrf51__rtc__stop" label: "D:\programming\ada_projects\Ada_Drivers_Library\boards\MicroBit\src\microbit-time.adb:67:7" }
edge: { sourcename: "D:\programming\ada_projects\Ada_Drivers_Library\boards\MicroBit\src\microbit-time.adb:microbit__time__initialize" targetname: "nrf51__clock__low_freq_running" label: "D:\programming\ada_projects\Ada_Drivers_Library\boards\MicroBit\src\microbit-time.adb:63:29" }
edge: { sourcename: "D:\programming\ada_projects\Ada_Drivers_Library\boards\MicroBit\src\microbit-time.adb:microbit__time__initialize" targetname: "nrf51__clock__start_low_freq" label: "D:\programming\ada_projects\Ada_Drivers_Library\boards\MicroBit\src\microbit-time.adb:60:16" }
edge: { sourcename: "D:\programming\ada_projects\Ada_Drivers_Library\boards\MicroBit\src\microbit-time.adb:microbit__time__initialize" targetname: "nrf51__clock__set_low_freq_source" label: "D:\programming\ada_projects\Ada_Drivers_Library\boards\MicroBit\src\microbit-time.adb:59:16" }
edge: { sourcename: "D:\programming\ada_projects\Ada_Drivers_Library\boards\MicroBit\src\microbit-time.adb:microbit__time__initialize" targetname: "nrf51__clock__low_freq_running" label: "D:\programming\ada_projects\Ada_Drivers_Library\boards\MicroBit\src\microbit-time.adb:58:20" }
node: { title: "microbit__time___assign" label: "Time\nD:\programming\ada_projects\Ada_Drivers_Library\boards\MicroBit\src\microbit-time.ads:67:9\n16 bytes (static)" }
node: { title: "microbit__time__Oeq" label: "=\nD:\programming\ada_projects\Ada_Drivers_Library\boards\MicroBit\src\microbit-time.ads:67:4\n16 bytes (static)" }
node: { title: "microbit__time___size__2" label: "Time\nD:\programming\ada_projects\Ada_Drivers_Library\boards\MicroBit\src\microbit-time.ads:67:9\n24 bytes (static)" }
node: { title: "microbit__time__mb_delaysIP" label: "Mb_Delaysip\nD:\programming\ada_projects\Ada_Drivers_Library\boards\MicroBit\src\microbit-time.ads:67:9\n16 bytes (static)" }
}
