graph: { title: "D:\programming\ada_projects\Ada_Drivers_Library\arch\ARM\Nordic\svd\nrf51\nrf51_svd-uart.ads"
node: { title: "nrf51_svd__uart__uart_peripheralIP" label: "UART_PERIPHERALIP\nD:\programming\ada_projects\Ada_Drivers_Library\arch\ARM\Nordic\svd\nrf51\nrf51_svd-uart.ads:727:9\n16 bytes (static)" }
edge: { sourcename: "nrf51_svd__uart__uart_peripheralIP" targetname: "nrf51_svd__uart__power_registerIP" label: "D:\programming\ada_projects\Ada_Drivers_Library\arch\ARM\Nordic\svd\nrf51\nrf51_svd-uart.ads:779:7" }
edge: { sourcename: "nrf51_svd__uart__uart_peripheralIP" targetname: "nrf51_svd__uart__config_registerIP" label: "D:\programming\ada_projects\Ada_Drivers_Library\arch\ARM\Nordic\svd\nrf51\nrf51_svd-uart.ads:777:7" }
edge: { sourcename: "nrf51_svd__uart__uart_peripheralIP" targetname: "nrf51_svd__uart__txd_registerIP" label: "D:\programming\ada_projects\Ada_Drivers_Library\arch\ARM\Nordic\svd\nrf51\nrf51_svd-uart.ads:773:7" }
edge: { sourcename: "nrf51_svd__uart__uart_peripheralIP" targetname: "nrf51_svd__uart__enable_registerIP" label: "D:\programming\ada_projects\Ada_Drivers_Library\arch\ARM\Nordic\svd\nrf51\nrf51_svd-uart.ads:759:7" }
edge: { sourcename: "nrf51_svd__uart__uart_peripheralIP" targetname: "nrf51_svd__uart__errorsrc_registerIP" label: "D:\programming\ada_projects\Ada_Drivers_Library\arch\ARM\Nordic\svd\nrf51\nrf51_svd-uart.ads:757:7" }
edge: { sourcename: "nrf51_svd__uart__uart_peripheralIP" targetname: "nrf51_svd__uart__intenclr_registerIP" label: "D:\programming\ada_projects\Ada_Drivers_Library\arch\ARM\Nordic\svd\nrf51\nrf51_svd-uart.ads:755:7" }
edge: { sourcename: "nrf51_svd__uart__uart_peripheralIP" targetname: "nrf51_svd__uart__intenset_registerIP" label: "D:\programming\ada_projects\Ada_Drivers_Library\arch\ARM\Nordic\svd\nrf51\nrf51_svd-uart.ads:753:7" }
edge: { sourcename: "nrf51_svd__uart__uart_peripheralIP" targetname: "nrf51_svd__uart__shorts_registerIP" label: "D:\programming\ada_projects\Ada_Drivers_Library\arch\ARM\Nordic\svd\nrf51\nrf51_svd-uart.ads:751:7" }
node: { title: "nrf51_svd__uart__power_registerIP" label: "POWER_REGISTERIP\nD:\programming\ada_projects\Ada_Drivers_Library\arch\ARM\Nordic\svd\nrf51\nrf51_svd-uart.ads:708:9\n16 bytes (static)" }
node: { title: "nrf51_svd__uart__config_registerIP" label: "CONFIG_REGISTERIP\nD:\programming\ada_projects\Ada_Drivers_Library\arch\ARM\Nordic\svd\nrf51\nrf51_svd-uart.ads:678:9\n16 bytes (static)" }
node: { title: "nrf51_svd__uart__txd_registerIP" label: "TXD_REGISTERIP\nD:\programming\ada_projects\Ada_Drivers_Library\arch\ARM\Nordic\svd\nrf51\nrf51_svd-uart.ads:639:9\n16 bytes (static)" }
node: { title: "nrf51_svd__uart__rxd_registerIP" label: "RXD_REGISTERIP\nD:\programming\ada_projects\Ada_Drivers_Library\arch\ARM\Nordic\svd\nrf51\nrf51_svd-uart.ads:621:9\n16 bytes (static)" }
node: { title: "nrf51_svd__uart__enable_registerIP" label: "ENABLE_REGISTERIP\nD:\programming\ada_projects\Ada_Drivers_Library\arch\ARM\Nordic\svd\nrf51\nrf51_svd-uart.ads:602:9\n16 bytes (static)" }
node: { title: "nrf51_svd__uart__errorsrc_registerIP" label: "ERRORSRC_REGISTERIP\nD:\programming\ada_projects\Ada_Drivers_Library\arch\ARM\Nordic\svd\nrf51\nrf51_svd-uart.ads:560:9\n16 bytes (static)" }
node: { title: "nrf51_svd__uart__intenclr_registerIP" label: "INTENCLR_REGISTERIP\nD:\programming\ada_projects\Ada_Drivers_Library\arch\ARM\Nordic\svd\nrf51\nrf51_svd-uart.ads:419:9\n16 bytes (static)" }
node: { title: "nrf51_svd__uart__intenset_registerIP" label: "INTENSET_REGISTERIP\nD:\programming\ada_projects\Ada_Drivers_Library\arch\ARM\Nordic\svd\nrf51\nrf51_svd-uart.ads:236:9\n16 bytes (static)" }
node: { title: "nrf51_svd__uart__shorts_registerIP" label: "SHORTS_REGISTERIP\nD:\programming\ada_projects\Ada_Drivers_Library\arch\ARM\Nordic\svd\nrf51\nrf51_svd-uart.ads:71:9\n16 bytes (static)" }
node: { title: "nrf51_svd__uart__config_parity_fieldRP" label: "CONFIG_PARITY_FIELDRP\nD:\programming\ada_projects\Ada_Drivers_Library\arch\ARM\Nordic\svd\nrf51\nrf51_svd-uart.ads:666:9\n16 bytes (static)" }
node: { title: "nrf51_svd__uart__enable_enable_fieldRP" label: "ENABLE_ENABLE_FIELDRP\nD:\programming\ada_projects\Ada_Drivers_Library\arch\ARM\Nordic\svd\nrf51\nrf51_svd-uart.ads:590:9\n16 bytes (static)" }
}
