graph: { title: "D:\programming\ada_projects\Ada_Drivers_Library\arch\ARM\Nordic\svd\nrf51\nrf51_svd-uicr.ads"
node: { title: "memcmp" label: "builtin_memcmp\n<built-in>" shape : ellipse }
node: { title: "nrf51_svd__uicr__uicr_peripheralIP" label: "UICR_PERIPHERALIP\nD:\programming\ada_projects\Ada_Drivers_Library\arch\ARM\Nordic\svd\nrf51\nrf51_svd-uicr.ads:164:9\n16 bytes (static)" }
edge: { sourcename: "nrf51_svd__uicr__uicr_peripheralIP" targetname: "nrf51_svd__uicr__xtalfreq_registerIP" label: "D:\programming\ada_projects\Ada_Drivers_Library\arch\ARM\Nordic\svd\nrf51\nrf51_svd-uicr.ads:172:7" }
edge: { sourcename: "nrf51_svd__uicr__uicr_peripheralIP" targetname: "nrf51_svd__uicr__rbpconf_registerIP" label: "D:\programming\ada_projects\Ada_Drivers_Library\arch\ARM\Nordic\svd\nrf51\nrf51_svd-uicr.ads:170:7" }
node: { title: "nrf51_svd__uicr__uicr_peripheralEQ" label: "UICR_PERIPHERALEQ\nD:\programming\ada_projects\Ada_Drivers_Library\arch\ARM\Nordic\svd\nrf51\nrf51_svd-uicr.ads:164:9\n24 bytes (static)" }
edge: { sourcename: "nrf51_svd__uicr__uicr_peripheralEQ" targetname: "memcmp" label: "D:\programming\ada_projects\Ada_Drivers_Library\arch\ARM\Nordic\svd\nrf51\nrf51_svd-uicr.ads:164:9" }
edge: { sourcename: "nrf51_svd__uicr__uicr_peripheralEQ" targetname: "memcmp" label: "D:\programming\ada_projects\Ada_Drivers_Library\arch\ARM\Nordic\svd\nrf51\nrf51_svd-uicr.ads:164:9" }
edge: { sourcename: "nrf51_svd__uicr__uicr_peripheralEQ" targetname: "memcmp" label: "D:\programming\ada_projects\Ada_Drivers_Library\arch\ARM\Nordic\svd\nrf51\nrf51_svd-uicr.ads:164:9" }
node: { title: "nrf51_svd__uicr__Tnrffw_registersBIP" label: "TNRFFW_REGISTERSBIP\nD:\programming\ada_projects\Ada_Drivers_Library\arch\ARM\Nordic\svd\nrf51\nrf51_svd-uicr.ads:139:4\n16 bytes (static)" }
node: { title: "nrf51_svd__uicr__Tcustomer_registersBIP" label: "TCUSTOMER_REGISTERSBIP\nD:\programming\ada_projects\Ada_Drivers_Library\arch\ARM\Nordic\svd\nrf51\nrf51_svd-uicr.ads:151:4\n16 bytes (static)" }
node: { title: "nrf51_svd__uicr__Tnrfhw_registersBIP" label: "TNRFHW_REGISTERSBIP\nD:\programming\ada_projects\Ada_Drivers_Library\arch\ARM\Nordic\svd\nrf51\nrf51_svd-uicr.ads:145:4\n16 bytes (static)" }
node: { title: "nrf51_svd__uicr__fwid_registerIP" label: "FWID_REGISTERIP\nD:\programming\ada_projects\Ada_Drivers_Library\arch\ARM\Nordic\svd\nrf51\nrf51_svd-uicr.ads:121:9\n16 bytes (static)" }
node: { title: "nrf51_svd__uicr__xtalfreq_registerIP" label: "XTALFREQ_REGISTERIP\nD:\programming\ada_projects\Ada_Drivers_Library\arch\ARM\Nordic\svd\nrf51\nrf51_svd-uicr.ads:103:9\n16 bytes (static)" }
node: { title: "nrf51_svd__uicr__rbpconf_registerIP" label: "RBPCONF_REGISTERIP\nD:\programming\ada_projects\Ada_Drivers_Library\arch\ARM\Nordic\svd\nrf51\nrf51_svd-uicr.ads:72:9\n16 bytes (static)" }
node: { title: "nrf51_svd__uicr__xtalfreq_xtalfreq_fieldRP" label: "XTALFREQ_XTALFREQ_FIELDRP\nD:\programming\ada_projects\Ada_Drivers_Library\arch\ARM\Nordic\svd\nrf51\nrf51_svd-uicr.ads:91:9\n16 bytes (static)" }
node: { title: "nrf51_svd__uicr__rbpconf_pall_fieldRP" label: "RBPCONF_PALL_FIELDRP\nD:\programming\ada_projects\Ada_Drivers_Library\arch\ARM\Nordic\svd\nrf51\nrf51_svd-uicr.ads:60:9\n16 bytes (static)" }
node: { title: "nrf51_svd__uicr__rbpconf_pr0_fieldRP" label: "RBPCONF_PR0_FIELDRP\nD:\programming\ada_projects\Ada_Drivers_Library\arch\ARM\Nordic\svd\nrf51\nrf51_svd-uicr.ads:48:9\n16 bytes (static)" }
}
