class {
  classname: "nrf51__twi__twi_master"
  label: "nrf51__twi__twi_master\nrf51-twi.ads:41:9"
  parent: "hal__i2c__i2c_port"
  virtuals: "1:nrf51__twi__master_transmit,1:hal__i2c__i2c_port\n
             2:nrf51__twi__master_receive,2:hal__i2c__i2c_port\n
             3:nrf51__twi__mem_write,3:hal__i2c__i2c_port\n
             4:nrf51__twi__mem_read,4:hal__i2c__i2c_port\n
             -1:nrf51__twi___size__2,-1:hal__i2c__i2c_port\n
             5:nrf51__twi__enable\n
             6:nrf51__twi__disable\n
             7:nrf51__twi__enabled\n
             8:nrf51__twi__configure\n
             9:nrf51__twi__disconnect\n
             -6:nrf51__twi__Oeq\n
             -7:nrf51__twi___assign"
}
graph: { title: "D:\programming\ada_projects\Ada_Drivers_Library\arch\ARM\Nordic\drivers\nrf51-twi.adb"
node: { title: "nrf51_svd__twi__errorsrc_registerIP" label: "ERRORSRC_REGISTERIP\nD:\programming\ada_projects\Ada_Drivers_Library\arch\ARM\Nordic\svd\nrf51\nrf51_svd-twi.ads:549:9" shape : ellipse }
node: { title: "system__assertions__raise_assert_failure" label: "Raise_Assert_Failure\nD:\gnat\2018-arm-elf\arm-eabi\lib\gnat\ravenscar-sfp-microbit\gnat\s-assert.ads:46:14" shape : ellipse }
node: { title: "__gnat_last_chance_handler" label: "gnat_last_chance_handler\n<built-in>" shape : ellipse }
node: { title: "nrf51__twi___elabb" label: "Twi\nD:\programming\ada_projects\Ada_Drivers_Library\arch\ARM\Nordic\drivers\nrf51-twi.adb:34:1\n8 bytes (static)" }
node: { title: "nrf51__twi__mem_read" label: "Mem_Read\nD:\programming\ada_projects\Ada_Drivers_Library\arch\ARM\Nordic\drivers\nrf51-twi.adb:302:15\n80 bytes (static)" }
edge: { sourcename: "nrf51__twi__mem_read" targetname: "nrf51__twi__master_receive" label: "D:\programming\ada_projects\Ada_Drivers_Library\arch\ARM\Nordic\drivers\nrf51-twi.adb:335:11" }
edge: { sourcename: "nrf51__twi__mem_read" targetname: "D:\programming\ada_projects\Ada_Drivers_Library\arch\ARM\Nordic\drivers\nrf51-twi.adb:nrf51__twi__stop_sequence" label: "D:\programming\ada_projects\Ada_Drivers_Library\arch\ARM\Nordic\drivers\nrf51-twi.adb:331:14" }
edge: { sourcename: "nrf51__twi__mem_read" targetname: "nrf51__twi__master_transmit" label: "D:\programming\ada_projects\Ada_Drivers_Library\arch\ARM\Nordic\drivers\nrf51-twi.adb:321:17" }
edge: { sourcename: "nrf51__twi__mem_read" targetname: "__gnat_last_chance_handler" label: "D:\programming\ada_projects\Ada_Drivers_Library\arch\ARM\Nordic\drivers\nrf51-twi.adb:323:63" }
edge: { sourcename: "nrf51__twi__mem_read" targetname: "__gnat_last_chance_handler" label: "D:\programming\ada_projects\Ada_Drivers_Library\arch\ARM\Nordic\drivers\nrf51-twi.adb:322:54" }
edge: { sourcename: "nrf51__twi__mem_read" targetname: "nrf51__twi__master_transmit" label: "D:\programming\ada_projects\Ada_Drivers_Library\arch\ARM\Nordic\drivers\nrf51-twi.adb:316:17" }
edge: { sourcename: "nrf51__twi__mem_read" targetname: "__gnat_last_chance_handler" label: "D:\programming\ada_projects\Ada_Drivers_Library\arch\ARM\Nordic\drivers\nrf51-twi.adb:317:59" }
edge: { sourcename: "nrf51__twi__mem_read" targetname: "__gnat_last_chance_handler" label: "D:\programming\ada_projects\Ada_Drivers_Library\arch\ARM\Nordic\drivers\nrf51-twi.adb:314:12" }
edge: { sourcename: "nrf51__twi__mem_read" targetname: "system__assertions__raise_assert_failure" label: "D:\programming\ada_projects\Ada_Drivers_Library\arch\ARM\Nordic\drivers\nrf51-twi.ads:95:18" }
edge: { sourcename: "nrf51__twi__mem_read" targetname: "nrf51__twi__enabled" label: "D:\programming\ada_projects\Ada_Drivers_Library\arch\ARM\Nordic\drivers\nrf51-twi.ads:95:18" }
edge: { sourcename: "nrf51__twi__mem_read" targetname: "__gnat_last_chance_handler" label: "D:\programming\ada_projects\Ada_Drivers_Library\arch\ARM\Nordic\drivers\nrf51-twi.adb:302:15" }
node: { title: "nrf51__twi__mem_write" label: "Mem_Write\nD:\programming\ada_projects\Ada_Drivers_Library\arch\ARM\Nordic\drivers\nrf51-twi.adb:257:15\n80 bytes (static)" }
edge: { sourcename: "nrf51__twi__mem_write" targetname: "nrf51__twi__master_transmit" label: "D:\programming\ada_projects\Ada_Drivers_Library\arch\ARM\Nordic\drivers\nrf51-twi.adb:292:11" }
edge: { sourcename: "nrf51__twi__mem_write" targetname: "D:\programming\ada_projects\Ada_Drivers_Library\arch\ARM\Nordic\drivers\nrf51-twi.adb:nrf51__twi__stop_sequence" label: "D:\programming\ada_projects\Ada_Drivers_Library\arch\ARM\Nordic\drivers\nrf51-twi.adb:288:14" }
edge: { sourcename: "nrf51__twi__mem_write" targetname: "nrf51__twi__master_transmit" label: "D:\programming\ada_projects\Ada_Drivers_Library\arch\ARM\Nordic\drivers\nrf51-twi.adb:277:17" }
edge: { sourcename: "nrf51__twi__mem_write" targetname: "__gnat_last_chance_handler" label: "D:\programming\ada_projects\Ada_Drivers_Library\arch\ARM\Nordic\drivers\nrf51-twi.adb:279:63" }
edge: { sourcename: "nrf51__twi__mem_write" targetname: "__gnat_last_chance_handler" label: "D:\programming\ada_projects\Ada_Drivers_Library\arch\ARM\Nordic\drivers\nrf51-twi.adb:278:54" }
edge: { sourcename: "nrf51__twi__mem_write" targetname: "nrf51__twi__master_transmit" label: "D:\programming\ada_projects\Ada_Drivers_Library\arch\ARM\Nordic\drivers\nrf51-twi.adb:272:17" }
edge: { sourcename: "nrf51__twi__mem_write" targetname: "__gnat_last_chance_handler" label: "D:\programming\ada_projects\Ada_Drivers_Library\arch\ARM\Nordic\drivers\nrf51-twi.adb:273:59" }
edge: { sourcename: "nrf51__twi__mem_write" targetname: "__gnat_last_chance_handler" label: "D:\programming\ada_projects\Ada_Drivers_Library\arch\ARM\Nordic\drivers\nrf51-twi.adb:270:12" }
edge: { sourcename: "nrf51__twi__mem_write" targetname: "system__assertions__raise_assert_failure" label: "D:\programming\ada_projects\Ada_Drivers_Library\arch\ARM\Nordic\drivers\nrf51-twi.ads:84:18" }
edge: { sourcename: "nrf51__twi__mem_write" targetname: "nrf51__twi__enabled" label: "D:\programming\ada_projects\Ada_Drivers_Library\arch\ARM\Nordic\drivers\nrf51-twi.ads:84:18" }
edge: { sourcename: "nrf51__twi__mem_write" targetname: "__gnat_last_chance_handler" label: "D:\programming\ada_projects\Ada_Drivers_Library\arch\ARM\Nordic\drivers\nrf51-twi.adb:257:15" }
node: { title: "nrf51__twi__master_receive" label: "Master_Receive\nD:\programming\ada_projects\Ada_Drivers_Library\arch\ARM\Nordic\drivers\nrf51-twi.adb:183:15\n56 bytes (static)" }
edge: { sourcename: "nrf51__twi__master_receive" targetname: "__gnat_last_chance_handler" label: "D:\programming\ada_projects\Ada_Drivers_Library\arch\ARM\Nordic\drivers\nrf51-twi.adb:239:31" }
edge: { sourcename: "nrf51__twi__master_receive" targetname: "D:\programming\ada_projects\Ada_Drivers_Library\arch\ARM\Nordic\drivers\nrf51-twi.adb:nrf51__twi__stop_sequence" label: "D:\programming\ada_projects\Ada_Drivers_Library\arch\ARM\Nordic\drivers\nrf51-twi.adb:227:16" }
edge: { sourcename: "nrf51__twi__master_receive" targetname: "__gnat_last_chance_handler" label: "D:\programming\ada_projects\Ada_Drivers_Library\arch\ARM\Nordic\drivers\nrf51-twi.adb:201:50" }
edge: { sourcename: "nrf51__twi__master_receive" targetname: "system__assertions__raise_assert_failure" label: "D:\programming\ada_projects\Ada_Drivers_Library\arch\ARM\Nordic\drivers\nrf51-twi.ads:73:18" }
edge: { sourcename: "nrf51__twi__master_receive" targetname: "nrf51__twi__enabled" label: "D:\programming\ada_projects\Ada_Drivers_Library\arch\ARM\Nordic\drivers\nrf51-twi.ads:73:18" }
edge: { sourcename: "nrf51__twi__master_receive" targetname: "__gnat_last_chance_handler" label: "D:\programming\ada_projects\Ada_Drivers_Library\arch\ARM\Nordic\drivers\nrf51-twi.adb:183:15" }
node: { title: "nrf51__twi__master_transmit" label: "Master_Transmit\nD:\programming\ada_projects\Ada_Drivers_Library\arch\ARM\Nordic\drivers\nrf51-twi.adb:114:15\n72 bytes (static)" }
edge: { sourcename: "nrf51__twi__master_transmit" targetname: "D:\programming\ada_projects\Ada_Drivers_Library\arch\ARM\Nordic\drivers\nrf51-twi.adb:nrf51__twi__stop_sequence" label: "D:\programming\ada_projects\Ada_Drivers_Library\arch\ARM\Nordic\drivers\nrf51-twi.adb:173:10" }
edge: { sourcename: "nrf51__twi__master_transmit" targetname: "__gnat_last_chance_handler" label: "D:\programming\ada_projects\Ada_Drivers_Library\arch\ARM\Nordic\drivers\nrf51-twi.adb:169:25" }
edge: { sourcename: "nrf51__twi__master_transmit" targetname: "__gnat_last_chance_handler" label: "D:\programming\ada_projects\Ada_Drivers_Library\arch\ARM\Nordic\drivers\nrf51-twi.adb:168:33" }
edge: { sourcename: "nrf51__twi__master_transmit" targetname: "__gnat_last_chance_handler" label: "D:\programming\ada_projects\Ada_Drivers_Library\arch\ARM\Nordic\drivers\nrf51-twi.adb:138:30" }
edge: { sourcename: "nrf51__twi__master_transmit" targetname: "__gnat_last_chance_handler" label: "D:\programming\ada_projects\Ada_Drivers_Library\arch\ARM\Nordic\drivers\nrf51-twi.adb:135:50" }
edge: { sourcename: "nrf51__twi__master_transmit" targetname: "nrf51_svd__twi__errorsrc_registerIP" label: "D:\programming\ada_projects\Ada_Drivers_Library\arch\ARM\Nordic\drivers\nrf51-twi.adb:124:7" }
edge: { sourcename: "nrf51__twi__master_transmit" targetname: "__gnat_last_chance_handler" label: "D:\programming\ada_projects\Ada_Drivers_Library\arch\ARM\Nordic\drivers\nrf51-twi.adb:122:37" }
edge: { sourcename: "nrf51__twi__master_transmit" targetname: "system__assertions__raise_assert_failure" label: "D:\programming\ada_projects\Ada_Drivers_Library\arch\ARM\Nordic\drivers\nrf51-twi.ads:64:18" }
edge: { sourcename: "nrf51__twi__master_transmit" targetname: "nrf51__twi__enabled" label: "D:\programming\ada_projects\Ada_Drivers_Library\arch\ARM\Nordic\drivers\nrf51-twi.ads:64:18" }
edge: { sourcename: "nrf51__twi__master_transmit" targetname: "__gnat_last_chance_handler" label: "D:\programming\ada_projects\Ada_Drivers_Library\arch\ARM\Nordic\drivers\nrf51-twi.adb:114:15" }
node: { title: "nrf51__twi__disconnect" label: "Disconnect\nD:\programming\ada_projects\Ada_Drivers_Library\arch\ARM\Nordic\drivers\nrf51-twi.adb:104:4\n16 bytes (static)" }
edge: { sourcename: "nrf51__twi__disconnect" targetname: "__gnat_last_chance_handler" label: "D:\programming\ada_projects\Ada_Drivers_Library\arch\ARM\Nordic\drivers\nrf51-twi.adb:104:4" }
node: { title: "nrf51__twi__configure" label: "Configure\nD:\programming\ada_projects\Ada_Drivers_Library\arch\ARM\Nordic\drivers\nrf51-twi.adb:86:4\n24 bytes (static)" }
edge: { sourcename: "nrf51__twi__configure" targetname: "__gnat_last_chance_handler" label: "D:\programming\ada_projects\Ada_Drivers_Library\arch\ARM\Nordic\drivers\nrf51-twi.adb:94:38" }
edge: { sourcename: "nrf51__twi__configure" targetname: "__gnat_last_chance_handler" label: "D:\programming\ada_projects\Ada_Drivers_Library\arch\ARM\Nordic\drivers\nrf51-twi.adb:86:4" }
node: { title: "nrf51__twi__enabled" label: "Enabled\nD:\programming\ada_projects\Ada_Drivers_Library\arch\ARM\Nordic\drivers\nrf51-twi.adb:77:4\n16 bytes (static)" }
edge: { sourcename: "nrf51__twi__enabled" targetname: "__gnat_last_chance_handler" label: "D:\programming\ada_projects\Ada_Drivers_Library\arch\ARM\Nordic\drivers\nrf51-twi.adb:77:4" }
node: { title: "nrf51__twi__disable" label: "Disable\nD:\programming\ada_projects\Ada_Drivers_Library\arch\ARM\Nordic\drivers\nrf51-twi.adb:68:4\n16 bytes (static)" }
edge: { sourcename: "nrf51__twi__disable" targetname: "__gnat_last_chance_handler" label: "D:\programming\ada_projects\Ada_Drivers_Library\arch\ARM\Nordic\drivers\nrf51-twi.adb:68:4" }
node: { title: "nrf51__twi__enable" label: "Enable\nD:\programming\ada_projects\Ada_Drivers_Library\arch\ARM\Nordic\drivers\nrf51-twi.adb:59:4\n16 bytes (static)" }
edge: { sourcename: "nrf51__twi__enable" targetname: "__gnat_last_chance_handler" label: "D:\programming\ada_projects\Ada_Drivers_Library\arch\ARM\Nordic\drivers\nrf51-twi.adb:59:4" }
node: { title: "D:\programming\ada_projects\Ada_Drivers_Library\arch\ARM\Nordic\drivers\nrf51-twi.adb:nrf51__twi__stop_sequence" label: "Stop_Sequence\nD:\programming\ada_projects\Ada_Drivers_Library\arch\ARM\Nordic\drivers\nrf51-twi.adb:42:4\n16 bytes (static)" }
node: { title: "nrf51__twi___assign" label: "Twi\nD:\programming\ada_projects\Ada_Drivers_Library\arch\ARM\Nordic\drivers\nrf51-twi.ads:99:9\n24 bytes (static)" }
edge: { sourcename: "nrf51__twi___assign" targetname: "__gnat_last_chance_handler" label: "D:\programming\ada_projects\Ada_Drivers_Library\arch\ARM\Nordic\drivers\nrf51-twi.ads:99:9" }
node: { title: "nrf51__twi__Oeq" label: "=\nD:\programming\ada_projects\Ada_Drivers_Library\arch\ARM\Nordic\drivers\nrf51-twi.ads:99:4\n16 bytes (static)" }
node: { title: "nrf51__twi___size__2" label: "Twi\nD:\programming\ada_projects\Ada_Drivers_Library\arch\ARM\Nordic\drivers\nrf51-twi.ads:99:9\n24 bytes (static)" }
node: { title: "nrf51__twi__twi_masterIP" label: "Twi_Masterip\nD:\programming\ada_projects\Ada_Drivers_Library\arch\ARM\Nordic\drivers\nrf51-twi.ads:99:9\n24 bytes (static)" }
}
