class {
  classname: "nrf51__timers__timer"
  label: "nrf51__timers__timer\nrf51-timers.ads:37:9"
  parent: "nrf51__timers__timer"
  virtuals: "1:nrf51__timers__set_prescaler\n
             2:nrf51__timers__set_mode\n
             3:nrf51__timers__set_bitmode\n
             4:nrf51__timers__bitmode\n
             5:nrf51__timers__compare_interrupt\n
             6:nrf51__timers__start\n
             7:nrf51__timers__stop\n
             8:nrf51__timers__clear\n
             9:nrf51__timers__compare_shortcut\n
             10:nrf51__timers__set_compare\n
             11:nrf51__timers__capture\n
             12:nrf51__timers__capture__2\n
             13:nrf51__timers__cc_register\n
             14:nrf51__timers__start_task\n
             15:nrf51__timers__stop_task\n
             16:nrf51__timers__count_task\n
             17:nrf51__timers__clear_task\n
             18:nrf51__timers__capture_task\n
             19:nrf51__timers__compare_event\n
             -1:nrf51__timers___size\n
             -6:nrf51__timers__Oeq\n
             -7:nrf51__timers___assign"
}
graph: { title: "D:\programming\ada_projects\Ada_Drivers_Library\arch\ARM\Nordic\drivers\nrf51-timers.adb"
node: { title: "system__assertions__raise_assert_failure" label: "Raise_Assert_Failure\nD:\gnat\2018-arm-elf\arm-eabi\lib\gnat\ravenscar-sfp-microbit\gnat\s-assert.ads:46:14" shape : ellipse }
node: { title: "__gnat_last_chance_handler" label: "gnat_last_chance_handler\n<built-in>" shape : ellipse }
node: { title: "nrf51__timers___elabb" label: "Timers\nD:\programming\ada_projects\Ada_Drivers_Library\arch\ARM\Nordic\drivers\nrf51-timers.adb:34:1\n8 bytes (static)" }
node: { title: "nrf51__timers__compare_event" label: "Compare_Event\nD:\programming\ada_projects\Ada_Drivers_Library\arch\ARM\Nordic\drivers\nrf51-timers.adb:258:4\n16 bytes (static)" }
node: { title: "nrf51__timers__capture_task" label: "Capture_Task\nD:\programming\ada_projects\Ada_Drivers_Library\arch\ARM\Nordic\drivers\nrf51-timers.adb:249:4\n16 bytes (static)" }
node: { title: "nrf51__timers__clear_task" label: "Clear_Task\nD:\programming\ada_projects\Ada_Drivers_Library\arch\ARM\Nordic\drivers\nrf51-timers.adb:241:4\n16 bytes (static)" }
node: { title: "nrf51__timers__count_task" label: "Count_Task\nD:\programming\ada_projects\Ada_Drivers_Library\arch\ARM\Nordic\drivers\nrf51-timers.adb:233:4\n16 bytes (static)" }
node: { title: "nrf51__timers__stop_task" label: "Stop_Task\nD:\programming\ada_projects\Ada_Drivers_Library\arch\ARM\Nordic\drivers\nrf51-timers.adb:225:4\n16 bytes (static)" }
node: { title: "nrf51__timers__start_task" label: "Start_Task\nD:\programming\ada_projects\Ada_Drivers_Library\arch\ARM\Nordic\drivers\nrf51-timers.adb:217:4\n16 bytes (static)" }
node: { title: "nrf51__timers__cc_register" label: "Cc_Register\nD:\programming\ada_projects\Ada_Drivers_Library\arch\ARM\Nordic\drivers\nrf51-timers.adb:205:4\n16 bytes (static)" }
edge: { sourcename: "nrf51__timers__cc_register" targetname: "__gnat_last_chance_handler" label: "D:\programming\ada_projects\Ada_Drivers_Library\arch\ARM\Nordic\drivers\nrf51-timers.adb:205:4" }
node: { title: "nrf51__timers__capture__2" label: "Capture\nD:\programming\ada_projects\Ada_Drivers_Library\arch\ARM\Nordic\drivers\nrf51-timers.adb:191:4\n16 bytes (static)" }
edge: { sourcename: "nrf51__timers__capture__2" targetname: "nrf51__timers__cc_register" label: "D:\programming\ada_projects\Ada_Drivers_Library\arch\ARM\Nordic\drivers\nrf51-timers.adb:198:7" }
edge: { sourcename: "nrf51__timers__capture__2" targetname: "nrf51__timers__capture" label: "D:\programming\ada_projects\Ada_Drivers_Library\arch\ARM\Nordic\drivers\nrf51-timers.adb:197:11" }
edge: { sourcename: "nrf51__timers__capture__2" targetname: "__gnat_last_chance_handler" label: "D:\programming\ada_projects\Ada_Drivers_Library\arch\ARM\Nordic\drivers\nrf51-timers.adb:191:4" }
node: { title: "nrf51__timers__capture" label: "Capture\nD:\programming\ada_projects\Ada_Drivers_Library\arch\ARM\Nordic\drivers\nrf51-timers.adb:180:4\n16 bytes (static)" }
edge: { sourcename: "nrf51__timers__capture" targetname: "__gnat_last_chance_handler" label: "D:\programming\ada_projects\Ada_Drivers_Library\arch\ARM\Nordic\drivers\nrf51-timers.adb:180:4" }
node: { title: "nrf51__timers__set_compare" label: "Set_Compare\nD:\programming\ada_projects\Ada_Drivers_Library\arch\ARM\Nordic\drivers\nrf51-timers.adb:167:4\n24 bytes (static)" }
edge: { sourcename: "nrf51__timers__set_compare" targetname: "__gnat_last_chance_handler" label: "D:\programming\ada_projects\Ada_Drivers_Library\arch\ARM\Nordic\drivers\nrf51-timers.adb:167:4" }
node: { title: "nrf51__timers__compare_shortcut" label: "Compare_Shortcut\nD:\programming\ada_projects\Ada_Drivers_Library\arch\ARM\Nordic\drivers\nrf51-timers.adb:141:4\n24 bytes (static)" }
edge: { sourcename: "nrf51__timers__compare_shortcut" targetname: "__gnat_last_chance_handler" label: "D:\programming\ada_projects\Ada_Drivers_Library\arch\ARM\Nordic\drivers\nrf51-timers.adb:147:12" }
edge: { sourcename: "nrf51__timers__compare_shortcut" targetname: "__gnat_last_chance_handler" label: "D:\programming\ada_projects\Ada_Drivers_Library\arch\ARM\Nordic\drivers\nrf51-timers.adb:141:4" }
node: { title: "nrf51__timers__compare_interrupt" label: "Compare_Interrupt\nD:\programming\ada_projects\Ada_Drivers_Library\arch\ARM\Nordic\drivers\nrf51-timers.adb:125:4\n40 bytes (static)" }
edge: { sourcename: "nrf51__timers__compare_interrupt" targetname: "__gnat_last_chance_handler" label: "D:\programming\ada_projects\Ada_Drivers_Library\arch\ARM\Nordic\drivers\nrf51-timers.adb:125:4" }
node: { title: "nrf51__timers__bitmode" label: "Bitmode\nD:\programming\ada_projects\Ada_Drivers_Library\arch\ARM\Nordic\drivers\nrf51-timers.adb:111:4\n16 bytes (static)" }
edge: { sourcename: "nrf51__timers__bitmode" targetname: "__gnat_last_chance_handler" label: "D:\programming\ada_projects\Ada_Drivers_Library\arch\ARM\Nordic\drivers\nrf51-timers.adb:114:34" }
edge: { sourcename: "nrf51__timers__bitmode" targetname: "__gnat_last_chance_handler" label: "D:\programming\ada_projects\Ada_Drivers_Library\arch\ARM\Nordic\drivers\nrf51-timers.adb:111:4" }
node: { title: "nrf51__timers__set_bitmode" label: "Set_Bitmode\nD:\programming\ada_projects\Ada_Drivers_Library\arch\ARM\Nordic\drivers\nrf51-timers.adb:94:4\n32 bytes (static)" }
edge: { sourcename: "nrf51__timers__set_bitmode" targetname: "D:\programming\ada_projects\Ada_Drivers_Library\arch\ARM\Nordic\drivers\nrf51-timers.adb:nrf51__timers__set_bitmode___postconditions.4913" label: "D:\programming\ada_projects\Ada_Drivers_Library\arch\ARM\Nordic\drivers\nrf51-timers.adb:105:8" }
edge: { sourcename: "nrf51__timers__set_bitmode" targetname: "__gnat_last_chance_handler" label: "D:\programming\ada_projects\Ada_Drivers_Library\arch\ARM\Nordic\drivers\nrf51-timers.adb:100:15" }
edge: { sourcename: "nrf51__timers__set_bitmode" targetname: "__gnat_last_chance_handler" label: "D:\programming\ada_projects\Ada_Drivers_Library\arch\ARM\Nordic\drivers\nrf51-timers.adb:94:4" }
node: { title: "D:\programming\ada_projects\Ada_Drivers_Library\arch\ARM\Nordic\drivers\nrf51-timers.adb:nrf51__timers__set_bitmode___postconditions.4913" label: "Set_Bitmode\nD:\programming\ada_projects\Ada_Drivers_Library\arch\ARM\Nordic\drivers\nrf51-timers.adb:94:4\n32 bytes (static)" }
edge: { sourcename: "D:\programming\ada_projects\Ada_Drivers_Library\arch\ARM\Nordic\drivers\nrf51-timers.adb:nrf51__timers__set_bitmode___postconditions.4913" targetname: "system__assertions__raise_assert_failure" label: "D:\programming\ada_projects\Ada_Drivers_Library\arch\ARM\Nordic\drivers\nrf51-timers.ads:72:19" }
edge: { sourcename: "D:\programming\ada_projects\Ada_Drivers_Library\arch\ARM\Nordic\drivers\nrf51-timers.adb:nrf51__timers__set_bitmode___postconditions.4913" targetname: "nrf51__timers__bitmode" label: "D:\programming\ada_projects\Ada_Drivers_Library\arch\ARM\Nordic\drivers\nrf51-timers.ads:72:19" }
node: { title: "nrf51__timers__set_mode" label: "Set_Mode\nD:\programming\ada_projects\Ada_Drivers_Library\arch\ARM\Nordic\drivers\nrf51-timers.adb:79:4\n16 bytes (static)" }
edge: { sourcename: "nrf51__timers__set_mode" targetname: "__gnat_last_chance_handler" label: "D:\programming\ada_projects\Ada_Drivers_Library\arch\ARM\Nordic\drivers\nrf51-timers.adb:85:15" }
edge: { sourcename: "nrf51__timers__set_mode" targetname: "__gnat_last_chance_handler" label: "D:\programming\ada_projects\Ada_Drivers_Library\arch\ARM\Nordic\drivers\nrf51-timers.adb:79:4" }
node: { title: "nrf51__timers__set_prescaler" label: "Set_Prescaler\nD:\programming\ada_projects\Ada_Drivers_Library\arch\ARM\Nordic\drivers\nrf51-timers.adb:67:4\n16 bytes (static)" }
edge: { sourcename: "nrf51__timers__set_prescaler" targetname: "__gnat_last_chance_handler" label: "D:\programming\ada_projects\Ada_Drivers_Library\arch\ARM\Nordic\drivers\nrf51-timers.adb:67:4" }
node: { title: "nrf51__timers__clear" label: "Clear\nD:\programming\ada_projects\Ada_Drivers_Library\arch\ARM\Nordic\drivers\nrf51-timers.adb:58:4\n16 bytes (static)" }
edge: { sourcename: "nrf51__timers__clear" targetname: "__gnat_last_chance_handler" label: "D:\programming\ada_projects\Ada_Drivers_Library\arch\ARM\Nordic\drivers\nrf51-timers.adb:58:4" }
node: { title: "nrf51__timers__stop" label: "Stop\nD:\programming\ada_projects\Ada_Drivers_Library\arch\ARM\Nordic\drivers\nrf51-timers.adb:49:4\n16 bytes (static)" }
edge: { sourcename: "nrf51__timers__stop" targetname: "__gnat_last_chance_handler" label: "D:\programming\ada_projects\Ada_Drivers_Library\arch\ARM\Nordic\drivers\nrf51-timers.adb:49:4" }
node: { title: "nrf51__timers__start" label: "Start\nD:\programming\ada_projects\Ada_Drivers_Library\arch\ARM\Nordic\drivers\nrf51-timers.adb:40:4\n16 bytes (static)" }
edge: { sourcename: "nrf51__timers__start" targetname: "__gnat_last_chance_handler" label: "D:\programming\ada_projects\Ada_Drivers_Library\arch\ARM\Nordic\drivers\nrf51-timers.adb:40:4" }
node: { title: "nrf51__timers___assign" label: "Timers\nD:\programming\ada_projects\Ada_Drivers_Library\arch\ARM\Nordic\drivers\nrf51-timers.ads:155:9\n24 bytes (static)" }
edge: { sourcename: "nrf51__timers___assign" targetname: "__gnat_last_chance_handler" label: "D:\programming\ada_projects\Ada_Drivers_Library\arch\ARM\Nordic\drivers\nrf51-timers.ads:155:9" }
node: { title: "nrf51__timers__Oeq" label: "=\nD:\programming\ada_projects\Ada_Drivers_Library\arch\ARM\Nordic\drivers\nrf51-timers.ads:155:4\n16 bytes (static)" }
node: { title: "nrf51__timers___size" label: "Timers\nD:\programming\ada_projects\Ada_Drivers_Library\arch\ARM\Nordic\drivers\nrf51-timers.ads:155:9\n24 bytes (static)" }
node: { title: "nrf51__timers__timerIP" label: "Timerip\nD:\programming\ada_projects\Ada_Drivers_Library\arch\ARM\Nordic\drivers\nrf51-timers.ads:155:9\n24 bytes (static)" }
}
