graph: { title: "D:\programming\ada_projects\Ada_Drivers_Library\arch\ARM\Nordic\svd\nrf51\nrf51_svd-rtc.ads"
node: { title: "memcmp" label: "builtin_memcmp\n<built-in>" shape : ellipse }
node: { title: "__gnat_last_chance_handler" label: "gnat_last_chance_handler\n<built-in>" shape : ellipse }
node: { title: "nrf51_svd__rtc__rtc_peripheralIP" label: "RTC_PERIPHERALIP\nD:\programming\ada_projects\Ada_Drivers_Library\arch\ARM\Nordic\svd\nrf51\nrf51_svd-rtc.ads:715:9\n24 bytes (static)" }
edge: { sourcename: "nrf51_svd__rtc__rtc_peripheralIP" targetname: "nrf51_svd__rtc__power_registerIP" label: "D:\programming\ada_projects\Ada_Drivers_Library\arch\ARM\Nordic\svd\nrf51\nrf51_svd-rtc.ads:750:7" }
edge: { sourcename: "nrf51_svd__rtc__rtc_peripheralIP" targetname: "nrf51_svd__rtc__Tcc_registersBIP" label: "D:\programming\ada_projects\Ada_Drivers_Library\arch\ARM\Nordic\svd\nrf51\nrf51_svd-rtc.ads:748:7" }
edge: { sourcename: "nrf51_svd__rtc__rtc_peripheralIP" targetname: "nrf51_svd__rtc__prescaler_registerIP" label: "D:\programming\ada_projects\Ada_Drivers_Library\arch\ARM\Nordic\svd\nrf51\nrf51_svd-rtc.ads:746:7" }
edge: { sourcename: "nrf51_svd__rtc__rtc_peripheralIP" targetname: "nrf51_svd__rtc__evtenclr_registerIP" label: "D:\programming\ada_projects\Ada_Drivers_Library\arch\ARM\Nordic\svd\nrf51\nrf51_svd-rtc.ads:741:7" }
edge: { sourcename: "nrf51_svd__rtc__rtc_peripheralIP" targetname: "nrf51_svd__rtc__evtenset_registerIP" label: "D:\programming\ada_projects\Ada_Drivers_Library\arch\ARM\Nordic\svd\nrf51\nrf51_svd-rtc.ads:738:7" }
edge: { sourcename: "nrf51_svd__rtc__rtc_peripheralIP" targetname: "nrf51_svd__rtc__evten_registerIP" label: "D:\programming\ada_projects\Ada_Drivers_Library\arch\ARM\Nordic\svd\nrf51\nrf51_svd-rtc.ads:735:7" }
edge: { sourcename: "nrf51_svd__rtc__rtc_peripheralIP" targetname: "nrf51_svd__rtc__intenclr_registerIP" label: "D:\programming\ada_projects\Ada_Drivers_Library\arch\ARM\Nordic\svd\nrf51\nrf51_svd-rtc.ads:733:7" }
edge: { sourcename: "nrf51_svd__rtc__rtc_peripheralIP" targetname: "nrf51_svd__rtc__intenset_registerIP" label: "D:\programming\ada_projects\Ada_Drivers_Library\arch\ARM\Nordic\svd\nrf51\nrf51_svd-rtc.ads:731:7" }
node: { title: "nrf51_svd__rtc__rtc_peripheralEQ" label: "RTC_PERIPHERALEQ\nD:\programming\ada_projects\Ada_Drivers_Library\arch\ARM\Nordic\svd\nrf51\nrf51_svd-rtc.ads:715:4\n24 bytes (static)" }
edge: { sourcename: "nrf51_svd__rtc__rtc_peripheralEQ" targetname: "D:\programming\ada_projects\Ada_Drivers_Library\arch\ARM\Nordic\svd\nrf51\nrf51_svd-rtc.ads:nrf51_svd__rtc__rtc_peripheralEQ__E183s.5895" label: "D:\programming\ada_projects\Ada_Drivers_Library\arch\ARM\Nordic\svd\nrf51\nrf51_svd-rtc.ads:715:9" }
edge: { sourcename: "nrf51_svd__rtc__rtc_peripheralEQ" targetname: "nrf51_svd__rtc__evtenclr_registerEQ" label: "D:\programming\ada_projects\Ada_Drivers_Library\arch\ARM\Nordic\svd\nrf51\nrf51_svd-rtc.ads:715:9" }
edge: { sourcename: "nrf51_svd__rtc__rtc_peripheralEQ" targetname: "nrf51_svd__rtc__evtenset_registerEQ" label: "D:\programming\ada_projects\Ada_Drivers_Library\arch\ARM\Nordic\svd\nrf51\nrf51_svd-rtc.ads:715:9" }
edge: { sourcename: "nrf51_svd__rtc__rtc_peripheralEQ" targetname: "nrf51_svd__rtc__evten_registerEQ" label: "D:\programming\ada_projects\Ada_Drivers_Library\arch\ARM\Nordic\svd\nrf51\nrf51_svd-rtc.ads:715:9" }
edge: { sourcename: "nrf51_svd__rtc__rtc_peripheralEQ" targetname: "nrf51_svd__rtc__intenclr_registerEQ" label: "D:\programming\ada_projects\Ada_Drivers_Library\arch\ARM\Nordic\svd\nrf51\nrf51_svd-rtc.ads:715:9" }
edge: { sourcename: "nrf51_svd__rtc__rtc_peripheralEQ" targetname: "nrf51_svd__rtc__intenset_registerEQ" label: "D:\programming\ada_projects\Ada_Drivers_Library\arch\ARM\Nordic\svd\nrf51\nrf51_svd-rtc.ads:715:9" }
edge: { sourcename: "nrf51_svd__rtc__rtc_peripheralEQ" targetname: "memcmp" label: "D:\programming\ada_projects\Ada_Drivers_Library\arch\ARM\Nordic\svd\nrf51\nrf51_svd-rtc.ads:715:9" }
node: { title: "D:\programming\ada_projects\Ada_Drivers_Library\arch\ARM\Nordic\svd\nrf51\nrf51_svd-rtc.ads:nrf51_svd__rtc__rtc_peripheralEQ__E183s.5895" label: "E183S\nD:\programming\ada_projects\Ada_Drivers_Library\arch\ARM\Nordic\svd\nrf51\nrf51_svd-rtc.ads:715:9\n24 bytes (static)" }
node: { title: "nrf51_svd__rtc__power_registerIP" label: "POWER_REGISTERIP\nD:\programming\ada_projects\Ada_Drivers_Library\arch\ARM\Nordic\svd\nrf51\nrf51_svd-rtc.ads:696:9\n16 bytes (static)" }
node: { title: "nrf51_svd__rtc__Tcc_registersBIP" label: "TCC_REGISTERSBIP\nD:\programming\ada_projects\Ada_Drivers_Library\arch\ARM\Nordic\svd\nrf51\nrf51_svd-rtc.ads:680:4\n32 bytes (static)" }
edge: { sourcename: "nrf51_svd__rtc__Tcc_registersBIP" targetname: "nrf51_svd__rtc__cc_registerIP" label: "D:\programming\ada_projects\Ada_Drivers_Library\arch\ARM\Nordic\svd\nrf51\nrf51_svd-rtc.ads:680:4" }
node: { title: "nrf51_svd__rtc__cc_registerIP" label: "CC_REGISTERIP\nD:\programming\ada_projects\Ada_Drivers_Library\arch\ARM\Nordic\svd\nrf51\nrf51_svd-rtc.ads:665:9\n16 bytes (static)" }
node: { title: "nrf51_svd__rtc__prescaler_registerIP" label: "PRESCALER_REGISTERIP\nD:\programming\ada_projects\Ada_Drivers_Library\arch\ARM\Nordic\svd\nrf51\nrf51_svd-rtc.ads:648:9\n16 bytes (static)" }
node: { title: "nrf51_svd__rtc__counter_registerIP" label: "COUNTER_REGISTERIP\nD:\programming\ada_projects\Ada_Drivers_Library\arch\ARM\Nordic\svd\nrf51\nrf51_svd-rtc.ads:630:9\n16 bytes (static)" }
node: { title: "nrf51_svd__rtc__evtenclr_registerIP" label: "EVTENCLR_REGISTERIP\nD:\programming\ada_projects\Ada_Drivers_Library\arch\ARM\Nordic\svd\nrf51\nrf51_svd-rtc.ads:603:9\n16 bytes (static)" }
node: { title: "nrf51_svd__rtc__evtenclr_registerEQ" label: "EVTENCLR_REGISTEREQ\nD:\programming\ada_projects\Ada_Drivers_Library\arch\ARM\Nordic\svd\nrf51\nrf51_svd-rtc.ads:603:4\n16 bytes (static)" }
edge: { sourcename: "nrf51_svd__rtc__evtenclr_registerEQ" targetname: "__gnat_last_chance_handler" label: "D:\programming\ada_projects\Ada_Drivers_Library\arch\ARM\Nordic\svd\nrf51\nrf51_svd-rtc.ads:603:9" }
node: { title: "nrf51_svd__rtc__evtenclr_compare_fieldIP" label: "EVTENCLR_COMPARE_FIELDIP\nD:\programming\ada_projects\Ada_Drivers_Library\arch\ARM\Nordic\svd\nrf51\nrf51_svd-rtc.ads:582:9\n16 bytes (static)" }
node: { title: "nrf51_svd__rtc__evtenclr_compare_fieldEQ" label: "EVTENCLR_COMPARE_FIELDEQ\nD:\programming\ada_projects\Ada_Drivers_Library\arch\ARM\Nordic\svd\nrf51\nrf51_svd-rtc.ads:582:9\n40 bytes (static)" }
edge: { sourcename: "nrf51_svd__rtc__evtenclr_compare_fieldEQ" targetname: "D:\programming\ada_projects\Ada_Drivers_Library\arch\ARM\Nordic\svd\nrf51\nrf51_svd-rtc.ads:nrf51_svd__rtc__evtenclr_compare_fieldEQ__E166s.5878" label: "D:\programming\ada_projects\Ada_Drivers_Library\arch\ARM\Nordic\svd\nrf51\nrf51_svd-rtc.ads:582:9" }
node: { title: "D:\programming\ada_projects\Ada_Drivers_Library\arch\ARM\Nordic\svd\nrf51\nrf51_svd-rtc.ads:nrf51_svd__rtc__evtenclr_compare_fieldEQ__E166s.5878" label: "E166S\nD:\programming\ada_projects\Ada_Drivers_Library\arch\ARM\Nordic\svd\nrf51\nrf51_svd-rtc.ads:582:9\n24 bytes (static)" }
node: { title: "nrf51_svd__rtc__Tevtenclr_compare_field_arrayBIP" label: "TEVTENCLR_COMPARE_FIELD_ARRAYBIP\nD:\programming\ada_projects\Ada_Drivers_Library\arch\ARM\Nordic\svd\nrf51\nrf51_svd-rtc.ads:577:4\n16 bytes (static)" }
node: { title: "nrf51_svd__rtc__evtenset_registerIP" label: "EVTENSET_REGISTERIP\nD:\programming\ada_projects\Ada_Drivers_Library\arch\ARM\Nordic\svd\nrf51\nrf51_svd-rtc.ads:480:9\n16 bytes (static)" }
node: { title: "nrf51_svd__rtc__evtenset_registerEQ" label: "EVTENSET_REGISTEREQ\nD:\programming\ada_projects\Ada_Drivers_Library\arch\ARM\Nordic\svd\nrf51\nrf51_svd-rtc.ads:480:4\n16 bytes (static)" }
edge: { sourcename: "nrf51_svd__rtc__evtenset_registerEQ" targetname: "__gnat_last_chance_handler" label: "D:\programming\ada_projects\Ada_Drivers_Library\arch\ARM\Nordic\svd\nrf51\nrf51_svd-rtc.ads:480:9" }
node: { title: "nrf51_svd__rtc__evtenset_compare_fieldIP" label: "EVTENSET_COMPARE_FIELDIP\nD:\programming\ada_projects\Ada_Drivers_Library\arch\ARM\Nordic\svd\nrf51\nrf51_svd-rtc.ads:459:9\n16 bytes (static)" }
node: { title: "nrf51_svd__rtc__evtenset_compare_fieldEQ" label: "EVTENSET_COMPARE_FIELDEQ\nD:\programming\ada_projects\Ada_Drivers_Library\arch\ARM\Nordic\svd\nrf51\nrf51_svd-rtc.ads:459:9\n40 bytes (static)" }
edge: { sourcename: "nrf51_svd__rtc__evtenset_compare_fieldEQ" targetname: "D:\programming\ada_projects\Ada_Drivers_Library\arch\ARM\Nordic\svd\nrf51\nrf51_svd-rtc.ads:nrf51_svd__rtc__evtenset_compare_fieldEQ__E145s.5869" label: "D:\programming\ada_projects\Ada_Drivers_Library\arch\ARM\Nordic\svd\nrf51\nrf51_svd-rtc.ads:459:9" }
node: { title: "D:\programming\ada_projects\Ada_Drivers_Library\arch\ARM\Nordic\svd\nrf51\nrf51_svd-rtc.ads:nrf51_svd__rtc__evtenset_compare_fieldEQ__E145s.5869" label: "E145S\nD:\programming\ada_projects\Ada_Drivers_Library\arch\ARM\Nordic\svd\nrf51\nrf51_svd-rtc.ads:459:9\n24 bytes (static)" }
node: { title: "nrf51_svd__rtc__Tevtenset_compare_field_arrayBIP" label: "TEVTENSET_COMPARE_FIELD_ARRAYBIP\nD:\programming\ada_projects\Ada_Drivers_Library\arch\ARM\Nordic\svd\nrf51\nrf51_svd-rtc.ads:454:4\n16 bytes (static)" }
node: { title: "nrf51_svd__rtc__evten_registerIP" label: "EVTEN_REGISTERIP\nD:\programming\ada_projects\Ada_Drivers_Library\arch\ARM\Nordic\svd\nrf51\nrf51_svd-rtc.ads:357:9\n16 bytes (static)" }
node: { title: "nrf51_svd__rtc__evten_registerEQ" label: "EVTEN_REGISTEREQ\nD:\programming\ada_projects\Ada_Drivers_Library\arch\ARM\Nordic\svd\nrf51\nrf51_svd-rtc.ads:357:4\n16 bytes (static)" }
edge: { sourcename: "nrf51_svd__rtc__evten_registerEQ" targetname: "__gnat_last_chance_handler" label: "D:\programming\ada_projects\Ada_Drivers_Library\arch\ARM\Nordic\svd\nrf51\nrf51_svd-rtc.ads:357:9" }
node: { title: "nrf51_svd__rtc__evten_compare_fieldIP" label: "EVTEN_COMPARE_FIELDIP\nD:\programming\ada_projects\Ada_Drivers_Library\arch\ARM\Nordic\svd\nrf51\nrf51_svd-rtc.ads:337:9\n16 bytes (static)" }
node: { title: "nrf51_svd__rtc__evten_compare_fieldEQ" label: "EVTEN_COMPARE_FIELDEQ\nD:\programming\ada_projects\Ada_Drivers_Library\arch\ARM\Nordic\svd\nrf51\nrf51_svd-rtc.ads:337:9\n40 bytes (static)" }
edge: { sourcename: "nrf51_svd__rtc__evten_compare_fieldEQ" targetname: "D:\programming\ada_projects\Ada_Drivers_Library\arch\ARM\Nordic\svd\nrf51\nrf51_svd-rtc.ads:nrf51_svd__rtc__evten_compare_fieldEQ__E124s.5860" label: "D:\programming\ada_projects\Ada_Drivers_Library\arch\ARM\Nordic\svd\nrf51\nrf51_svd-rtc.ads:337:9" }
node: { title: "D:\programming\ada_projects\Ada_Drivers_Library\arch\ARM\Nordic\svd\nrf51\nrf51_svd-rtc.ads:nrf51_svd__rtc__evten_compare_fieldEQ__E124s.5860" label: "E124S\nD:\programming\ada_projects\Ada_Drivers_Library\arch\ARM\Nordic\svd\nrf51\nrf51_svd-rtc.ads:337:9\n24 bytes (static)" }
node: { title: "nrf51_svd__rtc__Tevten_compare_field_arrayBIP" label: "TEVTEN_COMPARE_FIELD_ARRAYBIP\nD:\programming\ada_projects\Ada_Drivers_Library\arch\ARM\Nordic\svd\nrf51\nrf51_svd-rtc.ads:333:4\n16 bytes (static)" }
node: { title: "nrf51_svd__rtc__intenclr_registerIP" label: "INTENCLR_REGISTERIP\nD:\programming\ada_projects\Ada_Drivers_Library\arch\ARM\Nordic\svd\nrf51\nrf51_svd-rtc.ads:272:9\n16 bytes (static)" }
node: { title: "nrf51_svd__rtc__intenclr_registerEQ" label: "INTENCLR_REGISTEREQ\nD:\programming\ada_projects\Ada_Drivers_Library\arch\ARM\Nordic\svd\nrf51\nrf51_svd-rtc.ads:272:4\n16 bytes (static)" }
edge: { sourcename: "nrf51_svd__rtc__intenclr_registerEQ" targetname: "__gnat_last_chance_handler" label: "D:\programming\ada_projects\Ada_Drivers_Library\arch\ARM\Nordic\svd\nrf51\nrf51_svd-rtc.ads:272:9" }
node: { title: "nrf51_svd__rtc__intenclr_compare_fieldIP" label: "INTENCLR_COMPARE_FIELDIP\nD:\programming\ada_projects\Ada_Drivers_Library\arch\ARM\Nordic\svd\nrf51\nrf51_svd-rtc.ads:252:9\n16 bytes (static)" }
node: { title: "nrf51_svd__rtc__intenclr_compare_fieldEQ" label: "INTENCLR_COMPARE_FIELDEQ\nD:\programming\ada_projects\Ada_Drivers_Library\arch\ARM\Nordic\svd\nrf51\nrf51_svd-rtc.ads:252:9\n40 bytes (static)" }
edge: { sourcename: "nrf51_svd__rtc__intenclr_compare_fieldEQ" targetname: "D:\programming\ada_projects\Ada_Drivers_Library\arch\ARM\Nordic\svd\nrf51\nrf51_svd-rtc.ads:nrf51_svd__rtc__intenclr_compare_fieldEQ__E103s.5851" label: "D:\programming\ada_projects\Ada_Drivers_Library\arch\ARM\Nordic\svd\nrf51\nrf51_svd-rtc.ads:252:9" }
node: { title: "D:\programming\ada_projects\Ada_Drivers_Library\arch\ARM\Nordic\svd\nrf51\nrf51_svd-rtc.ads:nrf51_svd__rtc__intenclr_compare_fieldEQ__E103s.5851" label: "E103S\nD:\programming\ada_projects\Ada_Drivers_Library\arch\ARM\Nordic\svd\nrf51\nrf51_svd-rtc.ads:252:9\n24 bytes (static)" }
node: { title: "nrf51_svd__rtc__Tintenclr_compare_field_arrayBIP" label: "TINTENCLR_COMPARE_FIELD_ARRAYBIP\nD:\programming\ada_projects\Ada_Drivers_Library\arch\ARM\Nordic\svd\nrf51\nrf51_svd-rtc.ads:247:4\n16 bytes (static)" }
node: { title: "nrf51_svd__rtc__intenset_registerIP" label: "INTENSET_REGISTERIP\nD:\programming\ada_projects\Ada_Drivers_Library\arch\ARM\Nordic\svd\nrf51\nrf51_svd-rtc.ads:150:9\n16 bytes (static)" }
node: { title: "nrf51_svd__rtc__intenset_registerEQ" label: "INTENSET_REGISTEREQ\nD:\programming\ada_projects\Ada_Drivers_Library\arch\ARM\Nordic\svd\nrf51\nrf51_svd-rtc.ads:150:4\n16 bytes (static)" }
edge: { sourcename: "nrf51_svd__rtc__intenset_registerEQ" targetname: "__gnat_last_chance_handler" label: "D:\programming\ada_projects\Ada_Drivers_Library\arch\ARM\Nordic\svd\nrf51\nrf51_svd-rtc.ads:150:9" }
node: { title: "nrf51_svd__rtc__intenset_compare_fieldIP" label: "INTENSET_COMPARE_FIELDIP\nD:\programming\ada_projects\Ada_Drivers_Library\arch\ARM\Nordic\svd\nrf51\nrf51_svd-rtc.ads:130:9\n16 bytes (static)" }
node: { title: "nrf51_svd__rtc__intenset_compare_fieldEQ" label: "INTENSET_COMPARE_FIELDEQ\nD:\programming\ada_projects\Ada_Drivers_Library\arch\ARM\Nordic\svd\nrf51\nrf51_svd-rtc.ads:130:9\n40 bytes (static)" }
edge: { sourcename: "nrf51_svd__rtc__intenset_compare_fieldEQ" targetname: "D:\programming\ada_projects\Ada_Drivers_Library\arch\ARM\Nordic\svd\nrf51\nrf51_svd-rtc.ads:nrf51_svd__rtc__intenset_compare_fieldEQ__E82s.5841" label: "D:\programming\ada_projects\Ada_Drivers_Library\arch\ARM\Nordic\svd\nrf51\nrf51_svd-rtc.ads:130:9" }
node: { title: "D:\programming\ada_projects\Ada_Drivers_Library\arch\ARM\Nordic\svd\nrf51\nrf51_svd-rtc.ads:nrf51_svd__rtc__intenset_compare_fieldEQ__E82s.5841" label: "E82S\nD:\programming\ada_projects\Ada_Drivers_Library\arch\ARM\Nordic\svd\nrf51\nrf51_svd-rtc.ads:130:9\n24 bytes (static)" }
node: { title: "nrf51_svd__rtc__Tintenset_compare_field_arrayBIP" label: "TINTENSET_COMPARE_FIELD_ARRAYBIP\nD:\programming\ada_projects\Ada_Drivers_Library\arch\ARM\Nordic\svd\nrf51\nrf51_svd-rtc.ads:125:4\n16 bytes (static)" }
node: { title: "nrf51_svd__rtc__Tevents_compare_registersBIP" label: "TEVENTS_COMPARE_REGISTERSBIP\nD:\programming\ada_projects\Ada_Drivers_Library\arch\ARM\Nordic\svd\nrf51\nrf51_svd-rtc.ads:49:4\n16 bytes (static)" }
}
