graph: { title: "D:\programming\ada_projects\Ada_Drivers_Library\arch\ARM\Nordic\svd\nrf51\nrf51_svd-lpcomp.ads"
node: { title: "nrf51_svd__lpcomp__lpcomp_peripheralIP" label: "LPCOMP_PERIPHERALIP\nD:\programming\ada_projects\Ada_Drivers_Library\arch\ARM\Nordic\svd\nrf51\nrf51_svd-lpcomp.ads:608:9\n16 bytes (static)" }
edge: { sourcename: "nrf51_svd__lpcomp__lpcomp_peripheralIP" targetname: "nrf51_svd__lpcomp__power_registerIP" label: "D:\programming\ada_projects\Ada_Drivers_Library\arch\ARM\Nordic\svd\nrf51\nrf51_svd-lpcomp.ads:642:7" }
edge: { sourcename: "nrf51_svd__lpcomp__lpcomp_peripheralIP" targetname: "nrf51_svd__lpcomp__anadetect_registerIP" label: "D:\programming\ada_projects\Ada_Drivers_Library\arch\ARM\Nordic\svd\nrf51\nrf51_svd-lpcomp.ads:640:7" }
edge: { sourcename: "nrf51_svd__lpcomp__lpcomp_peripheralIP" targetname: "nrf51_svd__lpcomp__extrefsel_registerIP" label: "D:\programming\ada_projects\Ada_Drivers_Library\arch\ARM\Nordic\svd\nrf51\nrf51_svd-lpcomp.ads:638:7" }
edge: { sourcename: "nrf51_svd__lpcomp__lpcomp_peripheralIP" targetname: "nrf51_svd__lpcomp__refsel_registerIP" label: "D:\programming\ada_projects\Ada_Drivers_Library\arch\ARM\Nordic\svd\nrf51\nrf51_svd-lpcomp.ads:636:7" }
edge: { sourcename: "nrf51_svd__lpcomp__lpcomp_peripheralIP" targetname: "nrf51_svd__lpcomp__psel_registerIP" label: "D:\programming\ada_projects\Ada_Drivers_Library\arch\ARM\Nordic\svd\nrf51\nrf51_svd-lpcomp.ads:634:7" }
edge: { sourcename: "nrf51_svd__lpcomp__lpcomp_peripheralIP" targetname: "nrf51_svd__lpcomp__enable_registerIP" label: "D:\programming\ada_projects\Ada_Drivers_Library\arch\ARM\Nordic\svd\nrf51\nrf51_svd-lpcomp.ads:632:7" }
edge: { sourcename: "nrf51_svd__lpcomp__lpcomp_peripheralIP" targetname: "nrf51_svd__lpcomp__intenclr_registerIP" label: "D:\programming\ada_projects\Ada_Drivers_Library\arch\ARM\Nordic\svd\nrf51\nrf51_svd-lpcomp.ads:628:7" }
edge: { sourcename: "nrf51_svd__lpcomp__lpcomp_peripheralIP" targetname: "nrf51_svd__lpcomp__intenset_registerIP" label: "D:\programming\ada_projects\Ada_Drivers_Library\arch\ARM\Nordic\svd\nrf51\nrf51_svd-lpcomp.ads:626:7" }
edge: { sourcename: "nrf51_svd__lpcomp__lpcomp_peripheralIP" targetname: "nrf51_svd__lpcomp__shorts_registerIP" label: "D:\programming\ada_projects\Ada_Drivers_Library\arch\ARM\Nordic\svd\nrf51\nrf51_svd-lpcomp.ads:624:7" }
node: { title: "nrf51_svd__lpcomp__power_registerIP" label: "POWER_REGISTERIP\nD:\programming\ada_projects\Ada_Drivers_Library\arch\ARM\Nordic\svd\nrf51\nrf51_svd-lpcomp.ads:589:9\n16 bytes (static)" }
node: { title: "nrf51_svd__lpcomp__anadetect_registerIP" label: "ANADETECT_REGISTERIP\nD:\programming\ada_projects\Ada_Drivers_Library\arch\ARM\Nordic\svd\nrf51\nrf51_svd-lpcomp.ads:562:9\n16 bytes (static)" }
node: { title: "nrf51_svd__lpcomp__extrefsel_registerIP" label: "EXTREFSEL_REGISTERIP\nD:\programming\ada_projects\Ada_Drivers_Library\arch\ARM\Nordic\svd\nrf51\nrf51_svd-lpcomp.ads:531:9\n16 bytes (static)" }
node: { title: "nrf51_svd__lpcomp__refsel_registerIP" label: "REFSEL_REGISTERIP\nD:\programming\ada_projects\Ada_Drivers_Library\arch\ARM\Nordic\svd\nrf51\nrf51_svd-lpcomp.ads:503:9\n16 bytes (static)" }
node: { title: "nrf51_svd__lpcomp__psel_registerIP" label: "PSEL_REGISTERIP\nD:\programming\ada_projects\Ada_Drivers_Library\arch\ARM\Nordic\svd\nrf51\nrf51_svd-lpcomp.ads:458:9\n16 bytes (static)" }
node: { title: "nrf51_svd__lpcomp__enable_registerIP" label: "ENABLE_REGISTERIP\nD:\programming\ada_projects\Ada_Drivers_Library\arch\ARM\Nordic\svd\nrf51\nrf51_svd-lpcomp.ads:413:9\n16 bytes (static)" }
node: { title: "nrf51_svd__lpcomp__result_registerIP" label: "RESULT_REGISTERIP\nD:\programming\ada_projects\Ada_Drivers_Library\arch\ARM\Nordic\svd\nrf51\nrf51_svd-lpcomp.ads:386:9\n16 bytes (static)" }
node: { title: "nrf51_svd__lpcomp__intenclr_registerIP" label: "INTENCLR_REGISTERIP\nD:\programming\ada_projects\Ada_Drivers_Library\arch\ARM\Nordic\svd\nrf51\nrf51_svd-lpcomp.ads:350:9\n16 bytes (static)" }
node: { title: "nrf51_svd__lpcomp__intenset_registerIP" label: "INTENSET_REGISTERIP\nD:\programming\ada_projects\Ada_Drivers_Library\arch\ARM\Nordic\svd\nrf51\nrf51_svd-lpcomp.ads:230:9\n16 bytes (static)" }
node: { title: "nrf51_svd__lpcomp__shorts_registerIP" label: "SHORTS_REGISTERIP\nD:\programming\ada_projects\Ada_Drivers_Library\arch\ARM\Nordic\svd\nrf51\nrf51_svd-lpcomp.ads:107:9\n16 bytes (static)" }
}
