graph: { title: "D:\programming\ada_projects\Ada_Drivers_Library\arch\ARM\Nordic\svd\nrf51\nrf51_svd-power.ads"
node: { title: "nrf51_svd__power__power_peripheralIP" label: "POWER_PERIPHERALIP\nD:\programming\ada_projects\Ada_Drivers_Library\arch\ARM\Nordic\svd\nrf51\nrf51_svd-power.ads:677:9\n16 bytes (static)" }
edge: { sourcename: "nrf51_svd__power__power_peripheralIP" targetname: "nrf51_svd__power__dcdcforce_registerIP" label: "D:\programming\ada_projects\Ada_Drivers_Library\arch\ARM\Nordic\svd\nrf51\nrf51_svd-power.ads:709:7" }
edge: { sourcename: "nrf51_svd__power__power_peripheralIP" targetname: "nrf51_svd__power__dcdcen_registerIP" label: "D:\programming\ada_projects\Ada_Drivers_Library\arch\ARM\Nordic\svd\nrf51\nrf51_svd-power.ads:707:7" }
edge: { sourcename: "nrf51_svd__power__power_peripheralIP" targetname: "nrf51_svd__power__ramonb_registerIP" label: "D:\programming\ada_projects\Ada_Drivers_Library\arch\ARM\Nordic\svd\nrf51\nrf51_svd-power.ads:705:7" }
edge: { sourcename: "nrf51_svd__power__power_peripheralIP" targetname: "nrf51_svd__power__reset_registerIP" label: "D:\programming\ada_projects\Ada_Drivers_Library\arch\ARM\Nordic\svd\nrf51\nrf51_svd-power.ads:703:7" }
edge: { sourcename: "nrf51_svd__power__power_peripheralIP" targetname: "nrf51_svd__power__ramon_registerIP" label: "D:\programming\ada_projects\Ada_Drivers_Library\arch\ARM\Nordic\svd\nrf51\nrf51_svd-power.ads:700:7" }
edge: { sourcename: "nrf51_svd__power__power_peripheralIP" targetname: "nrf51_svd__power__gpregret_registerIP" label: "D:\programming\ada_projects\Ada_Drivers_Library\arch\ARM\Nordic\svd\nrf51\nrf51_svd-power.ads:698:7" }
edge: { sourcename: "nrf51_svd__power__power_peripheralIP" targetname: "nrf51_svd__power__pofcon_registerIP" label: "D:\programming\ada_projects\Ada_Drivers_Library\arch\ARM\Nordic\svd\nrf51\nrf51_svd-power.ads:695:7" }
edge: { sourcename: "nrf51_svd__power__power_peripheralIP" targetname: "nrf51_svd__power__systemoff_registerIP" label: "D:\programming\ada_projects\Ada_Drivers_Library\arch\ARM\Nordic\svd\nrf51\nrf51_svd-power.ads:693:7" }
edge: { sourcename: "nrf51_svd__power__power_peripheralIP" targetname: "nrf51_svd__power__resetreas_registerIP" label: "D:\programming\ada_projects\Ada_Drivers_Library\arch\ARM\Nordic\svd\nrf51\nrf51_svd-power.ads:689:7" }
edge: { sourcename: "nrf51_svd__power__power_peripheralIP" targetname: "nrf51_svd__power__intenclr_registerIP" label: "D:\programming\ada_projects\Ada_Drivers_Library\arch\ARM\Nordic\svd\nrf51\nrf51_svd-power.ads:687:7" }
edge: { sourcename: "nrf51_svd__power__power_peripheralIP" targetname: "nrf51_svd__power__intenset_registerIP" label: "D:\programming\ada_projects\Ada_Drivers_Library\arch\ARM\Nordic\svd\nrf51\nrf51_svd-power.ads:685:7" }
node: { title: "nrf51_svd__power__dcdcforce_registerIP" label: "DCDCFORCE_REGISTERIP\nD:\programming\ada_projects\Ada_Drivers_Library\arch\ARM\Nordic\svd\nrf51\nrf51_svd-power.ads:655:9\n16 bytes (static)" }
node: { title: "nrf51_svd__power__dcdcen_registerIP" label: "DCDCEN_REGISTERIP\nD:\programming\ada_projects\Ada_Drivers_Library\arch\ARM\Nordic\svd\nrf51\nrf51_svd-power.ads:616:9\n16 bytes (static)" }
node: { title: "nrf51_svd__power__ramonb_registerIP" label: "RAMONB_REGISTERIP\nD:\programming\ada_projects\Ada_Drivers_Library\arch\ARM\Nordic\svd\nrf51\nrf51_svd-power.ads:577:9\n16 bytes (static)" }
node: { title: "nrf51_svd__power__reset_registerIP" label: "RESET_REGISTERIP\nD:\programming\ada_projects\Ada_Drivers_Library\arch\ARM\Nordic\svd\nrf51\nrf51_svd-power.ads:514:9\n16 bytes (static)" }
node: { title: "nrf51_svd__power__ramon_registerIP" label: "RAMON_REGISTERIP\nD:\programming\ada_projects\Ada_Drivers_Library\arch\ARM\Nordic\svd\nrf51\nrf51_svd-power.ads:474:9\n16 bytes (static)" }
node: { title: "nrf51_svd__power__gpregret_registerIP" label: "GPREGRET_REGISTERIP\nD:\programming\ada_projects\Ada_Drivers_Library\arch\ARM\Nordic\svd\nrf51\nrf51_svd-power.ads:411:9\n16 bytes (static)" }
node: { title: "nrf51_svd__power__pofcon_registerIP" label: "POFCON_REGISTERIP\nD:\programming\ada_projects\Ada_Drivers_Library\arch\ARM\Nordic\svd\nrf51\nrf51_svd-power.ads:390:9\n16 bytes (static)" }
node: { title: "nrf51_svd__power__systemoff_registerIP" label: "SYSTEMOFF_REGISTERIP\nD:\programming\ada_projects\Ada_Drivers_Library\arch\ARM\Nordic\svd\nrf51\nrf51_svd-power.ads:344:9\n16 bytes (static)" }
node: { title: "nrf51_svd__power__ramstatus_registerIP" label: "RAMSTATUS_REGISTERIP\nD:\programming\ada_projects\Ada_Drivers_Library\arch\ARM\Nordic\svd\nrf51\nrf51_svd-power.ads:308:9\n16 bytes (static)" }
node: { title: "nrf51_svd__power__resetreas_registerIP" label: "RESETREAS_REGISTERIP\nD:\programming\ada_projects\Ada_Drivers_Library\arch\ARM\Nordic\svd\nrf51\nrf51_svd-power.ads:220:9\n16 bytes (static)" }
node: { title: "nrf51_svd__power__intenclr_registerIP" label: "INTENCLR_REGISTERIP\nD:\programming\ada_projects\Ada_Drivers_Library\arch\ARM\Nordic\svd\nrf51\nrf51_svd-power.ads:114:9\n16 bytes (static)" }
node: { title: "nrf51_svd__power__intenset_registerIP" label: "INTENSET_REGISTERIP\nD:\programming\ada_projects\Ada_Drivers_Library\arch\ARM\Nordic\svd\nrf51\nrf51_svd-power.ads:71:9\n16 bytes (static)" }
}
