graph: { title: "D:\programming\ada_projects\Ada_Drivers_Library\arch\ARM\Nordic\drivers\nrf51-temperature.adb"
node: { title: "__gnat_last_chance_handler" label: "gnat_last_chance_handler\n<built-in>" shape : ellipse }
node: { title: "nrf51__temperature__read" label: "Read\nD:\programming\ada_projects\Ada_Drivers_Library\arch\ARM\Nordic\drivers\nrf51-temperature.adb:44:4\n40 bytes (static)" }
edge: { sourcename: "nrf51__temperature__read" targetname: "__gnat_last_chance_handler" label: "D:\programming\ada_projects\Ada_Drivers_Library\arch\ARM\Nordic\drivers\nrf51-temperature.adb:59:14" }
edge: { sourcename: "nrf51__temperature__read" targetname: "__gnat_last_chance_handler" label: "D:\programming\ada_projects\Ada_Drivers_Library\arch\ARM\Nordic\drivers\nrf51-temperature.adb:58:14" }
edge: { sourcename: "nrf51__temperature__read" targetname: "__gnat_last_chance_handler" label: "D:\programming\ada_projects\Ada_Drivers_Library\arch\ARM\Nordic\drivers\nrf51-temperature.adb:58:14" }
}
