graph: { title: "D:\programming\ada_projects\Ada_Drivers_Library\arch\ARM\Nordic\drivers\nrf51-rng.adb"
node: { title: "nrf51__rng__read" label: "Read\nD:\programming\ada_projects\Ada_Drivers_Library\arch\ARM\Nordic\drivers\nrf51-rng.adb:58:4\n8 bytes (static)" }
node: { title: "nrf51__rng__disable_digital_error_correction" label: "Disable_Digital_Error_Correction\nD:\programming\ada_projects\Ada_Drivers_Library\arch\ARM\Nordic\drivers\nrf51-rng.adb:49:4\n8 bytes (static)" }
node: { title: "nrf51__rng__enable_digital_error_correction" label: "Enable_Digital_Error_Correction\nD:\programming\ada_projects\Ada_Drivers_Library\arch\ARM\Nordic\drivers\nrf51-rng.adb:40:4\n8 bytes (static)" }
}
