graph: { title: "D:\programming\ada_projects\Ada_Drivers_Library\arch\ARM\Nordic\svd\nrf51\nrf51_svd-qdec.ads"
node: { title: "nrf51_svd__qdec__qdec_peripheralIP" label: "QDEC_PERIPHERALIP\nD:\programming\ada_projects\Ada_Drivers_Library\arch\ARM\Nordic\svd\nrf51\nrf51_svd-qdec.ads:537:9\n16 bytes (static)" }
edge: { sourcename: "nrf51_svd__qdec__qdec_peripheralIP" targetname: "nrf51_svd__qdec__power_registerIP" label: "D:\programming\ada_projects\Ada_Drivers_Library\arch\ARM\Nordic\svd\nrf51\nrf51_svd-qdec.ads:589:7" }
edge: { sourcename: "nrf51_svd__qdec__qdec_peripheralIP" targetname: "nrf51_svd__qdec__ledpre_registerIP" label: "D:\programming\ada_projects\Ada_Drivers_Library\arch\ARM\Nordic\svd\nrf51\nrf51_svd-qdec.ads:582:7" }
edge: { sourcename: "nrf51_svd__qdec__qdec_peripheralIP" targetname: "nrf51_svd__qdec__dbfen_registerIP" label: "D:\programming\ada_projects\Ada_Drivers_Library\arch\ARM\Nordic\svd\nrf51\nrf51_svd-qdec.ads:580:7" }
edge: { sourcename: "nrf51_svd__qdec__qdec_peripheralIP" targetname: "nrf51_svd__qdec__reportper_registerIP" label: "D:\programming\ada_projects\Ada_Drivers_Library\arch\ARM\Nordic\svd\nrf51\nrf51_svd-qdec.ads:567:7" }
edge: { sourcename: "nrf51_svd__qdec__qdec_peripheralIP" targetname: "nrf51_svd__qdec__sampleper_registerIP" label: "D:\programming\ada_projects\Ada_Drivers_Library\arch\ARM\Nordic\svd\nrf51\nrf51_svd-qdec.ads:563:7" }
edge: { sourcename: "nrf51_svd__qdec__qdec_peripheralIP" targetname: "nrf51_svd__qdec__ledpol_registerIP" label: "D:\programming\ada_projects\Ada_Drivers_Library\arch\ARM\Nordic\svd\nrf51\nrf51_svd-qdec.ads:561:7" }
edge: { sourcename: "nrf51_svd__qdec__qdec_peripheralIP" targetname: "nrf51_svd__qdec__enable_registerIP" label: "D:\programming\ada_projects\Ada_Drivers_Library\arch\ARM\Nordic\svd\nrf51\nrf51_svd-qdec.ads:559:7" }
edge: { sourcename: "nrf51_svd__qdec__qdec_peripheralIP" targetname: "nrf51_svd__qdec__intenclr_registerIP" label: "D:\programming\ada_projects\Ada_Drivers_Library\arch\ARM\Nordic\svd\nrf51\nrf51_svd-qdec.ads:557:7" }
edge: { sourcename: "nrf51_svd__qdec__qdec_peripheralIP" targetname: "nrf51_svd__qdec__intenset_registerIP" label: "D:\programming\ada_projects\Ada_Drivers_Library\arch\ARM\Nordic\svd\nrf51\nrf51_svd-qdec.ads:555:7" }
edge: { sourcename: "nrf51_svd__qdec__qdec_peripheralIP" targetname: "nrf51_svd__qdec__shorts_registerIP" label: "D:\programming\ada_projects\Ada_Drivers_Library\arch\ARM\Nordic\svd\nrf51\nrf51_svd-qdec.ads:553:7" }
node: { title: "nrf51_svd__qdec__power_registerIP" label: "POWER_REGISTERIP\nD:\programming\ada_projects\Ada_Drivers_Library\arch\ARM\Nordic\svd\nrf51\nrf51_svd-qdec.ads:518:9\n16 bytes (static)" }
node: { title: "nrf51_svd__qdec__accdblread_registerIP" label: "ACCDBLREAD_REGISTERIP\nD:\programming\ada_projects\Ada_Drivers_Library\arch\ARM\Nordic\svd\nrf51\nrf51_svd-qdec.ads:491:9\n16 bytes (static)" }
node: { title: "nrf51_svd__qdec__accdbl_registerIP" label: "ACCDBL_REGISTERIP\nD:\programming\ada_projects\Ada_Drivers_Library\arch\ARM\Nordic\svd\nrf51\nrf51_svd-qdec.ads:473:9\n16 bytes (static)" }
node: { title: "nrf51_svd__qdec__ledpre_registerIP" label: "LEDPRE_REGISTERIP\nD:\programming\ada_projects\Ada_Drivers_Library\arch\ARM\Nordic\svd\nrf51\nrf51_svd-qdec.ads:456:9\n16 bytes (static)" }
node: { title: "nrf51_svd__qdec__dbfen_registerIP" label: "DBFEN_REGISTERIP\nD:\programming\ada_projects\Ada_Drivers_Library\arch\ARM\Nordic\svd\nrf51\nrf51_svd-qdec.ads:439:9\n16 bytes (static)" }
node: { title: "nrf51_svd__qdec__reportper_registerIP" label: "REPORTPER_REGISTERIP\nD:\programming\ada_projects\Ada_Drivers_Library\arch\ARM\Nordic\svd\nrf51\nrf51_svd-qdec.ads:411:9\n16 bytes (static)" }
node: { title: "nrf51_svd__qdec__sampleper_registerIP" label: "SAMPLEPER_REGISTERIP\nD:\programming\ada_projects\Ada_Drivers_Library\arch\ARM\Nordic\svd\nrf51\nrf51_svd-qdec.ads:365:9\n16 bytes (static)" }
node: { title: "nrf51_svd__qdec__ledpol_registerIP" label: "LEDPOL_REGISTERIP\nD:\programming\ada_projects\Ada_Drivers_Library\arch\ARM\Nordic\svd\nrf51\nrf51_svd-qdec.ads:320:9\n16 bytes (static)" }
node: { title: "nrf51_svd__qdec__enable_registerIP" label: "ENABLE_REGISTERIP\nD:\programming\ada_projects\Ada_Drivers_Library\arch\ARM\Nordic\svd\nrf51\nrf51_svd-qdec.ads:293:9\n16 bytes (static)" }
node: { title: "nrf51_svd__qdec__intenclr_registerIP" label: "INTENCLR_REGISTERIP\nD:\programming\ada_projects\Ada_Drivers_Library\arch\ARM\Nordic\svd\nrf51\nrf51_svd-qdec.ads:258:9\n16 bytes (static)" }
node: { title: "nrf51_svd__qdec__intenset_registerIP" label: "INTENSET_REGISTERIP\nD:\programming\ada_projects\Ada_Drivers_Library\arch\ARM\Nordic\svd\nrf51\nrf51_svd-qdec.ads:163:9\n16 bytes (static)" }
node: { title: "nrf51_svd__qdec__shorts_registerIP" label: "SHORTS_REGISTERIP\nD:\programming\ada_projects\Ada_Drivers_Library\arch\ARM\Nordic\svd\nrf51\nrf51_svd-qdec.ads:71:9\n16 bytes (static)" }
}
