graph: { title: "D:\programming\ada_projects\Ada_Drivers_Library\arch\ARM\Nordic\svd\nrf51\nrf51_svd-rng.ads"
node: { title: "nrf51_svd__rng__rng_peripheralIP" label: "RNG_PERIPHERALIP\nD:\programming\ada_projects\Ada_Drivers_Library\arch\ARM\Nordic\svd\nrf51\nrf51_svd-rng.ads:227:9\n16 bytes (static)" }
edge: { sourcename: "nrf51_svd__rng__rng_peripheralIP" targetname: "nrf51_svd__rng__power_registerIP" label: "D:\programming\ada_projects\Ada_Drivers_Library\arch\ARM\Nordic\svd\nrf51\nrf51_svd-rng.ads:245:7" }
edge: { sourcename: "nrf51_svd__rng__rng_peripheralIP" targetname: "nrf51_svd__rng__config_registerIP" label: "D:\programming\ada_projects\Ada_Drivers_Library\arch\ARM\Nordic\svd\nrf51\nrf51_svd-rng.ads:241:7" }
edge: { sourcename: "nrf51_svd__rng__rng_peripheralIP" targetname: "nrf51_svd__rng__intenclr_registerIP" label: "D:\programming\ada_projects\Ada_Drivers_Library\arch\ARM\Nordic\svd\nrf51\nrf51_svd-rng.ads:239:7" }
edge: { sourcename: "nrf51_svd__rng__rng_peripheralIP" targetname: "nrf51_svd__rng__intenset_registerIP" label: "D:\programming\ada_projects\Ada_Drivers_Library\arch\ARM\Nordic\svd\nrf51\nrf51_svd-rng.ads:237:7" }
edge: { sourcename: "nrf51_svd__rng__rng_peripheralIP" targetname: "nrf51_svd__rng__shorts_registerIP" label: "D:\programming\ada_projects\Ada_Drivers_Library\arch\ARM\Nordic\svd\nrf51\nrf51_svd-rng.ads:235:7" }
node: { title: "nrf51_svd__rng__power_registerIP" label: "POWER_REGISTERIP\nD:\programming\ada_projects\Ada_Drivers_Library\arch\ARM\Nordic\svd\nrf51\nrf51_svd-rng.ads:208:9\n16 bytes (static)" }
node: { title: "nrf51_svd__rng__value_registerIP" label: "VALUE_REGISTERIP\nD:\programming\ada_projects\Ada_Drivers_Library\arch\ARM\Nordic\svd\nrf51\nrf51_svd-rng.ads:181:9\n16 bytes (static)" }
node: { title: "nrf51_svd__rng__config_registerIP" label: "CONFIG_REGISTERIP\nD:\programming\ada_projects\Ada_Drivers_Library\arch\ARM\Nordic\svd\nrf51\nrf51_svd-rng.ads:164:9\n16 bytes (static)" }
node: { title: "nrf51_svd__rng__intenclr_registerIP" label: "INTENCLR_REGISTERIP\nD:\programming\ada_projects\Ada_Drivers_Library\arch\ARM\Nordic\svd\nrf51\nrf51_svd-rng.ads:137:9\n16 bytes (static)" }
node: { title: "nrf51_svd__rng__intenset_registerIP" label: "INTENSET_REGISTERIP\nD:\programming\ada_projects\Ada_Drivers_Library\arch\ARM\Nordic\svd\nrf51\nrf51_svd-rng.ads:98:9\n16 bytes (static)" }
node: { title: "nrf51_svd__rng__shorts_registerIP" label: "SHORTS_REGISTERIP\nD:\programming\ada_projects\Ada_Drivers_Library\arch\ARM\Nordic\svd\nrf51\nrf51_svd-rng.ads:59:9\n16 bytes (static)" }
}
