graph: { title: "D:\programming\ada_projects\Ada_Drivers_Library\arch\ARM\Nordic\drivers\nrf51-events.adb"
node: { title: "__gnat_last_chance_handler" label: "gnat_last_chance_handler\n<built-in>" shape : ellipse }
node: { title: "nrf51__events__get_address__2" label: "Get_Address\nD:\programming\ada_projects\Ada_Drivers_Library\arch\ARM\Nordic\drivers\nrf51-events.adb:119:4\n16 bytes (static)" }
node: { title: "nrf51__events__get_address" label: "Get_Address\nD:\programming\ada_projects\Ada_Drivers_Library\arch\ARM\Nordic\drivers\nrf51-events.adb:110:4\n16 bytes (static)" }
node: { title: "nrf51__events__clear" label: "Clear\nD:\programming\ada_projects\Ada_Drivers_Library\arch\ARM\Nordic\drivers\nrf51-events.adb:100:4\n24 bytes (static)" }
edge: { sourcename: "nrf51__events__clear" targetname: "__gnat_last_chance_handler" label: "D:\programming\ada_projects\Ada_Drivers_Library\arch\ARM\Nordic\drivers\nrf51-events.adb:101:25" }
node: { title: "nrf51__events__disable_interrupt" label: "Disable_Interrupt\nD:\programming\ada_projects\Ada_Drivers_Library\arch\ARM\Nordic\drivers\nrf51-events.adb:77:4\n40 bytes (static)" }
edge: { sourcename: "nrf51__events__disable_interrupt" targetname: "__gnat_last_chance_handler" label: "D:\programming\ada_projects\Ada_Drivers_Library\arch\ARM\Nordic\drivers\nrf51-events.adb:91:36" }
edge: { sourcename: "nrf51__events__disable_interrupt" targetname: "__gnat_last_chance_handler" label: "D:\programming\ada_projects\Ada_Drivers_Library\arch\ARM\Nordic\drivers\nrf51-events.adb:82:55" }
node: { title: "nrf51__events__enable_interrupt" label: "Enable_Interrupt\nD:\programming\ada_projects\Ada_Drivers_Library\arch\ARM\Nordic\drivers\nrf51-events.adb:54:4\n40 bytes (static)" }
edge: { sourcename: "nrf51__events__enable_interrupt" targetname: "__gnat_last_chance_handler" label: "D:\programming\ada_projects\Ada_Drivers_Library\arch\ARM\Nordic\drivers\nrf51-events.adb:68:34" }
edge: { sourcename: "nrf51__events__enable_interrupt" targetname: "__gnat_last_chance_handler" label: "D:\programming\ada_projects\Ada_Drivers_Library\arch\ARM\Nordic\drivers\nrf51-events.adb:59:55" }
node: { title: "nrf51__events__triggered" label: "Triggered\nD:\programming\ada_projects\Ada_Drivers_Library\arch\ARM\Nordic\drivers\nrf51-events.adb:43:4\n24 bytes (static)" }
edge: { sourcename: "nrf51__events__triggered" targetname: "__gnat_last_chance_handler" label: "D:\programming\ada_projects\Ada_Drivers_Library\arch\ARM\Nordic\drivers\nrf51-events.adb:45:7" }
}
