class {
  classname: "ravenscar_time__ravenscar_delays"
  label: "ravenscar_time__ravenscar_delays\ravenscar_time.ads:40:9"
  parent: "hal__time__delays"
  virtuals: "1:ravenscar_time__delay_microseconds__2,1:hal__time__delays\n
             2:ravenscar_time__delay_milliseconds__2,2:hal__time__delays\n
             3:ravenscar_time__delay_seconds__2,3:hal__time__delays\n
             -1:ravenscar_time___size__2,-1:hal__time__delays\n
             -6:ravenscar_time__Oeq\n
             -7:ravenscar_time___assign"
}
graph: { title: "D:\programming\ada_projects\Ada_Drivers_Library\middleware\src\ravenscar-common\ravenscar_time.adb"
node: { title: "ada__real_time__seconds" label: "Seconds\nD:\gnat\2018-arm-elf\arm-eabi\lib\gnat\ravenscar-sfp-microbit\gnarl\a-reatim.ads:131:13" shape : ellipse }
node: { title: "ada__real_time__milliseconds" label: "Milliseconds\nD:\gnat\2018-arm-elf\arm-eabi\lib\gnat\ravenscar-sfp-microbit\gnarl\a-reatim.ads:128:13" shape : ellipse }
node: { title: "ada__real_time__delays__delay_until" label: "Delay_Until\nD:\gnat\2018-arm-elf\arm-eabi\lib\gnat\ravenscar-sfp-microbit\gnarl\a-retide.ads:42:14" shape : ellipse }
node: { title: "ada__real_time__Oadd" label: "+\nD:\gnat\2018-arm-elf\arm-eabi\lib\gnat\ravenscar-sfp-microbit\gnarl\a-reatim.ads:72:13" shape : ellipse }
node: { title: "ada__real_time__microseconds" label: "Microseconds\nD:\gnat\2018-arm-elf\arm-eabi\lib\gnat\ravenscar-sfp-microbit\gnarl\a-reatim.ads:126:13" shape : ellipse }
node: { title: "ada__real_time__clock" label: "Clock\nD:\gnat\2018-arm-elf\arm-eabi\lib\gnat\ravenscar-sfp-microbit\gnarl\a-reatim.ads:68:13" shape : ellipse }
node: { title: "__gnat_last_chance_handler" label: "gnat_last_chance_handler\n<built-in>" shape : ellipse }
node: { title: "ravenscar_time___elabb" label: "Ravenscar_Time\nD:\programming\ada_projects\Ada_Drivers_Library\middleware\src\ravenscar-common\ravenscar_time.adb:34:1\n8 bytes (static)" }
edge: { sourcename: "ravenscar_time___elabb" targetname: "ravenscar_time__ravenscar_delaysIP" label: "D:\programming\ada_projects\Ada_Drivers_Library\middleware\src\ravenscar-common\ravenscar_time.adb:36:4" }
node: { title: "ravenscar_time__delay_seconds__2" label: "Delay_Seconds\nD:\programming\ada_projects\Ada_Drivers_Library\middleware\src\ravenscar-common\ravenscar_time.adb:77:15\n24 bytes (static)" }
edge: { sourcename: "ravenscar_time__delay_seconds__2" targetname: "ada__real_time__delays__delay_until" label: "D:\programming\ada_projects\Ada_Drivers_Library\middleware\src\ravenscar-common\ravenscar_time.adb:83:7" }
edge: { sourcename: "ravenscar_time__delay_seconds__2" targetname: "ada__real_time__Oadd" label: "D:\programming\ada_projects\Ada_Drivers_Library\middleware\src\ravenscar-common\ravenscar_time.adb:83:25" }
edge: { sourcename: "ravenscar_time__delay_seconds__2" targetname: "ada__real_time__seconds" label: "D:\programming\ada_projects\Ada_Drivers_Library\middleware\src\ravenscar-common\ravenscar_time.adb:83:27" }
edge: { sourcename: "ravenscar_time__delay_seconds__2" targetname: "ada__real_time__clock" label: "D:\programming\ada_projects\Ada_Drivers_Library\middleware\src\ravenscar-common\ravenscar_time.adb:83:19" }
edge: { sourcename: "ravenscar_time__delay_seconds__2" targetname: "__gnat_last_chance_handler" label: "D:\programming\ada_projects\Ada_Drivers_Library\middleware\src\ravenscar-common\ravenscar_time.adb:77:15" }
node: { title: "ravenscar_time__delay_milliseconds__2" label: "Delay_Milliseconds\nD:\programming\ada_projects\Ada_Drivers_Library\middleware\src\ravenscar-common\ravenscar_time.adb:64:15\n24 bytes (static)" }
edge: { sourcename: "ravenscar_time__delay_milliseconds__2" targetname: "ada__real_time__delays__delay_until" label: "D:\programming\ada_projects\Ada_Drivers_Library\middleware\src\ravenscar-common\ravenscar_time.adb:70:7" }
edge: { sourcename: "ravenscar_time__delay_milliseconds__2" targetname: "ada__real_time__Oadd" label: "D:\programming\ada_projects\Ada_Drivers_Library\middleware\src\ravenscar-common\ravenscar_time.adb:70:25" }
edge: { sourcename: "ravenscar_time__delay_milliseconds__2" targetname: "ada__real_time__milliseconds" label: "D:\programming\ada_projects\Ada_Drivers_Library\middleware\src\ravenscar-common\ravenscar_time.adb:70:27" }
edge: { sourcename: "ravenscar_time__delay_milliseconds__2" targetname: "ada__real_time__clock" label: "D:\programming\ada_projects\Ada_Drivers_Library\middleware\src\ravenscar-common\ravenscar_time.adb:70:19" }
edge: { sourcename: "ravenscar_time__delay_milliseconds__2" targetname: "__gnat_last_chance_handler" label: "D:\programming\ada_projects\Ada_Drivers_Library\middleware\src\ravenscar-common\ravenscar_time.adb:64:15" }
node: { title: "ravenscar_time__delay_microseconds__2" label: "Delay_Microseconds\nD:\programming\ada_projects\Ada_Drivers_Library\middleware\src\ravenscar-common\ravenscar_time.adb:51:15\n24 bytes (static)" }
edge: { sourcename: "ravenscar_time__delay_microseconds__2" targetname: "ada__real_time__delays__delay_until" label: "D:\programming\ada_projects\Ada_Drivers_Library\middleware\src\ravenscar-common\ravenscar_time.adb:57:7" }
edge: { sourcename: "ravenscar_time__delay_microseconds__2" targetname: "ada__real_time__Oadd" label: "D:\programming\ada_projects\Ada_Drivers_Library\middleware\src\ravenscar-common\ravenscar_time.adb:57:25" }
edge: { sourcename: "ravenscar_time__delay_microseconds__2" targetname: "ada__real_time__microseconds" label: "D:\programming\ada_projects\Ada_Drivers_Library\middleware\src\ravenscar-common\ravenscar_time.adb:57:27" }
edge: { sourcename: "ravenscar_time__delay_microseconds__2" targetname: "ada__real_time__clock" label: "D:\programming\ada_projects\Ada_Drivers_Library\middleware\src\ravenscar-common\ravenscar_time.adb:57:19" }
edge: { sourcename: "ravenscar_time__delay_microseconds__2" targetname: "__gnat_last_chance_handler" label: "D:\programming\ada_projects\Ada_Drivers_Library\middleware\src\ravenscar-common\ravenscar_time.adb:51:15" }
node: { title: "ravenscar_time__delays" label: "Delays\nD:\programming\ada_projects\Ada_Drivers_Library\middleware\src\ravenscar-common\ravenscar_time.adb:42:4\n8 bytes (static)" }
node: { title: "ravenscar_time___assign" label: "Ravenscar_Time\nD:\programming\ada_projects\Ada_Drivers_Library\middleware\src\ravenscar-common\ravenscar_time.ads:40:9\n16 bytes (static)" }
node: { title: "ravenscar_time__Oeq" label: "=\nD:\programming\ada_projects\Ada_Drivers_Library\middleware\src\ravenscar-common\ravenscar_time.ads:40:4\n16 bytes (static)" }
node: { title: "ravenscar_time___size__2" label: "Ravenscar_Time\nD:\programming\ada_projects\Ada_Drivers_Library\middleware\src\ravenscar-common\ravenscar_time.ads:40:9\n24 bytes (static)" }
node: { title: "ravenscar_time__ravenscar_delaysIP" label: "Ravenscar_Delaysip\nD:\programming\ada_projects\Ada_Drivers_Library\middleware\src\ravenscar-common\ravenscar_time.ads:40:9\n16 bytes (static)" }
}
