class {
  classname: "simple_synthesizer__synthesizer"
  label: "simple_synthesizer__synthesizer\simple_synthesizer.ads:39:9"
  parent: "hal__audio__audio_stream"
  virtuals: "1:simple_synthesizer__set_frequency,1:hal__audio__audio_stream\n
             2:simple_synthesizer__transmit,2:hal__audio__audio_stream\n
             3:simple_synthesizer__receive,3:hal__audio__audio_stream\n
             -1:simple_synthesizer___size__2,-1:hal__audio__audio_stream\n
             4:simple_synthesizer__set_note_frequency"
}
graph: { title: "D:\programming\ada_projects\Ada_Drivers_Library\middleware\src\audio\simple_synthesizer.adb"
node: { title: "__aeabi_fdiv" label: "aeabi_fdiv\n<built-in>" shape : ellipse }
node: { title: "__aeabi_i2f" label: "aeabi_i2f\n<built-in>" shape : ellipse }
node: { title: "__aeabi_l2f" label: "aeabi_l2f\n<built-in>" shape : ellipse }
node: { title: "__aeabi_fsub" label: "aeabi_fsub\n<built-in>" shape : ellipse }
node: { title: "__aeabi_f2iz" label: "aeabi_f2iz\n<built-in>" shape : ellipse }
node: { title: "__aeabi_fcmpge" label: "aeabi_fcmpge\n<built-in>" shape : ellipse }
node: { title: "__aeabi_fcmple" label: "aeabi_fcmple\n<built-in>" shape : ellipse }
node: { title: "__aeabi_fcmpun" label: "aeabi_fcmpun\n<built-in>" shape : ellipse }
node: { title: "__aeabi_fmul" label: "aeabi_fmul\n<built-in>" shape : ellipse }
node: { title: "__aeabi_fcmpgt" label: "aeabi_fcmpgt\n<built-in>" shape : ellipse }
node: { title: "__aeabi_fadd" label: "aeabi_fadd\n<built-in>" shape : ellipse }
node: { title: "memcpy" label: "builtin_memcpy\n<built-in>" shape : ellipse }
node: { title: "__gnat_last_chance_handler" label: "Last_Chance_Handler\nD:\gnat\2018-arm-elf\arm-eabi\lib\gnat\ravenscar-sfp-microbit\gnat\a-except.adb:43:17" shape : ellipse }
node: { title: "__gnat_last_chance_handler" label: "gnat_last_chance_handler\n<built-in>" shape : ellipse }
node: { title: "simple_synthesizer___elabb" label: "Simple_Synthesizer\nD:\programming\ada_projects\Ada_Drivers_Library\middleware\src\audio\simple_synthesizer.adb:34:1\n8 bytes (static)" }
node: { title: "simple_synthesizer__receive" label: "Receive\nD:\programming\ada_projects\Ada_Drivers_Library\middleware\src\audio\simple_synthesizer.adb:76:15\n208 bytes (dynamic)" }
edge: { sourcename: "simple_synthesizer__receive" targetname: "D:\programming\ada_projects\Ada_Drivers_Library\middleware\src\audio\simple_synthesizer.adb:simple_synthesizer__receive__next_sample.4533" label: "D:\programming\ada_projects\Ada_Drivers_Library\middleware\src\audio\simple_synthesizer.adb:117:20" }
edge: { sourcename: "simple_synthesizer__receive" targetname: "__gnat_last_chance_handler" label: "D:\programming\ada_projects\Ada_Drivers_Library\middleware\src\audio\simple_synthesizer.adb:113:13" }
edge: { sourcename: "simple_synthesizer__receive" targetname: "__gnat_last_chance_handler" label: "D:\programming\ada_projects\Ada_Drivers_Library\middleware\src\audio\simple_synthesizer.adb:113:44" }
edge: { sourcename: "simple_synthesizer__receive" targetname: "__gnat_last_chance_handler" label: "D:\programming\ada_projects\Ada_Drivers_Library\middleware\src\audio\simple_synthesizer.adb:113:31" }
edge: { sourcename: "simple_synthesizer__receive" targetname: "__gnat_last_chance_handler" label: "D:\programming\ada_projects\Ada_Drivers_Library\middleware\src\audio\simple_synthesizer.adb:113:26" }
edge: { sourcename: "simple_synthesizer__receive" targetname: "__gnat_last_chance_handler" label: "D:\programming\ada_projects\Ada_Drivers_Library\middleware\src\audio\simple_synthesizer.adb:112:13" }
edge: { sourcename: "simple_synthesizer__receive" targetname: "__gnat_last_chance_handler" label: "D:\programming\ada_projects\Ada_Drivers_Library\middleware\src\audio\simple_synthesizer.adb:112:31" }
edge: { sourcename: "simple_synthesizer__receive" targetname: "__gnat_last_chance_handler" label: "D:\programming\ada_projects\Ada_Drivers_Library\middleware\src\audio\simple_synthesizer.adb:112:26" }
edge: { sourcename: "simple_synthesizer__receive" targetname: "D:\programming\ada_projects\Ada_Drivers_Library\middleware\src\audio\simple_synthesizer.adb:simple_synthesizer__receive__next_sample.4533" label: "D:\programming\ada_projects\Ada_Drivers_Library\middleware\src\audio\simple_synthesizer.adb:111:17" }
edge: { sourcename: "simple_synthesizer__receive" targetname: "__gnat_last_chance_handler" label: "D:\programming\ada_projects\Ada_Drivers_Library\middleware\src\audio\simple_synthesizer.adb:110:33" }
edge: { sourcename: "simple_synthesizer__receive" targetname: "__gnat_last_chance_handler" label: "D:\programming\ada_projects\Ada_Drivers_Library\middleware\src\audio\simple_synthesizer.adb:106:13" }
edge: { sourcename: "simple_synthesizer__receive" targetname: "__gnat_last_chance_handler" label: "D:\programming\ada_projects\Ada_Drivers_Library\middleware\src\audio\simple_synthesizer.adb:106:13" }
edge: { sourcename: "simple_synthesizer__receive" targetname: "memcpy" }
edge: { sourcename: "simple_synthesizer__receive" targetname: "__gnat_last_chance_handler" label: "D:\programming\ada_projects\Ada_Drivers_Library\middleware\src\audio\simple_synthesizer.adb:106:13" }
edge: { sourcename: "simple_synthesizer__receive" targetname: "__gnat_last_chance_handler" label: "D:\programming\ada_projects\Ada_Drivers_Library\middleware\src\audio\simple_synthesizer.adb:106:13" }
edge: { sourcename: "simple_synthesizer__receive" targetname: "__gnat_last_chance_handler" label: "D:\programming\ada_projects\Ada_Drivers_Library\middleware\src\audio\simple_synthesizer.adb:106:13" }
edge: { sourcename: "simple_synthesizer__receive" targetname: "__gnat_last_chance_handler" label: "D:\programming\ada_projects\Ada_Drivers_Library\middleware\src\audio\simple_synthesizer.adb:106:13" }
edge: { sourcename: "simple_synthesizer__receive" targetname: "__gnat_last_chance_handler" label: "D:\programming\ada_projects\Ada_Drivers_Library\middleware\src\audio\simple_synthesizer.adb:106:13" }
edge: { sourcename: "simple_synthesizer__receive" targetname: "__gnat_last_chance_handler" label: "D:\programming\ada_projects\Ada_Drivers_Library\middleware\src\audio\simple_synthesizer.adb:106:13" }
edge: { sourcename: "simple_synthesizer__receive" targetname: "__aeabi_fdiv" }
edge: { sourcename: "simple_synthesizer__receive" targetname: "__aeabi_fmul" }
edge: { sourcename: "simple_synthesizer__receive" targetname: "__aeabi_fdiv" }
edge: { sourcename: "simple_synthesizer__receive" targetname: "__aeabi_i2f" }
edge: { sourcename: "simple_synthesizer__receive" targetname: "__aeabi_l2f" }
edge: { sourcename: "simple_synthesizer__receive" targetname: "__gnat_last_chance_handler" label: "D:\programming\ada_projects\Ada_Drivers_Library\middleware\src\audio\simple_synthesizer.adb:76:15" }
node: { title: "D:\programming\ada_projects\Ada_Drivers_Library\middleware\src\audio\simple_synthesizer.adb:simple_synthesizer__receive__next_sample.4533" label: "Next_Sample\nD:\programming\ada_projects\Ada_Drivers_Library\middleware\src\audio\simple_synthesizer.adb:93:7\n24 bytes (static)" }
edge: { sourcename: "D:\programming\ada_projects\Ada_Drivers_Library\middleware\src\audio\simple_synthesizer.adb:simple_synthesizer__receive__next_sample.4533" targetname: "__aeabi_f2iz" }
edge: { sourcename: "D:\programming\ada_projects\Ada_Drivers_Library\middleware\src\audio\simple_synthesizer.adb:simple_synthesizer__receive__next_sample.4533" targetname: "__aeabi_fsub" }
edge: { sourcename: "D:\programming\ada_projects\Ada_Drivers_Library\middleware\src\audio\simple_synthesizer.adb:simple_synthesizer__receive__next_sample.4533" targetname: "__aeabi_fmul" }
edge: { sourcename: "D:\programming\ada_projects\Ada_Drivers_Library\middleware\src\audio\simple_synthesizer.adb:simple_synthesizer__receive__next_sample.4533" targetname: "__aeabi_f2iz" }
edge: { sourcename: "D:\programming\ada_projects\Ada_Drivers_Library\middleware\src\audio\simple_synthesizer.adb:simple_synthesizer__receive__next_sample.4533" targetname: "__aeabi_fadd" }
edge: { sourcename: "D:\programming\ada_projects\Ada_Drivers_Library\middleware\src\audio\simple_synthesizer.adb:simple_synthesizer__receive__next_sample.4533" targetname: "__aeabi_fmul" }
edge: { sourcename: "D:\programming\ada_projects\Ada_Drivers_Library\middleware\src\audio\simple_synthesizer.adb:simple_synthesizer__receive__next_sample.4533" targetname: "__aeabi_fcmpge" }
edge: { sourcename: "D:\programming\ada_projects\Ada_Drivers_Library\middleware\src\audio\simple_synthesizer.adb:simple_synthesizer__receive__next_sample.4533" targetname: "__aeabi_fmul" }
edge: { sourcename: "D:\programming\ada_projects\Ada_Drivers_Library\middleware\src\audio\simple_synthesizer.adb:simple_synthesizer__receive__next_sample.4533" targetname: "__gnat_last_chance_handler" label: "D:\programming\ada_projects\Ada_Drivers_Library\middleware\src\audio\simple_synthesizer.adb:99:46" }
edge: { sourcename: "D:\programming\ada_projects\Ada_Drivers_Library\middleware\src\audio\simple_synthesizer.adb:simple_synthesizer__receive__next_sample.4533" targetname: "__aeabi_fcmpge" }
edge: { sourcename: "D:\programming\ada_projects\Ada_Drivers_Library\middleware\src\audio\simple_synthesizer.adb:simple_synthesizer__receive__next_sample.4533" targetname: "__aeabi_fcmpun" }
edge: { sourcename: "D:\programming\ada_projects\Ada_Drivers_Library\middleware\src\audio\simple_synthesizer.adb:simple_synthesizer__receive__next_sample.4533" targetname: "__aeabi_fmul" }
edge: { sourcename: "D:\programming\ada_projects\Ada_Drivers_Library\middleware\src\audio\simple_synthesizer.adb:simple_synthesizer__receive__next_sample.4533" targetname: "__aeabi_fcmple" }
edge: { sourcename: "D:\programming\ada_projects\Ada_Drivers_Library\middleware\src\audio\simple_synthesizer.adb:simple_synthesizer__receive__next_sample.4533" targetname: "__aeabi_fcmpun" }
edge: { sourcename: "D:\programming\ada_projects\Ada_Drivers_Library\middleware\src\audio\simple_synthesizer.adb:simple_synthesizer__receive__next_sample.4533" targetname: "__aeabi_fmul" }
edge: { sourcename: "D:\programming\ada_projects\Ada_Drivers_Library\middleware\src\audio\simple_synthesizer.adb:simple_synthesizer__receive__next_sample.4533" targetname: "__aeabi_fcmpgt" }
edge: { sourcename: "D:\programming\ada_projects\Ada_Drivers_Library\middleware\src\audio\simple_synthesizer.adb:simple_synthesizer__receive__next_sample.4533" targetname: "__aeabi_fadd" }
node: { title: "simple_synthesizer__transmit" label: "Transmit\nD:\programming\ada_projects\Ada_Drivers_Library\middleware\src\audio\simple_synthesizer.adb:64:15\n112 bytes (dynamic)" }
edge: { sourcename: "simple_synthesizer__transmit" targetname: "__gnat_last_chance_handler" label: "D:\programming\ada_projects\Ada_Drivers_Library\middleware\src\audio\simple_synthesizer.adb:69:7" }
edge: { sourcename: "simple_synthesizer__transmit" targetname: "__gnat_last_chance_handler" label: "D:\programming\ada_projects\Ada_Drivers_Library\middleware\src\audio\simple_synthesizer.adb:69:7" }
edge: { sourcename: "simple_synthesizer__transmit" targetname: "memcpy" }
edge: { sourcename: "simple_synthesizer__transmit" targetname: "__gnat_last_chance_handler" label: "D:\programming\ada_projects\Ada_Drivers_Library\middleware\src\audio\simple_synthesizer.adb:69:7" }
edge: { sourcename: "simple_synthesizer__transmit" targetname: "__gnat_last_chance_handler" label: "D:\programming\ada_projects\Ada_Drivers_Library\middleware\src\audio\simple_synthesizer.adb:69:7" }
edge: { sourcename: "simple_synthesizer__transmit" targetname: "__gnat_last_chance_handler" label: "D:\programming\ada_projects\Ada_Drivers_Library\middleware\src\audio\simple_synthesizer.adb:69:7" }
edge: { sourcename: "simple_synthesizer__transmit" targetname: "__gnat_last_chance_handler" label: "D:\programming\ada_projects\Ada_Drivers_Library\middleware\src\audio\simple_synthesizer.adb:69:7" }
edge: { sourcename: "simple_synthesizer__transmit" targetname: "__gnat_last_chance_handler" label: "D:\programming\ada_projects\Ada_Drivers_Library\middleware\src\audio\simple_synthesizer.adb:69:7" }
edge: { sourcename: "simple_synthesizer__transmit" targetname: "__gnat_last_chance_handler" label: "D:\programming\ada_projects\Ada_Drivers_Library\middleware\src\audio\simple_synthesizer.adb:69:7" }
edge: { sourcename: "simple_synthesizer__transmit" targetname: "__gnat_last_chance_handler" label: "D:\programming\ada_projects\Ada_Drivers_Library\middleware\src\audio\simple_synthesizer.adb:64:15" }
node: { title: "simple_synthesizer__set_frequency" label: "Set_Frequency\nD:\programming\ada_projects\Ada_Drivers_Library\middleware\src\audio\simple_synthesizer.adb:52:15\n16 bytes (static)" }
edge: { sourcename: "simple_synthesizer__set_frequency" targetname: "__gnat_last_chance_handler" label: "D:\programming\ada_projects\Ada_Drivers_Library\middleware\src\audio\simple_synthesizer.adb:52:15" }
node: { title: "simple_synthesizer__set_note_frequency" label: "Set_Note_Frequency\nD:\programming\ada_projects\Ada_Drivers_Library\middleware\src\audio\simple_synthesizer.adb:40:4\n16 bytes (static)" }
edge: { sourcename: "simple_synthesizer__set_note_frequency" targetname: "__gnat_last_chance_handler" label: "D:\programming\ada_projects\Ada_Drivers_Library\middleware\src\audio\simple_synthesizer.adb:40:4" }
node: { title: "simple_synthesizer___size__2" label: "Simple_Synthesizer\nD:\programming\ada_projects\Ada_Drivers_Library\middleware\src\audio\simple_synthesizer.ads:58:9\n24 bytes (static)" }
node: { title: "simple_synthesizer__synthesizerIP" label: "Synthesizerip\nD:\programming\ada_projects\Ada_Drivers_Library\middleware\src\audio\simple_synthesizer.ads:58:9\n24 bytes (static)" }
}
